###############################################################################
#
# IAR ELF Linker V2.10.4.157 for STM8                     28/Jul/2017  17:17:20
# Copyright 2010-2015 IAR Systems AB.
#
#    Output file  =  
#        E:\SVN\Research\Personal\wangjinlong\SoftWare\Debug\Exe\DDH5269new.out
#    Map file     =  
#        E:\SVN\Research\Personal\wangjinlong\SoftWare\Debug\List\DDH5269new.map
#    Command line =  
#        E:\SVN\Research\Personal\wangjinlong\SoftWare\Debug\Obj\atomkernel.o
#        E:\SVN\Research\Personal\wangjinlong\SoftWare\Debug\Obj\atommutex.o
#        E:\SVN\Research\Personal\wangjinlong\SoftWare\Debug\Obj\atomport-asm-iar.o
#        E:\SVN\Research\Personal\wangjinlong\SoftWare\Debug\Obj\atomport.o
#        E:\SVN\Research\Personal\wangjinlong\SoftWare\Debug\Obj\atomqueue.o
#        E:\SVN\Research\Personal\wangjinlong\SoftWare\Debug\Obj\atomsem.o
#        E:\SVN\Research\Personal\wangjinlong\SoftWare\Debug\Obj\atomtimer.o
#        E:\SVN\Research\Personal\wangjinlong\SoftWare\Debug\Obj\Current.o
#        E:\SVN\Research\Personal\wangjinlong\SoftWare\Debug\Obj\FLASH.o
#        E:\SVN\Research\Personal\wangjinlong\SoftWare\Debug\Obj\GPRS.o
#        E:\SVN\Research\Personal\wangjinlong\SoftWare\Debug\Obj\IOCheck.o
#        E:\SVN\Research\Personal\wangjinlong\SoftWare\Debug\Obj\lcd.o
#        E:\SVN\Research\Personal\wangjinlong\SoftWare\Debug\Obj\LedBeepKey.o
#        E:\SVN\Research\Personal\wangjinlong\SoftWare\Debug\Obj\main.o
#        E:\SVN\Research\Personal\wangjinlong\SoftWare\Debug\Obj\MixChannel.o
#        E:\SVN\Research\Personal\wangjinlong\SoftWare\Debug\Obj\stm8l15x_adc.o
#        E:\SVN\Research\Personal\wangjinlong\SoftWare\Debug\Obj\stm8l15x_aes.o
#        E:\SVN\Research\Personal\wangjinlong\SoftWare\Debug\Obj\stm8l15x_beep.o
#        E:\SVN\Research\Personal\wangjinlong\SoftWare\Debug\Obj\stm8l15x_clk.o
#        E:\SVN\Research\Personal\wangjinlong\SoftWare\Debug\Obj\stm8l15x_comp.o
#        E:\SVN\Research\Personal\wangjinlong\SoftWare\Debug\Obj\stm8l15x_dac.o
#        E:\SVN\Research\Personal\wangjinlong\SoftWare\Debug\Obj\stm8l15x_dma.o
#        E:\SVN\Research\Personal\wangjinlong\SoftWare\Debug\Obj\stm8l15x_exti.o
#        E:\SVN\Research\Personal\wangjinlong\SoftWare\Debug\Obj\stm8l15x_flash.o
#        E:\SVN\Research\Personal\wangjinlong\SoftWare\Debug\Obj\stm8l15x_gpio.o
#        E:\SVN\Research\Personal\wangjinlong\SoftWare\Debug\Obj\stm8l15x_i2c.o
#        E:\SVN\Research\Personal\wangjinlong\SoftWare\Debug\Obj\stm8l15x_irtim.o
#        E:\SVN\Research\Personal\wangjinlong\SoftWare\Debug\Obj\stm8l15x_it.o
#        E:\SVN\Research\Personal\wangjinlong\SoftWare\Debug\Obj\stm8l15x_itc.o
#        E:\SVN\Research\Personal\wangjinlong\SoftWare\Debug\Obj\stm8l15x_iwdg.o
#        E:\SVN\Research\Personal\wangjinlong\SoftWare\Debug\Obj\stm8l15x_lcd.o
#        E:\SVN\Research\Personal\wangjinlong\SoftWare\Debug\Obj\stm8l15x_pwr.o
#        E:\SVN\Research\Personal\wangjinlong\SoftWare\Debug\Obj\stm8l15x_rst.o
#        E:\SVN\Research\Personal\wangjinlong\SoftWare\Debug\Obj\stm8l15x_rtc.o
#        E:\SVN\Research\Personal\wangjinlong\SoftWare\Debug\Obj\stm8l15x_spi.o
#        E:\SVN\Research\Personal\wangjinlong\SoftWare\Debug\Obj\stm8l15x_syscfg.o
#        E:\SVN\Research\Personal\wangjinlong\SoftWare\Debug\Obj\stm8l15x_tim1.o
#        E:\SVN\Research\Personal\wangjinlong\SoftWare\Debug\Obj\stm8l15x_tim2.o
#        E:\SVN\Research\Personal\wangjinlong\SoftWare\Debug\Obj\stm8l15x_tim3.o
#        E:\SVN\Research\Personal\wangjinlong\SoftWare\Debug\Obj\stm8l15x_tim4.o
#        E:\SVN\Research\Personal\wangjinlong\SoftWare\Debug\Obj\stm8l15x_tim5.o
#        E:\SVN\Research\Personal\wangjinlong\SoftWare\Debug\Obj\stm8l15x_usart.o
#        E:\SVN\Research\Personal\wangjinlong\SoftWare\Debug\Obj\stm8l15x_wfe.o
#        E:\SVN\Research\Personal\wangjinlong\SoftWare\Debug\Obj\stm8l15x_wwdg.o
#        E:\SVN\Research\Personal\wangjinlong\SoftWare\Debug\Obj\SysUsart.o
#        E:\SVN\Research\Personal\wangjinlong\SoftWare\Debug\Obj\uart.o
#        E:\SVN\Research\Personal\wangjinlong\SoftWare\Debug\Obj\Window.o
#        --redirect _Printf=_PrintfSmall --redirect _Scanf=_ScanfSmall -o
#        E:\SVN\Research\Personal\wangjinlong\SoftWare\Debug\Exe\DDH5269new.out
#        --map
#        E:\SVN\Research\Personal\wangjinlong\SoftWare\Debug\List\DDH5269new.map
#        --config "C:\Program Files (x86)\IAR Systems\Embedded Workbench
#        7.0_2\stm8\config\lnkstm8l052r8.icf" --config_def _CSTACK_SIZE=0x100
#        --config_def _HEAP_SIZE=0x100 --entry __iar_program_start --debug_lib
#
###############################################################################

*******************************************************************************
*** RUNTIME MODEL ATTRIBUTES
***

__SystemLibrary            = DLib
__code_model               = small
__core                     = stm8
__data_model               = medium
__dlib_file_descriptor     = 0
__dlib_full_locale_support = 0
__rt_version               = 4


*******************************************************************************
*** PLACEMENT SUMMARY
***

"A1":  place at start of [0x000000-0x0000ff] { rw section .vregs };
"A2":  place at end of [0x000000-0x000fff] { block CSTACK };
"P2":  place in [from 0x000000 to 0x000fff] {
          block HEAP, rw section __DLIB_PERTHREAD, rw section .far.bss,
          rw section .far.data, rw section .far.noinit,
          rw section .far_func.textrw, rw section .huge.bss,
          rw section .huge.data, rw section .huge.noinit,
          rw section .huge_func.textrw, rw section .iar.dynexit,
          rw section .near.bss, rw section .near.data, rw section .near.noinit,
          rw section .near_func.textrw };
"A3":  place at start of [0x008000-0x00ffff] { block INTVEC };
"P3":  place in [from 0x008000 to 0x00ffff] {
          ro section __DLIB_PERTHREAD_init, ro section .far.data_init,
          ro section .far_func.textrw_init, ro section .huge.data_init,
          ro section .huge_func.textrw_init, ro section .iar.init_table,
          ro section .init_array, ro section .near.data_init,
          ro section .near.rodata, ro section .near_func.text,
          ro section .near_func.textrw_init, ro section .tiny.data_init,
          ro section .tiny.rodata_init };

  Section            Kind      Address    Size  Object
  -------            ----      -------    ----  ------
"A1":                                     0x10
  .vregs             uninit   0x000000    0x10  vregs.o [4]
                            - 0x000010    0x10

"P2":                                    0xb22
  P2 s0                       0x000010   0x20b  <Init block>
    .near.data       inited   0x000010   0x100  GPRS.o [1]
    .near.data       inited   0x000110   0x100  GPRS.o [1]
    .near.data       inited   0x000210     0xa  MixChannel.o [1]
    .near.data       inited   0x00021a     0x1  LedBeepKey.o [1]
  .near.bss          zero     0x00021b   0x202  GPRS.o [1]
  .near.bss          zero     0x00041d   0x101  GPRS.o [1]
  .near.bss          zero     0x00051e   0x100  GPRS.o [1]
  .near.bss          zero     0x00061e   0x100  main.o [1]
  .near.bss          zero     0x00071e   0x100  MixChannel.o [1]
  .near.bss          zero     0x00081e    0x80  LedBeepKey.o [1]
  .near.bss          zero     0x00089e    0x80  main.o [1]
  .near.bss          zero     0x00091e    0x50  FLASH.o [1]
  .near.bss          zero     0x00096e    0x50  MixChannel.o [1]
  .near.bss          zero     0x0009be    0x34  FLASH.o [1]
  .near.bss          zero     0x0009f2    0x1a  GPRS.o [1]
  .near.bss          zero     0x000a0c    0x1a  main.o [1]
  .near.bss          zero     0x000a26    0x17  atomkernel.o [1]
  .near.bss          zero     0x000a3d    0x16  MixChannel.o [1]
  .near.bss          zero     0x000a53    0x14  main.o [1]
  .near.bss          zero     0x000a67    0x11  GPRS.o [1]
  .near.bss          zero     0x000a78    0x11  LedBeepKey.o [1]
  .near.bss          zero     0x000a89    0x11  main.o [1]
  .near.bss          zero     0x000a9a    0x11  MixChannel.o [1]
  .near.bss          zero     0x000aab    0x10  GPRS.o [1]
  .near.bss          zero     0x000abb    0x10  MixChannel.o [1]
  .near.bss          zero     0x000acb    0x10  MixChannel.o [1]
  .near.bss          zero     0x000adb     0xa  GPRS.o [1]
  .near.bss          zero     0x000ae5     0x6  MixChannel.o [1]
  .near.bss          zero     0x000aeb     0x6  Window.o [1]
  .near.bss          zero     0x000af1     0x5  main.o [1]
  .near.bss          zero     0x000af6     0x5  uart.o [1]
  .near.bss          zero     0x000afb     0x4  atomtimer.o [1]
  .near.bss          zero     0x000aff     0x4  MixChannel.o [1]
  .near.bss          zero     0x000b03     0x4  MixChannel.o [1]
  .near.bss          zero     0x000b07     0x4  MixChannel.o [1]
  .near.bss          zero     0x000b0b     0x4  MixChannel.o [1]
  .near.bss          zero     0x000b0f     0x3  GPRS.o [1]
  .near.bss          zero     0x000b12     0x3  MixChannel.o [1]
  .near.bss          zero     0x000b15     0x2  atomkernel.o [1]
  .near.bss          zero     0x000b17     0x2  atomkernel.o [1]
  .near.bss          zero     0x000b19     0x2  atomkernel.o [1]
  .near.bss          zero     0x000b1b     0x2  atomtimer.o [1]
  .near.bss          zero     0x000b1d     0x2  GPRS.o [1]
  .near.bss          zero     0x000b1f     0x1  atomkernel.o [1]
  .near.bss          zero     0x000b20     0x1  GPRS.o [1]
  .near.bss          zero     0x000b21     0x1  GPRS.o [1]
  .near.bss          zero     0x000b22     0x1  lcd.o [1]
  .near.bss          zero     0x000b23     0x1  lcd.o [1]
  .near.bss          zero     0x000b24     0x1  LedBeepKey.o [1]
  .near.bss          zero     0x000b25     0x1  LedBeepKey.o [1]
  .near.bss          zero     0x000b26     0x1  LedBeepKey.o [1]
  .near.bss          zero     0x000b27     0x1  main.o [1]
  .near.bss          zero     0x000b28     0x1  MixChannel.o [1]
  .near.bss          zero     0x000b29     0x1  MixChannel.o [1]
  .near.bss          zero     0x000b2a     0x1  Window.o [1]
  .near.bss          zero     0x000b2b     0x1  Window.o [1]
  .near.bss          zero     0x000b2c     0x1  Window.o [1]
  .near.bss          zero     0x000b2d     0x1  Window.o [1]
  .near.bss          zero     0x000b2e     0x1  Window.o [1]
  .near.bss          zero     0x000b2f     0x1  Window.o [1]
  .near.bss          zero     0x000b30     0x1  Window.o [1]
  .near.bss          zero     0x000b31     0x1  Window.o [1]
                            - 0x000b32   0xb22

"A2":                                    0x100
  CSTACK                      0x000f00   0x100  <Block>
    CSTACK           uninit   0x000f00   0x100  <Block tail>
                            - 0x001000   0x100

"A3":                                     0x80
  INTVEC                      0x008000    0x80  <Block>
    .intvec          const    0x008000    0x80  interrupt.o [4]
                            - 0x008080    0x80

"P3":                                   0x6d76
  .near_func.text    ro code  0x008080   0xc74  MixChannel.o [1]
  .near_func.text    ro code  0x008cf4   0x4f0  lcd.o [1]
  .near_func.text    ro code  0x0091e4   0x457  GPRS.o [1]
  .near_func.text    ro code  0x00963b   0x3e0  GPRS.o [1]
  .near_func.text    ro code  0x009a1b   0x39b  float.o [4]
  .near_func.text    ro code  0x009db6   0x391  xprintfsmall.o [4]
  .near_func.text    ro code  0x00a147   0x366  MixChannel.o [1]
  .near.rodata       const    0x00a4ad   0x2ac  MixChannel.o [1]
  .near_func.text    ro code  0x00a759   0x276  GPRS.o [1]
  .near_func.text    ro code  0x00a9cf   0x26d  LedBeepKey.o [1]
  .near_func.text    ro code  0x00ac3c   0x24b  MixChannel.o [1]
  .near_func.text    ro code  0x00ae87   0x1fe  MixChannel.o [1]
  .near_func.text    ro code  0x00b085   0x1db  GPRS.o [1]
  .near_func.text    ro code  0x00b260   0x1ce  long.o [4]
  .near_func.text    ro code  0x00b42e   0x1c2  GPRS.o [1]
  .near_func.text    ro code  0x00b5f0   0x1be  atomkernel.o [1]
  .near_func.text    ro code  0x00b7ae   0x17b  atomqueue.o [1]
  .near_func.text    ro code  0x00b929   0x173  atomqueue.o [1]
  .near_func.text    ro code  0x00ba9c   0x172  atommutex.o [1]
  .near_func.text    ro code  0x00bc0e   0x171  xprintfsmall.o [4]
  .near_func.text    ro code  0x00bd7f   0x170  lcd.o [1]
  .near_func.text    ro code  0x00beef   0x14f  vreg_util.o [4]
  .near_func.text    ro code  0x00c03e   0x131  atomsem.o [1]
  .near_func.text    ro code  0x00c16f    0xfd  atommutex.o [1]
  .near_func.text    ro code  0x00c26c    0xfd  GPRS.o [1]
  .near_func.text    ro code  0x00c369    0xe7  atomqueue.o [1]
  .near_func.text    ro code  0x00c450    0xe6  atomqueue.o [1]
  .near_func.text    ro code  0x00c536    0xe5  Window.o [1]
  .near_func.text    ro code  0x00c61b    0xd9  stm8l15x_usart.o [1]
  .near_func.text    ro code  0x00c6f4    0xd2  main.o [1]
  .near_func.text    ro code  0x00c7c6    0xcd  Window.o [1]
  .near_func.text    ro code  0x00c893    0xc0  FLASH.o [1]
  .near_func.text    ro code  0x00c953    0xbe  atomsem.o [1]
  .near_func.text    ro code  0x00ca11    0xb7  atomkernel.o [1]
  .near_func.text    ro code  0x00cac8    0xae  stm8l15x_gpio.o [1]
  .near_func.text    ro code  0x00cb76    0xa9  stm8l15x_usart.o [1]
  .near_func.text    ro code  0x00cc1f    0xa5  lcd.o [1]
  .near_func.text    ro code  0x00ccc4    0x9e  long_util.o [4]
  .near_func.text    ro code  0x00cd62    0x99  stm8l15x_tim1.o [1]
  .near_func.text    ro code  0x00cdfb    0x96  MixChannel.o [1]
  .near_func.text    ro code  0x00ce91    0x95  stm8l15x_usart.o [1]
  .near_func.text    ro code  0x00cf26    0x93  atomkernel.o [1]
  .near_func.text    ro code  0x00cfb9    0x90  atomtimer.o [1]
  .near_func.text    ro code  0x00d049    0x90  GPRS.o [1]
  .near_func.text    ro code  0x00d0d9    0x8c  atomqueue.o [1]
  .near_func.text    ro code  0x00d165    0x89  stm8l15x_clk.o [1]
  .near_func.text    ro code  0x00d1ee    0x88  lcd.o [1]
  .near_func.text    ro code  0x00d276    0x88  stm8l15x_adc.o [1]
  .near_func.text    ro code  0x00d2fe    0x87  stm8l15x_lcd.o [1]
  .near_func.text    ro code  0x00d385    0x87  Window.o [1]
  .near_func.text    ro code  0x00d40c    0x84  atomtimer.o [1]
  .near_func.text    ro code  0x00d490    0x81  stm8l15x_dma.o [1]
  .near.rodata       const    0x00d511    0x80  lcd.o [1]
  .near.rodata       const    0x00d591    0x80  lcd.o [1]
  .near_func.text    ro code  0x00d611    0x80  GPRS.o [1]
  .near_func.text    ro code  0x00d691    0x7a  stm8l15x_clk.o [1]
  .near_func.text    ro code  0x00d70b    0x73  main.o [1]
  .near_func.text    ro code  0x00d77e    0x6f  Window.o [1]
  .near_func.text    ro code  0x00d7ed    0x6e  MixChannel.o [1]
  .near_func.text    ro code  0x00d85b    0x6c  MixChannel.o [1]
  .near_func.text    ro code  0x00d8c7    0x66  LedBeepKey.o [1]
  .near_func.text    ro code  0x00d92d    0x65  stm8l15x_tim3.o [1]
  .near.rodata       const    0x00d992    0x62  MixChannel.o [1]
  .near_func.text    ro code  0x00d9f4    0x5b  GPRS.o [1]
  .near_func.text    ro code  0x00da4f    0x5a  atomtimer.o [1]
  .near_func.text    ro code  0x00daa9    0x59  atomkernel.o [1]
  .near_func.text    ro code  0x00db02    0x58  atomport-asm-iar.o [1]
  .near_func.text    ro code  0x00db5a    0x57  GPRS.o [1]
  .near_func.text    ro code  0x00dbb1    0x54  atomkernel.o [1]
  .near_func.text    ro code  0x00dc05    0x54  atomport.o [1]
  .near_func.text    ro code  0x00dc59    0x53  atommutex.o [1]
  .near_func.text    ro code  0x00dcac    0x53  atomqueue.o [1]
  .near_func.text    ro code  0x00dcff    0x53  atomsem.o [1]
  .near_func.text    ro code  0x00dd52    0x51  atomtimer.o [1]
  .near_func.text    ro code  0x00dda3    0x51  stm8l15x_dma.o [1]
  .near_func.text    ro code  0x00ddf4    0x4d  GPRS.o [1]
  .near_func.text    ro code  0x00de41    0x4b  stm8l15x_adc.o [1]
  .near_func.text    ro code  0x00de8c    0x4b  stm8l15x_adc.o [1]
  .near_func.text    ro code  0x00ded7    0x46  uart.o [1]
  .near_func.text    ro code  0x00df1d    0x45  lcd.o [1]
  .near_func.text    ro code  0x00df62    0x45  uart.o [1]
  .near_func.text    ro code  0x00dfa7    0x44  FLASH.o [1]
  .near_func.text    ro code  0x00dfeb    0x44  strstr.o [4]
  .near_func.text    ro code  0x00e02f    0x42  uart.o [1]
  .near_func.text    ro code  0x00e071    0x41  stm8l15x_clk.o [1]
  .near_func.text    ro code  0x00e0b2    0x40  stm8l15x_adc.o [1]
  .near_func.text    ro code  0x00e0f2    0x3f  xprintfsmall.o [4]
  .near_func.text    ro code  0x00e131    0x3e  stm8l15x_usart.o [1]
  .near_func.text    ro code  0x00e16f    0x3d  stm8l15x_dma.o [1]
  .near_func.text    ro code  0x00e1ac    0x3c  short.o [4]
  .near_func.text    ro code  0x00e1e8    0x38  main.o [1]
  .near_func.text    ro code  0x00e220    0x37  xprintfsmall.o [4]
  .near_func.text    ro code  0x00e257    0x35  xprintfsmall.o [4]
  .near_func.text    ro code  0x00e28c    0x2f  xprintfsmall.o [4]
  .near_func.text    ro code  0x00e2bb    0x2d  stm8l15x_tim1.o [1]
  .near_func.text    ro code  0x00e2e8    0x2b  GPRS.o [1]
  .near_func.text    ro code  0x00e313    0x2b  putchar.o [4]
  .near_func.text    ro code  0x00e33e    0x2a  stm8l15x_tim3.o [1]
  .near_func.text    ro code  0x00e368    0x29  stm8l15x_tim3.o [1]
  .near_func.text    ro code  0x00e391    0x28  atomtimer.o [1]
  .near_func.text    ro code  0x00e3b9    0x28  MixChannel.o [1]
  .near_func.text    ro code  0x00e3e1    0x28  init_small.o [4]
  .near_func.text    ro code  0x00e409    0x27  atomport.o [1]
  .near_func.text    ro code  0x00e430    0x27  MixChannel.o [1]
  .near_func.text    ro code  0x00e457    0x27  stm8l15x_syscfg.o [1]
  .near_func.text    ro code  0x00e47e    0x25  atomkernel.o [1]
  .near_func.text    ro code  0x00e4a3    0x25  stm8l15x_adc.o [1]
  .near_func.text    ro code  0x00e4c8    0x25  memcpy.o [4]
  .near_func.text    ro code  0x00e4ed    0x23  stm8l15x_it.o [1]
  .near_func.text    ro code  0x00e510    0x22  atomport.o [1]
  .near_func.text    ro code  0x00e532    0x22  stm8l15x_usart.o [1]
  .near_func.text    ro code  0x00e554    0x21  stm8l15x_adc.o [1]
  .near_func.text    ro code  0x00e575    0x21  stm8l15x_usart.o [1]
  .near_func.text    ro code  0x00e596    0x21  dc_util.o [4]
  .iar.init_table    const    0x00e5b7    0x12  - Linker created -
  .near_func.text    ro code  0x00e5c9    0x20  printf.o [4]
  .near_func.text    ro code  0x00e5e9    0x1f  stm8l15x_gpio.o [1]
  .near_func.text    ro code  0x00e608    0x1e  atommutex.o [1]
  .near_func.text    ro code  0x00e626    0x1e  init_small.o [4]
  .near_func.text    ro code  0x00e644    0x1d  xprintfsmall.o [4]
  .near.rodata       const    0x00e661    0x1a  main.o [1]
  .near_func.text    ro code  0x00e67b    0x1a  atomtimer.o [1]
  .near_func.text    ro code  0x00e695    0x19  GPRS.o [1]
  .near_func.text    ro code  0x00e6ae    0x19  MixChannel.o [1]
  .near_func.text    ro code  0x00e6c7    0x19  stm8l15x_flash.o [1]
  .near_func.text    ro code  0x00e6e0    0x19  xprout.o [4]
  .near.rodata       const    0x00e6f9    0x18  LedBeepKey.o [1]
  .near_func.text    ro code  0x00e711    0x17  init.o [4]
  .near.rodata       const    0x00e728    0x16  FLASH.o [1]
  .near.rodata       const    0x00e73e    0x16  main.o [1]
  .near.rodata       const    0x00e754    0x16  main.o [1]
  .near_func.text    ro code  0x00e76a    0x16  atomkernel.o [1]
  .near_func.text    ro code  0x00e780    0x16  main.o [1]
  .near.rodata       const    0x00e796    0x15  GPRS.o [1]
  .near.rodata       const    0x00e7ab    0x15  GPRS.o [1]
  .near_func.text    ro code  0x00e7c0    0x15  GPRS.o [1]
  .near_func.text    ro code  0x00e7d5    0x15  memset.o [4]
  .near_func.text    ro code  0x00e7ea    0x15  memchr.o [4]
  .near_func.text    ro code  0x00e7ff    0x15  strchr.o [4]
  .near.rodata       const    0x00e814    0x14  MixChannel.o [1]
  .near_func.text    ro code  0x00e828    0x14  stm8l15x_flash.o [1]
  .near_func.text    ro code  0x00e83c    0x14  __dbg_xxexit.o [3]
  .near_func.text    ro code  0x00e850    0x13  atomsem.o [1]
  .near_func.text    ro code  0x00e863    0x13  stm8l15x_lcd.o [1]
  .near_func.text    ro code  0x00e876    0x13  stm8l15x_lcd.o [1]
  .near_func.text    ro code  0x00e889    0x13  stm8l15x_lcd.o [1]
  .near_func.text    ro code  0x00e89c    0x13  stm8l15x_tim1.o [1]
  .near_func.text    ro code  0x00e8af    0x13  stm8l15x_tim3.o [1]
  .near_func.text    ro code  0x00e8c2    0x13  cstartup.o [4]
  .near_func.text    ro code  0x00e8d5    0x12  Window.o [1]
  .near_func.text    ro code  0x00e8e7    0x12  Window.o [1]
  .near_func.text    ro code  0x00e8f9    0x12  Window.o [1]
  .near_func.text    ro code  0x00e90b    0x12  strlen.o [4]
  .near.rodata       const    0x00e91d    0x11  GPRS.o [1]
  .near.rodata       const    0x00e92e    0x10  GPRS.o [1]
  .near_func.text    ro code  0x00e93e    0x10  xprintfsmall.o [4]
  .near.rodata       const    0x00e94e     0xf  GPRS.o [1]
  .near.rodata       const    0x00e95d     0xf  GPRS.o [1]
  .near.rodata       const    0x00e96c     0xf  GPRS.o [1]
  .near_func.text    ro code  0x00e97b     0xf  stm8l15x_tim3.o [1]
  .near.rodata       const    0x00e98a     0xe  GPRS.o [1]
  .near.rodata       const    0x00e998     0xd  GPRS.o [1]
  .near.rodata       const    0x00e9a5     0xd  GPRS.o [1]
  .near.rodata       const    0x00e9b2     0xd  GPRS.o [1]
  .near_func.text    ro code  0x00e9bf     0xd  stm8l15x_adc.o [1]
  .near_func.text    ro code  0x00e9cc     0xd  stm8l15x_adc.o [1]
  .near_func.text    ro code  0x00e9d9     0xd  stm8l15x_clk.o [1]
  .near_func.text    ro code  0x00e9e6     0xd  stm8l15x_clk.o [1]
  .near_func.text    ro code  0x00e9f3     0xd  stm8l15x_dma.o [1]
  .near_func.text    ro code  0x00ea00     0xd  stm8l15x_dma.o [1]
  .near_func.text    ro code  0x00ea0d     0xd  stm8l15x_lcd.o [1]
  .near_func.text    ro code  0x00ea1a     0xd  stm8l15x_tim1.o [1]
  .near_func.text    ro code  0x00ea27     0xd  stm8l15x_tim3.o [1]
  .near_func.text    ro code  0x00ea34     0xd  stm8l15x_tim3.o [1]
  .near_func.text    ro code  0x00ea41     0xd  stm8l15x_tim3.o [1]
  .near_func.text    ro code  0x00ea4e     0xd  move.o [4]
  .near.rodata       const    0x00ea5b     0xc  GPRS.o [1]
  .near_func.text    ro code  0x00ea67     0xc  atomkernel.o [1]
  .near_func.text    ro code  0x00ea73     0xc  atomsem.o [1]
  .near.rodata       const    0x00ea7f     0xb  GPRS.o [1]
  .near.rodata       const    0x00ea8a     0xb  GPRS.o [1]
  .near.rodata       const    0x00ea95     0xb  GPRS.o [1]
  .near_func.text    ro code  0x00eaa0     0xb  stm8l15x_dma.o [1]
  .near_func.text    ro code  0x00eaab     0xb  stm8l15x_flash.o [1]
  .near_func.text    ro code  0x00eab6     0xb  xprintfsmall.o [4]
  .near.rodata       const    0x00eac1     0xa  GPRS.o [1]
  .near.rodata       const    0x00eacb     0xa  GPRS.o [1]
  .near.rodata       const    0x00ead5     0xa  GPRS.o [1]
  .near_func.text    ro code  0x00eadf     0xa  stm8l15x_clk.o [1]
  .near_func.text    ro code  0x00eae9     0xa  xprintfsmall.o [4]
  .near.rodata       const    0x00eaf3     0x9  GPRS.o [1]
  .near_func.text    ro code  0x00eafc     0x9  stm8l15x_lcd.o [1]
  .near_func.text    ro code  0x00eb05     0x9  xprintfsmall.o [4]
  .near_func.text    ro code  0x00eb0e     0x9  xprintfsmall.o [4]
  .near.rodata       const    0x00eb17     0x8  GPRS.o [1]
  .near.rodata       const    0x00eb1f     0x8  GPRS.o [1]
  .near.rodata       const    0x00eb27     0x8  lcd.o [1]
  .near.rodata       const    0x00eb2f     0x8  lcd.o [1]
  .near.rodata       const    0x00eb37     0x8  lcd.o [1]
  .near.rodata       const    0x00eb3f     0x7  GPRS.o [1]
  .near.rodata       const    0x00eb46     0x7  xprintfsmall.o [4]
  .near_func.text    ro code  0x00eb4d     0x7  stm8l15x_flash.o [1]
  .near_func.text    ro code  0x00eb54     0x7  stm8l15x_tim3.o [1]
  .near_func.text    ro code  0x00eb5b     0x7  xprintfsmall.o [4]
  .near.rodata       const    0x00eb62     0x6  GPRS.o [1]
  .near.rodata       const    0x00eb68     0x6  GPRS.o [1]
  .near.rodata       const    0x00eb6e     0x6  lcd.o [1]
  .near_func.text    ro code  0x00eb74     0x6  xprintfsmall.o [4]
  .near.rodata       const    0x00eb7a     0x5  stm8l15x_clk.o [1]
  .near_func.text    ro code  0x00eb7f     0x5  stm8l15x_adc.o [1]
  .near_func.text    ro code  0x00eb84     0x5  stm8l15x_tim1.o [1]
  .near_func.text    ro code  0x00eb89     0x5  stm8l15x_usart.o [1]
  .near_func.text    ro code  0x00eb8e     0x5  stm8l15x_usart.o [1]
  .near_func.text    ro code  0x00eb93     0x5  stm8l15x_wwdg.o [1]
  .near_func.text    ro code  0x00eb98     0x5  char.o [4]
  .near_func.text    ro code  0x00eb9d     0x5  cexit.o [4]
  .near_func.text    ro code  0x00eba2     0x4  stm8l15x_clk.o [1]
  .near_func.text    ro code  0x00eba6     0x4  stm8l15x_clk.o [1]
  .near_func.text    ro code  0x00ebaa     0x4  stm8l15x_gpio.o [1]
  .near.rodata       const    0x00ebae     0x3  GPRS.o [1]
  .near_func.text    ro code  0x00ebb1     0x3  GPRS.o [1]
  .near_func.text    ro code  0x00ebb4     0x3  stm8l15x_gpio.o [1]
  .near_func.text    ro code  0x00ebb7     0x3  stm8l15x_gpio.o [1]
  .near_func.text    ro code  0x00ebba     0x3  stm8l15x_gpio.o [1]
  .near_func.text    ro code  0x00ebbd     0x3  stm8l15x_usart.o [1]
  .near_func.text    ro code  0x00ebc0     0x3  stm8l15x_usart.o [1]
  .near_func.text    ro code  0x00ebc3     0x3  interrupt.o [4]
  .near_func.text    ro code  0x00ebc6     0x3  low_level_init.o [4]
  .near_func.text    ro code  0x00ebc9     0x3  exit.o [4]
  .near_func.text    ro code  0x00ebcc     0x3  unhandled_exception.o [4]
  .near_func.text    ro code  0x00ebcf     0x2  atomkernel.o [1]
  .near_func.text    ro code  0x00ebd1     0x1  stm8l15x_it.o [1]
  .near_func.text    ro code  0x00ebd2     0x1  stm8l15x_it.o [1]
  .near_func.text    ro code  0x00ebd3     0x1  stm8l15x_it.o [1]
  .near_func.text    ro code  0x00ebd4     0x1  stm8l15x_it.o [1]
  .near_func.text    ro code  0x00ebd5     0x1  stm8l15x_it.o [1]
  .near_func.text    ro code  0x00ebd6     0x1  stm8l15x_it.o [1]
  .near_func.text    ro code  0x00ebd7     0x1  stm8l15x_it.o [1]
  .near_func.text    ro code  0x00ebd8     0x1  stm8l15x_it.o [1]
  .near_func.text    ro code  0x00ebd9     0x1  stm8l15x_it.o [1]
  .near_func.text    ro code  0x00ebda     0x1  stm8l15x_it.o [1]
  .near_func.text    ro code  0x00ebdb     0x1  stm8l15x_it.o [1]
  .near_func.text    ro code  0x00ebdc     0x1  stm8l15x_it.o [1]
  .near_func.text    ro code  0x00ebdd     0x1  stm8l15x_it.o [1]
  .near_func.text    ro code  0x00ebde     0x1  stm8l15x_it.o [1]
  .near_func.text    ro code  0x00ebdf     0x1  stm8l15x_it.o [1]
  .near_func.text    ro code  0x00ebe0     0x1  stm8l15x_it.o [1]
  .near_func.text    ro code  0x00ebe1     0x1  stm8l15x_it.o [1]
  .near_func.text    ro code  0x00ebe2     0x1  stm8l15x_it.o [1]
  .near_func.text    ro code  0x00ebe3     0x1  stm8l15x_it.o [1]
  .near_func.text    ro code  0x00ebe4     0x1  stm8l15x_it.o [1]
  .near_func.text    ro code  0x00ebe5     0x1  stm8l15x_it.o [1]
  .near_func.text    ro code  0x00ebe6     0x1  stm8l15x_it.o [1]
  .near_func.text    ro code  0x00ebe7     0x1  stm8l15x_it.o [1]
  .near_func.text    ro code  0x00ebe8     0x1  stm8l15x_it.o [1]
  .near_func.text    ro code  0x00ebe9     0x1  stm8l15x_it.o [1]
  .near_func.text    ro code  0x00ebea     0x1  __dbg_break.o [3]
  Initializer bytes  const    0x00ebeb   0x20b  <for P2 s0>
                            - 0x00edf6  0x6d76


*******************************************************************************
*** INIT TABLE
***

          Address   Size
          -------   ----
Zero (__iar_zero_init2)
    1 destination range, total size 0x917:
          0x00021b  0x917

Copy (__iar_copy_init2)
    1 source range, total size 0x20b:
          0x00ebeb  0x20b
    1 destination range, total size 0x20b:
          0x000010  0x20b



*******************************************************************************
*** MODULE SUMMARY
***

    Module                 ro code  ro data  rw data
    ------                 -------  -------  -------
E:\SVN\Research\Personal\wangjinlong\SoftWare\Debug\Obj: [1]
    FLASH.o                    260       22      132
    GPRS.o                   4 530      807    1 615
    LedBeepKey.o               723       25      149
    MixChannel.o             5 627      812      444
    Window.o                   734                14
    atomkernel.o             1 022                30
    atommutex.o                736
    atomport-asm-iar.o          88
    atomport.o                 157
    atomqueue.o              1 434
    atomsem.o                  609
    atomtimer.o                513                 6
    lcd.o                    2 002      286        2
    main.o                     403       70      453
    stm8l15x_adc.o             451
    stm8l15x_clk.o             368        5
    stm8l15x_dma.o             308
    stm8l15x_flash.o            63
    stm8l15x_gpio.o            218
    stm8l15x_it.o               60
    stm8l15x_lcd.o             214
    stm8l15x_syscfg.o           39
    stm8l15x_tim1.o            235
    stm8l15x_tim3.o            264
    stm8l15x_usart.o           680
    stm8l15x_wwdg.o              5
    uart.o                     205                 5
    ------------------------------------------------
    Total:                  21 948    2 027    2 850

command line: [2]
    ------------------------------------------------
    Total:

dbgstm8smd.a: [3]
    __dbg_break.o                1
    __dbg_xxexit.o              20
    ------------------------------------------------
    Total:                      21

dlstm8smn.a: [4]
    cexit.o                      5
    char.o                       5
    cstartup.o                  19
    dc_util.o                   33
    exit.o                       3
    float.o                    923
    init.o                      23
    init_small.o                70
    interrupt.o                  3      128
    long.o                     462
    long_util.o                158
    low_level_init.o             3
    memchr.o                    21
    memcpy.o                    37
    memset.o                    21
    move.o                      13
    printf.o                    32
    putchar.o                   43
    short.o                     60
    strchr.o                    21
    strlen.o                    18
    strstr.o                    68
    unhandled_exception.o        3
    vreg_util.o                335
    vregs.o                                       16
    xprintfsmall.o           1 597        7
    xprout.o                    25
    ------------------------------------------------
    Total:                   4 001      135       16

    Linker created                       18      256
----------------------------------------------------
    Grand Total:            25 970    2 180    3 122


*******************************************************************************
*** ENTRY LIST
***

Entry                    Address   Size  Type      Object
-----                    -------   ----  ----      ------
.iar.init_table$$Base   0x00e5b7          --   Gb  - Linker created -
.iar.init_table$$Limit  0x00e5c9          --   Gb  - Linker created -
?add32_l0_l0_0x         0x00b2a1         Code  Gb  long.o [4]
?and32_l0_l0_0x         0x00b3e9         Code  Gb  long.o [4]
?and32_l0_l0_l1         0x00b3e6         Code  Gb  long.o [4]
?b0                     0x000000         Data  Gb  vregs.o [4]
?b1                     0x000001         Data  Gb  vregs.o [4]
?b10                    0x00000a         Data  Gb  vregs.o [4]
?b11                    0x00000b         Data  Gb  vregs.o [4]
?b12                    0x00000c         Data  Gb  vregs.o [4]
?b13                    0x00000d         Data  Gb  vregs.o [4]
?b14                    0x00000e         Data  Gb  vregs.o [4]
?b15                    0x00000f         Data  Gb  vregs.o [4]
?b2                     0x000002         Data  Gb  vregs.o [4]
?b3                     0x000003         Data  Gb  vregs.o [4]
?b4                     0x000004         Data  Gb  vregs.o [4]
?b5                     0x000005         Data  Gb  vregs.o [4]
?b6                     0x000006         Data  Gb  vregs.o [4]
?b7                     0x000007         Data  Gb  vregs.o [4]
?b8                     0x000008         Data  Gb  vregs.o [4]
?b9                     0x000009         Data  Gb  vregs.o [4]
?dc32_l0                0x00e59d         Code  Gb  dc_util.o [4]
?dc32_l1                0x00e5aa         Code  Gb  dc_util.o [4]
?dc8_px                 0x00e596         Code  Gb  dc_util.o [4]
?dec32_0x_0x            0x00b28d         Code  Gb  long.o [4]
?dec32_l0_l0            0x00b283         Code  Gb  long.o [4]
?dec32_l3_l3            0x00b288         Code  Gb  long.o [4]
?e0                     0x000001         Data  Gb  vregs.o [4]
?e1                     0x000005         Data  Gb  vregs.o [4]
?e2                     0x000009         Data  Gb  vregs.o [4]
?e3                     0x00000d         Data  Gb  vregs.o [4]
?epilogue_l2            0x00bf94         Code  Gb  vreg_util.o [4]
?epilogue_l2_l3         0x00bf91         Code  Gb  vreg_util.o [4]
?epilogue_l2_w6         0x00bf98         Code  Gb  vreg_util.o [4]
?epilogue_w4            0x00bf9f         Code  Gb  vreg_util.o [4]
?fadd32_l0_l0_0x        0x009a43         Code  Gb  float.o [4]
?fadd32_l0_l0_l1        0x009a46         Code  Gb  float.o [4]
?fcastf32u16_l0_x       0x009c6a         Code  Gb  float.o [4]
?fcasts16f32_x_l0       0x009c88         Code  Gb  float.o [4]
?fdiv32_l0_dc32_l1      0x009bb7         Code  Gb  float.o [4]
?fdiv32_l0_l0_l1        0x009bbc         Code  Gb  float.o [4]
?fmul32_l0_l0_0x        0x009b19         Code  Gb  float.o [4]
?fmul32_l0_l0_dc32      0x009b14         Code  Gb  float.o [4]
?fmul32_l0_l0_l1        0x009b1c         Code  Gb  float.o [4]
?fsub32_l0_dc32_l1      0x009a38         Code  Gb  float.o [4]
?fsub32_l0_l0_l1        0x009a3d         Code  Gb  float.o [4]
?inc32_0x_0x            0x00b275         Code  Gb  long.o [4]
?inc32_l0_l0            0x00b270         Code  Gb  long.o [4]
?l0                     0x000000         Data  Gb  vregs.o [4]
?l1                     0x000004         Data  Gb  vregs.o [4]
?l2                     0x000008         Data  Gb  vregs.o [4]
?l3                     0x00000c         Data  Gb  vregs.o [4]
?load32_0x_l0           0x00cd19         Code  Gb  long_util.o [4]
?load32_0x_l1           0x00cd27         Code  Gb  long_util.o [4]
?load32_0x_l2           0x00cd46         Code  Gb  long_util.o [4]
?load32_0x_l3           0x00cd54         Code  Gb  long_util.o [4]
?load32_asp_l0          0x00cd0d         Code  Gb  long_util.o [4]
?load32_asp_l2          0x00cd3a         Code  Gb  long_util.o [4]
?load32_dbsp_l0         0x00cd08         Code  Gb  long_util.o [4]
?load32_dbsp_l2         0x00cd35         Code  Gb  long_util.o [4]
?load32_l0_0x           0x00ccd4         Code  Gb  long_util.o [4]
?load32_l0_asp          0x00ccc9         Code  Gb  long_util.o [4]
?load32_l0_dbsp         0x00ccc4         Code  Gb  long_util.o [4]
?load32_l0_xsp          0x00cccb         Code  Gb  long_util.o [4]
?load32_l1_0x           0x00cce0         Code  Gb  long_util.o [4]
?load32_l3_0x           0x00ccfc         Code  Gb  long_util.o [4]
?load32_l3_asp          0x00ccf1         Code  Gb  long_util.o [4]
?load32_l3_dbsp         0x00ccec         Code  Gb  long_util.o [4]
?load32_l3_xsp          0x00ccf3         Code  Gb  long_util.o [4]
?load32_xsp_l0          0x00cd0f         Code  Gb  long_util.o [4]
?load32_xsp_l2          0x00cd3c         Code  Gb  long_util.o [4]
?mov_e0_e1              0x00bff3         Code  Gb  vreg_util.o [4]
?mov_e0_e2              0x00c000         Code  Gb  vreg_util.o [4]
?mov_e1_e0              0x00c00d         Code  Gb  vreg_util.o [4]
?mov_e1_e3              0x00c01a         Code  Gb  vreg_util.o [4]
?mov_e2_e0              0x00c027         Code  Gb  vreg_util.o [4]
?mov_e3_e0              0x00c034         Code  Gb  vreg_util.o [4]
?mov_l0_l1              0x00bff0         Code  Gb  vreg_util.o [4]
?mov_l0_l2              0x00bffd         Code  Gb  vreg_util.o [4]
?mov_l1_l0              0x00c00a         Code  Gb  vreg_util.o [4]
?mov_l1_l3              0x00c017         Code  Gb  vreg_util.o [4]
?mov_l2_l0              0x00c024         Code  Gb  vreg_util.o [4]
?mov_l3_l0              0x00c031         Code  Gb  vreg_util.o [4]
?mov_w0_w2              0x00bfa3         Code  Gb  vreg_util.o [4]
?mov_w0_w3              0x00bfaa         Code  Gb  vreg_util.o [4]
?mov_w0_w5              0x00bfb1         Code  Gb  vreg_util.o [4]
?mov_w1_w0              0x00bfb8         Code  Gb  vreg_util.o [4]
?mov_w1_w3              0x00bff6         Code  Gb  vreg_util.o [4]
?mov_w1_w5              0x00c003         Code  Gb  vreg_util.o [4]
?mov_w2_w0              0x00bfbf         Code  Gb  vreg_util.o [4]
?mov_w2_w1              0x00bfc6         Code  Gb  vreg_util.o [4]
?mov_w3_w1              0x00c010         Code  Gb  vreg_util.o [4]
?mov_w3_w7              0x00c01d         Code  Gb  vreg_util.o [4]
?mov_w4_w0              0x00bfcd         Code  Gb  vreg_util.o [4]
?mov_w4_w1              0x00bfd4         Code  Gb  vreg_util.o [4]
?mov_w5_w0              0x00bfdb         Code  Gb  vreg_util.o [4]
?mov_w5_w1              0x00c02a         Code  Gb  vreg_util.o [4]
?mov_w5_w2              0x00bfe2         Code  Gb  vreg_util.o [4]
?mov_w5_w4              0x00bfe9         Code  Gb  vreg_util.o [4]
?mov_w7_w1              0x00c037         Code  Gb  vreg_util.o [4]
?move1616_v_x_y_a       0x00ea4e         Code  Gb  move.o [4]
?mul16_x_x_w0           0x00e1ac         Code  Gb  short.o [4]
?mul32_l0_l0_0x         0x00b2d4         Code  Gb  long.o [4]
?mul32_l0_l0_l1         0x00b2dd         Code  Gb  long.o [4]
?neg32_l0_l0            0x00b260         Code  Gb  long.o [4]
?pop_l0                 0x00bf5d         Code  Gb  vreg_util.o [4]
?pop_l1                 0x00bf68         Code  Gb  vreg_util.o [4]
?pop_l2                 0x00bf73         Code  Gb  vreg_util.o [4]
?pop_l3                 0x00bf7e         Code  Gb  vreg_util.o [4]
?pop_w4                 0x00bf16         Code  Gb  vreg_util.o [4]
?pop_w6                 0x00bf1d         Code  Gb  vreg_util.o [4]
?push_l0                0x00bf2c         Code  Gb  vreg_util.o [4]
?push_l1                0x00bf31         Code  Gb  vreg_util.o [4]
?push_l2                0x00bf36         Code  Gb  vreg_util.o [4]
?push_l3                0x00bf3b         Code  Gb  vreg_util.o [4]
?push_w0                0x00beef         Code  Gb  vreg_util.o [4]
?push_w1                0x00bef4         Code  Gb  vreg_util.o [4]
?push_w4                0x00bef9         Code  Gb  vreg_util.o [4]
?push_w6                0x00befe         Code  Gb  vreg_util.o [4]
?sext32_l0_a            0x00b421         Code  Gb  long.o [4]
?sext32_l0_x            0x00b416         Code  Gb  long.o [4]
?sll16_x_x_a            0x00e1ca         Code  Gb  short.o [4]
?sll8_a_a_5             0x00eb98         Code  Gb  char.o [4]
?sra16_x_x_4            0x00e1e3         Code  Gb  short.o [4]
?sra16_x_x_5            0x00e1e2         Code  Gb  short.o [4]
?sra16_x_x_6            0x00e1e1         Code  Gb  short.o [4]
?sra16_x_x_7            0x00e1e0         Code  Gb  short.o [4]
?sra16_x_x_8            0x00e1df         Code  Gb  short.o [4]
?srl16_x_x_10           0x00e1d4         Code  Gb  short.o [4]
?srl16_x_x_11           0x00e1d3         Code  Gb  short.o [4]
?srl16_x_x_12           0x00e1d2         Code  Gb  short.o [4]
?srl16_x_x_4            0x00e1da         Code  Gb  short.o [4]
?srl16_x_x_5            0x00e1d9         Code  Gb  short.o [4]
?srl16_x_x_6            0x00e1d8         Code  Gb  short.o [4]
?srl16_x_x_7            0x00e1d7         Code  Gb  short.o [4]
?srl16_x_x_8            0x00e1d6         Code  Gb  short.o [4]
?srl16_x_x_9            0x00e1d5         Code  Gb  short.o [4]
?srl32_0x_0x_a          0x00b408         Code  Gb  long.o [4]
?srl32_l0_l0_a          0x00b405         Code  Gb  long.o [4]
?srl32_l0_l0_db         0x00b401         Code  Gb  long.o [4]
?sub32_l0_l0_0x         0x00b2bc         Code  Gb  long.o [4]
?sub32_l0_l0_l1         0x00b2b9         Code  Gb  long.o [4]
?ucmp32_c_l0_0x         0x00b3cb         Code  Gb  long.o [4]
?ucmp32_c_l0_l1         0x00b3db         Code  Gb  long.o [4]
?udiv32_l0_l0_dl        0x00b35b         Code  Gb  long.o [4]
?udiv32_l0_l0_l1        0x00b35e         Code  Gb  long.o [4]
?umod32_l1_l0_l1        0x00b35e         Code  Gb  long.o [4]
?w0                     0x000000         Data  Gb  vregs.o [4]
?w1                     0x000002         Data  Gb  vregs.o [4]
?w2                     0x000004         Data  Gb  vregs.o [4]
?w3                     0x000006         Data  Gb  vregs.o [4]
?w4                     0x000008         Data  Gb  vregs.o [4]
?w5                     0x00000a         Data  Gb  vregs.o [4]
?w6                     0x00000c         Data  Gb  vregs.o [4]
?w7                     0x00000e         Data  Gb  vregs.o [4]
ADC1_COMP_IRQHandler    0x00ebe2    0x1  Code  Gb  stm8l15x_it.o [1]
ADCTask                 0x008080  0xc74  Code  Lc  MixChannel.o [1]
ADC_ChannelCmd          0x00de41   0x4b  Code  Gb  stm8l15x_adc.o [1]
ADC_Cmd                 0x00e9bf    0xd  Code  Gb  stm8l15x_adc.o [1]
ADC_ConvertedValue      0x000a3d   0x16  Data  Gb  MixChannel.o [1]
ADC_DMACmd              0x00e554   0x21  Code  Gb  stm8l15x_adc.o [1]
ADC_DeInit              0x00d276   0x88  Code  Gb  stm8l15x_adc.o [1]
ADC_Init                0x00e4a3   0x25  Code  Gb  stm8l15x_adc.o [1]
ADC_SamplingTimeConfig  0x00e0b2   0x40  Code  Gb  stm8l15x_adc.o [1]
ADC_SchmittTriggerConfig
                        0x00de8c   0x4b  Code  Gb  stm8l15x_adc.o [1]
ADC_SoftwareStartConv   0x00eb7f    0x5  Code  Gb  stm8l15x_adc.o [1]
ADC_TimerStart          0x00cdfb   0x96  Code  Lc  MixChannel.o [1]
ADC_TimerStop           0x00e6ae   0x19  Code  Lc  MixChannel.o [1]
ADC_VrefintCmd          0x00e9cc    0xd  Code  Gb  stm8l15x_adc.o [1]
AT_Answer               0x000b20    0x1  Data  Gb  GPRS.o [1]
AdChannel               0x000210    0xa  Data  Gb  MixChannel.o [1]
AdcFunChange            0x00d7ed   0x6e  Code  Lc  MixChannel.o [1]
AdcInit                 0x00ac3c  0x24b  Code  Gb  MixChannel.o [1]
AdcState                0x000ae5    0x6  Data  Gb  MixChannel.o [1]
AdcTask_Tcb             0x000a9a   0x11  Data  Lc  MixChannel.o [1]
Adc_thread_stack        0x00071e  0x100  Data  Lc  MixChannel.o [1]
AnswerServer            0x00a759  0x276  Code  Gb  GPRS.o [1]
ArrayCount              0x000b28    0x1  Data  Lc  MixChannel.o [1]
BackLight               0x00aae9   0x13  Code  Gb  LedBeepKey.o [1]
BitRam                  0x000aeb    0x6  Data  Gb  Window.o [1]
BlinkFlag               0x000b2a    0x1  Data  Gb  Window.o [1]
CLK_DeInit              0x00e071   0x41  Code  Gb  stm8l15x_clk.o [1]
CLK_GetClockFreq        0x00d691   0x7a  Code  Gb  stm8l15x_clk.o [1]
CLK_HSICmd              0x00e9d9    0xd  Code  Gb  stm8l15x_clk.o [1]
CLK_PeripheralClockConfig
                        0x00d165   0x89  Code  Gb  stm8l15x_clk.o [1]
CLK_RTCClockConfig      0x00eadf    0xa  Code  Gb  stm8l15x_clk.o [1]
CLK_SYSCLKDivConfig     0x00eba6    0x4  Code  Gb  stm8l15x_clk.o [1]
CLK_SYSCLKSourceConfig  0x00eba2    0x4  Code  Gb  stm8l15x_clk.o [1]
CLK_SYSCLKSourceSwitchCmd
                        0x00e9e6    0xd  Code  Gb  stm8l15x_clk.o [1]
CRC16                   0x00ddf4   0x4d  Code  Gb  GPRS.o [1]
CSTACK$$Base            0x000f00          --   Gb  - Linker created -
CSTACK$$Limit           0x001000          --   Gb  - Linker created -
ConnectFailProcess      0x00d611   0x80  Code  Lc  GPRS.o [1]
CurrentWindow           0x000b22    0x1  Data  Gb  lcd.o [1]
Current_B               0x000b0b    0x4  Data  Gb  MixChannel.o [1]
Current_K               0x000b07    0x4  Data  Gb  MixChannel.o [1]
DMA1_CHANNEL0_1_IRQHandler
                        0x00e430   0x27  Code  Gb  MixChannel.o [1]
DMA1_CHANNEL2_3_IRQHandler
                        0x00ebd3    0x1  Code  Gb  stm8l15x_it.o [1]
DMA_ClearITPendingBit   0x00e16f   0x3d  Code  Gb  stm8l15x_dma.o [1]
DMA_Cmd                 0x00ea00    0xd  Code  Gb  stm8l15x_dma.o [1]
DMA_GetITStatus         0x00dda3   0x51  Code  Gb  stm8l15x_dma.o [1]
DMA_GlobalCmd           0x00e9f3    0xd  Code  Gb  stm8l15x_dma.o [1]
DMA_ITConfig            0x00eaa0    0xb  Code  Gb  stm8l15x_dma.o [1]
DMA_Init                0x00d490   0x81  Code  Gb  stm8l15x_dma.o [1]
EXTI0_IRQHandler        0x00ebd8    0x1  Code  Gb  stm8l15x_it.o [1]
EXTI1_IRQHandler        0x00ebd9    0x1  Code  Gb  stm8l15x_it.o [1]
EXTI2_IRQHandler        0x00ebda    0x1  Code  Gb  stm8l15x_it.o [1]
EXTI3_IRQHandler        0x00ebdb    0x1  Code  Gb  stm8l15x_it.o [1]
EXTI4_IRQHandler        0x00ebdc    0x1  Code  Gb  stm8l15x_it.o [1]
EXTI5_IRQHandler        0x00ebdd    0x1  Code  Gb  stm8l15x_it.o [1]
EXTI6_IRQHandler        0x00ebde    0x1  Code  Gb  stm8l15x_it.o [1]
EXTI7_IRQHandler        0x00ebdf    0x1  Code  Gb  stm8l15x_it.o [1]
EXTIB_G_IRQHandler      0x00ebd6    0x1  Code  Gb  stm8l15x_it.o [1]
EXTID_H_IRQHandler      0x00ebd7    0x1  Code  Gb  stm8l15x_it.o [1]
EXTIE_F_PVD_IRQHandler  0x00ebd5    0x1  Code  Gb  stm8l15x_it.o [1]
EventProcess            0x00a147  0x366  Code  Lc  MixChannel.o [1]
FLASH_GetFlagStatus     0x00e828   0x14  Code  Gb  stm8l15x_flash.o [1]
FLASH_IRQHandler        0x00ebd2    0x1  Code  Gb  stm8l15x_it.o [1]
FLASH_Lock              0x00eb4d    0x7  Code  Gb  stm8l15x_flash.o [1]
FLASH_SetProgrammingTime
                        0x00eaab    0xb  Code  Gb  stm8l15x_flash.o [1]
FLASH_Unlock            0x00e6c7   0x19  Code  Gb  stm8l15x_flash.o [1]
FactoryReset            0x00c893   0x6c  Code  Gb  FLASH.o [1]
GPIO_ExternalPullUpConfig
                        0x00e5e9   0x1f  Code  Gb  stm8l15x_gpio.o [1]
GPIO_Init               0x00cac8   0xae  Code  Gb  stm8l15x_gpio.o [1]
GPIO_ReadInputData      0x00ebb7    0x3  Code  Gb  stm8l15x_gpio.o [1]
GPIO_ReadInputDataBit   0x00ebba    0x3  Code  Gb  stm8l15x_gpio.o [1]
GPIO_ResetBits          0x00ebaa    0x4  Code  Gb  stm8l15x_gpio.o [1]
GPIO_SetBits            0x00ebb4    0x3  Code  Gb  stm8l15x_gpio.o [1]
GUI_ShowWindow          0x00e1e8   0x38  Code  Gb  main.o [1]
GetTemperature          0x00d85b   0x6c  Code  Gb  MixChannel.o [1]
GprsInfo                0x000aab   0x10  Data  Gb  GPRS.o [1]
GprsRxBuf               0x00021b  0x202  Data  Gb  GPRS.o [1]
GprsTxBuf               0x00041d  0x101  Data  Gb  GPRS.o [1]
GprsUsartTask           0x00963b  0x3e0  Code  Lc  GPRS.o [1]
GprsUsartTask_Tcb       0x000a67   0x11  Data  Lc  GPRS.o [1]
GprsUsartTask_stack     0x00051e  0x100  Data  Lc  GPRS.o [1]
Gprs_Init               0x00c26c   0xfd  Code  Gb  GPRS.o [1]
Gprs_ReStart            0x00db5a   0x57  Code  Lc  GPRS.o [1]
HeartBeat_Timer         0x00e695   0x19  Code  Gb  GPRS.o [1]
I2C1_SPI2_IRQHandler    0x00ebe9    0x1  Code  Gb  stm8l15x_it.o [1]
INTVEC$$Base            0x008000          --   Gb  - Linker created -
INTVEC$$Limit           0x008080          --   Gb  - Linker created -
IntoEdit                0x000b2c    0x1  Data  Gb  Window.o [1]
KEY_GetKey              0x00abe9   0x43  Code  Gb  LedBeepKey.o [1]
KeyScanTask             0x00ab53   0x96  Code  Lc  LedBeepKey.o [1]
KeyScanTask_Tcb         0x000a78   0x11  Data  Lc  LedBeepKey.o [1]
KeyScanTask_thread_stack
                        0x00081e   0x80  Data  Lc  LedBeepKey.o [1]
LCD_AES_IRQHandler      0x00ebe0    0x1  Code  Gb  stm8l15x_it.o [1]
LCD_AdressDisp          0x008cf4   0x69  Code  Gb  lcd.o [1]
LCD_BlinkDisop          0x008d5d   0xbc  Code  Gb  lcd.o [1]
LCD_CHAR                0x00d511   0x80  Data  Gb  lcd.o [1]
LCD_ChannelSetDisp      0x00cc1f   0xa5  Code  Gb  lcd.o [1]
LCD_Cmd                 0x00ea0d    0xd  Code  Gb  stm8l15x_lcd.o [1]
LCD_ContrastConfig      0x00e889   0x13  Code  Gb  stm8l15x_lcd.o [1]
LCD_DeadTimeConfig      0x00e876   0x13  Code  Gb  stm8l15x_lcd.o [1]
LCD_DesktopDisp         0x00bd7f  0x170  Code  Gb  lcd.o [1]
LCD_DisplayChar         0x0090cd   0x9d  Code  Gb  lcd.o [1]
LCD_GLASS_Init          0x00df1d   0x45  Code  Gb  lcd.o [1]
LCD_Init                0x00d2fe   0x87  Code  Gb  stm8l15x_lcd.o [1]
LCD_MAP                 0x00d591   0x80  Data  Gb  lcd.o [1]
LCD_MenuDisp            0x00d1ee   0x88  Code  Gb  lcd.o [1]
LCD_PortMaskConfig      0x00eafc    0x9  Code  Gb  stm8l15x_lcd.o [1]
LCD_Printf              0x009060   0x6d  Code  Gb  lcd.o [1]
LCD_PrintfSpecialChar   0x008e19  0x247  Code  Gb  lcd.o [1]
LCD_PulseOnDurationConfig
                        0x00e863   0x13  Code  Gb  stm8l15x_lcd.o [1]
LCD_SetPixel            0x00916a   0x7a  Code  Gb  lcd.o [1]
Leakage_B               0x000b03    0x4  Data  Gb  MixChannel.o [1]
Leakage_K               0x000aff    0x4  Data  Gb  MixChannel.o [1]
LedBeepKeyInit          0x00d8c7   0x66  Code  Gb  LedBeepKey.o [1]
LedCtrl                 0x00ac2c   0x10  Code  Gb  LedBeepKey.o [1]
LedShow                 0x00aa28   0xc1  Code  Gb  LedBeepKey.o [1]
LoadInt                 0x00e0f2   0x3f  Code  Lc  xprintfsmall.o [4]
MUSIC_Off               0x00ab4b    0x8  Code  Lc  LedBeepKey.o [1]
MUSIC_On                0x00ab43    0x8  Code  Lc  LedBeepKey.o [1]
MUSIC_Set               0x00aafc   0x43  Code  Gb  LedBeepKey.o [1]
MUSIC_State             0x00ab3f    0x4  Code  Gb  LedBeepKey.o [1]
MusicState              0x000b24    0x1  Data  Lc  LedBeepKey.o [1]
MusicTimerCallback      0x00a9cf   0x59  Code  Gb  LedBeepKey.o [1]
Mutex_Lcd               0x000af1    0x5  Data  Lc  main.o [1]
OptionBit               0x000b2b    0x1  Data  Gb  Window.o [1]
PacketPreprocess        0x00b42e  0x1c2  Code  Gb  GPRS.o [1]
ParameterBuffer         0x00091e   0x50  Data  Gb  FLASH.o [1]
ParameterSysStatus      0x0009be   0x34  Data  Gb  FLASH.o [1]
PrintString             0x00d049   0x90  Code  Gb  GPRS.o [1]
QueueGprsPut            0x00e7c0   0x15  Code  Gb  GPRS.o [1]
QueueGprsStorage        0x000adb    0xa  Data  Lc  GPRS.o [1]
QueueLcdStorage         0x000a53   0x14  Data  Lc  main.o [1]
Queue_Gprs              0x0009f2   0x1a  Data  Lc  GPRS.o [1]
Queue_Lcd               0x000a0c   0x1a  Data  Lc  main.o [1]
RTC_CSSLSE_IRQHandler   0x00ebd4    0x1  Code  Gb  stm8l15x_it.o [1]
ReadFlashParameter      0x00dfa7   0x44  Code  Gb  FLASH.o [1]
ReceiveReset            0x00e2e8   0x2b  Code  Lc  GPRS.o [1]
RecvCount               0x000b1d    0x2  Data  Lc  GPRS.o [1]
Region$$Table$$Base     0x00e5b7          --   Gb  - Linker created -
Region$$Table$$Limit    0x00e5c9          --   Gb  - Linker created -
SPI1_IRQHandler         0x00ebe6    0x1  Code  Gb  stm8l15x_it.o [1]
SWITCH_CSS_BREAK_DAC_IRQHandler
                        0x00ebe1    0x1  Code  Gb  stm8l15x_it.o [1]
SYSCFG_REMAPDMAChannelConfig
                        0x00e457   0x27  Code  Gb  stm8l15x_syscfg.o [1]
SYSCLK_Init             0x00e780   0x16  Code  Gb  main.o [1]
SYSDivFactor            0x00eb7a    0x5  Data  Gb  stm8l15x_clk.o [1]
Sem_Adc                 0x000b12    0x3  Data  Lc  MixChannel.o [1]
Sem_Gprs                0x000b0f    0x3  Data  Lc  GPRS.o [1]
SendATCommand           0x00d9f4   0x5b  Code  Lc  GPRS.o [1]
SendHeartBeat           0x0091e4  0x457  Code  Lc  GPRS.o [1]
SysInit_Task            0x00c6f4   0xd2  Code  Lc  main.o [1]
SysInit_Tcb             0x000a89   0x11  Data  Lc  main.o [1]
TIM1_CC_IRQHandler      0x00ebe4    0x1  Code  Gb  stm8l15x_it.o [1]
TIM1_ClearITPendingBit  0x00eb84    0x5  Code  Gb  stm8l15x_tim1.o [1]
TIM1_Cmd                0x00ea1a    0xd  Code  Gb  stm8l15x_tim1.o [1]
TIM1_DeInit             0x00cd62   0x99  Code  Gb  stm8l15x_tim1.o [1]
TIM1_ITConfig           0x00e89c   0x13  Code  Gb  stm8l15x_tim1.o [1]
TIM1_TimeBaseInit       0x00e2bb   0x2d  Code  Gb  stm8l15x_tim1.o [1]
TIM1_UPD_OVF_TRG_COM_IRQHandler
                        0x00e4ed   0x23  Code  Gb  stm8l15x_it.o [1]
TIM2_CC_USART2_RX_IRQHandler
                        0x00ebe3    0x1  Code  Gb  stm8l15x_it.o [1]
TIM3_ARRPreloadConfig   0x00ea27    0xd  Code  Gb  stm8l15x_tim3.o [1]
TIM3_CC_USART3_RX_IRQHandler
                        0x00b085  0x1db  Code  Gb  GPRS.o [1]
TIM3_ClearFlag          0x00ea41    0xd  Code  Gb  stm8l15x_tim3.o [1]
TIM3_Cmd                0x00ea34    0xd  Code  Gb  stm8l15x_tim3.o [1]
TIM3_DeInit             0x00d92d   0x65  Code  Gb  stm8l15x_tim3.o [1]
TIM3_GenerateEvent      0x00eb54    0x7  Code  Gb  stm8l15x_tim3.o [1]
TIM3_GetITStatus        0x00e368   0x29  Code  Gb  stm8l15x_tim3.o [1]
TIM3_ITConfig           0x00e8af   0x13  Code  Gb  stm8l15x_tim3.o [1]
TIM3_SetCounter         0x00e97b    0xf  Code  Gb  stm8l15x_tim3.o [1]
TIM3_TimeBaseInit       0x00e33e   0x2a  Code  Gb  stm8l15x_tim3.o [1]
TIM3_UPD_OVF_TRG_BRK_USART3_TX_IRQHandler
                        0x00e3b9   0x28  Code  Gb  MixChannel.o [1]
TIM4_UPD_OVF_TRG_IRQHandler
                        0x00ebe5    0x1  Code  Gb  stm8l15x_it.o [1]
TRAP_IRQHandler         0x00ebd1    0x1  Code  Gb  stm8l15x_it.o [1]
TempArray               0x00096e   0x50  Data  Gb  MixChannel.o [1]
TemputeratureDifferenceTable
                        0x00d992   0x62  Data  Gb  MixChannel.o [1]
USART1_RX_TIM5_CC_IRQHandler
                        0x00ebe8    0x1  Code  Gb  stm8l15x_it.o [1]
USART1_TX_TIM5_UPD_OVF_TRG_BRK_IRQHandler
                        0x00ebe7    0x1  Code  Gb  stm8l15x_it.o [1]
USART_ClearFlag         0x00eb89    0x5  Code  Gb  stm8l15x_usart.o [1]
USART_ClearITPendingBit
                        0x00eb8e    0x5  Code  Gb  stm8l15x_usart.o [1]
USART_Cmd               0x00e575   0x21  Code  Gb  stm8l15x_usart.o [1]
USART_DeInit            0x00e131   0x3e  Code  Gb  stm8l15x_usart.o [1]
USART_GetFlagStatus     0x00e532   0x22  Code  Gb  stm8l15x_usart.o [1]
USART_GetITStatus       0x00cb76   0xa9  Code  Gb  stm8l15x_usart.o [1]
USART_ITConfig          0x00ce91   0x95  Code  Gb  stm8l15x_usart.o [1]
USART_Init              0x00c61b   0xd9  Code  Gb  stm8l15x_usart.o [1]
USART_ReceiveData8      0x00ebbd    0x3  Code  Gb  stm8l15x_usart.o [1]
USART_SendData8         0x00ebc0    0x3  Code  Gb  stm8l15x_usart.o [1]
WWDG_SWReset            0x00eb93    0x5  Code  Gb  stm8l15x_wwdg.o [1]
WinAddressSetProc       0x00c536   0xe5  Code  Gb  Window.o [1]
WinChannelSetProc       0x00c7c6   0xcd  Code  Gb  Window.o [1]
WinDesktopProc          0x00d77e   0x6f  Code  Gb  Window.o [1]
WinMenuProc             0x00d385   0x87  Code  Gb  Window.o [1]
WinMsg                  0x000b27    0x1  Data  Lc  main.o [1]
WinPasswordProc         0x00e8d5   0x12  Code  Gb  Window.o [1]
WinReStartProc          0x00e8f9   0x12  Code  Gb  Window.o [1]
WinSelfCheckProc        0x00e8e7   0x12  Code  Gb  Window.o [1]
WriteFlashParameter     0x00c8ff   0x54  Code  Gb  FLASH.o [1]
_LitobSmall             0x00bc0e  0x171  Code  Lc  xprintfsmall.o [4]
_PrintfSmall            0x009db6  0x391  Code  Gb  xprintfsmall.o [4]
_Prout                  0x00e6e0   0x19  Code  Gb  xprout.o [4]
_PutcharSmall           0x00e28c   0x2f  Code  Lc  xprintfsmall.o [4]
_PutcharsSmall          0x00e257   0x35  Code  Lc  xprintfsmall.o [4]
__DebugBreak            0x00ebea    0x1  Code  Gb  __dbg_break.o [3]
__exit                  0x00e83c   0x14  Code  Gb  __dbg_xxexit.o [3]
__iar_Memchr            0x00e7ea   0x15  Code  Gb  memchr.o [4]
__iar_Strchr            0x00e7ff   0x15  Code  Gb  strchr.o [4]
__iar_Strstr            0x00dfeb   0x44  Code  Gb  strstr.o [4]
__iar_copy_init2        0x00e3e1         Code  Gb  init_small.o [4]
__iar_data_init2        0x00e711   0x17  Code  Gb  init.o [4]
__iar_program_start     0x00e8c2         Code  Gb  cstartup.o [4]
__iar_unhandled_exception
                        0x00ebcc         Code  Gb  unhandled_exception.o [4]
__iar_zero_init2        0x00e626         Code  Gb  init_small.o [4]
__intvec                0x008000         Data  Gb  interrupt.o [4]
__low_level_init        0x00ebc6    0x3  Code  Gb  low_level_init.o [4]
__write                 0x00df62   0x45  Code  Gb  uart.o [1]
_exit                   0x00eb9d         Code  Gb  cexit.o [4]
_interrupt_1            0x00ebd1         Code  Gb  stm8l15x_it.o [1]
_interrupt_10           0x00ebd8         Code  Gb  stm8l15x_it.o [1]
_interrupt_11           0x00ebd9         Code  Gb  stm8l15x_it.o [1]
_interrupt_12           0x00ebda         Code  Gb  stm8l15x_it.o [1]
_interrupt_13           0x00ebdb         Code  Gb  stm8l15x_it.o [1]
_interrupt_14           0x00ebdc         Code  Gb  stm8l15x_it.o [1]
_interrupt_15           0x00ebdd         Code  Gb  stm8l15x_it.o [1]
_interrupt_16           0x00ebde         Code  Gb  stm8l15x_it.o [1]
_interrupt_17           0x00ebdf         Code  Gb  stm8l15x_it.o [1]
_interrupt_18           0x00ebe0         Code  Gb  stm8l15x_it.o [1]
_interrupt_19           0x00ebe1         Code  Gb  stm8l15x_it.o [1]
_interrupt_20           0x00ebe2         Code  Gb  stm8l15x_it.o [1]
_interrupt_22           0x00ebe3         Code  Gb  stm8l15x_it.o [1]
_interrupt_23           0x00e3b9         Code  Gb  MixChannel.o [1]
_interrupt_24           0x00b085         Code  Gb  GPRS.o [1]
_interrupt_25           0x00e4ed         Code  Gb  stm8l15x_it.o [1]
_interrupt_26           0x00ebe4         Code  Gb  stm8l15x_it.o [1]
_interrupt_27           0x00ebe5         Code  Gb  stm8l15x_it.o [1]
_interrupt_28           0x00ebe6         Code  Gb  stm8l15x_it.o [1]
_interrupt_29           0x00ebe7         Code  Gb  stm8l15x_it.o [1]
_interrupt_3            0x00ebd2         Code  Gb  stm8l15x_it.o [1]
_interrupt_30           0x00ebe8         Code  Gb  stm8l15x_it.o [1]
_interrupt_31           0x00ebe9         Code  Gb  stm8l15x_it.o [1]
_interrupt_4            0x00e430         Code  Gb  MixChannel.o [1]
_interrupt_5            0x00ebd3         Code  Gb  stm8l15x_it.o [1]
_interrupt_6            0x00ebd4         Code  Gb  stm8l15x_it.o [1]
_interrupt_7            0x00ebd5         Code  Gb  stm8l15x_it.o [1]
_interrupt_8            0x00ebd6         Code  Gb  stm8l15x_it.o [1]
_interrupt_9            0x00ebd7         Code  Gb  stm8l15x_it.o [1]
archContextSwitch       0x00db02         Code  Gb  atomport-asm-iar.o [1]
archFirstThreadRestore  0x00db3f         Code  Gb  atomport-asm-iar.o [1]
archInitSystemTickTimer
                        0x00e409   0x27  Code  Gb  atomport.o [1]
archThreadContextInit   0x00dc05   0x54  Code  Gb  atomport.o [1]
atomCurrentContext      0x00ea67    0xc  Code  Gb  atomkernel.o [1]
atomIdleThread          0x00ebcf    0x2  Code  Lc  atomkernel.o [1]
atomIntCnt              0x000b19    0x2  Data  Lc  atomkernel.o [1]
atomIntEnter            0x00b5fa    0x8  Code  Gb  atomkernel.o [1]
atomIntExit             0x00b5f0    0xa  Code  Gb  atomkernel.o [1]
atomMutexCreate         0x00e608   0x1e  Code  Gb  atommutex.o [1]
atomMutexGet            0x00ba9c  0x172  Code  Gb  atommutex.o [1]
atomMutexPut            0x00c16f   0xfd  Code  Gb  atommutex.o [1]
atomMutexTimerCallback  0x00dc59   0x53  Code  Lc  atommutex.o [1]
atomOSInit              0x00e47e   0x25  Code  Gb  atomkernel.o [1]
atomOSStart             0x00e76a   0x16  Code  Gb  atomkernel.o [1]
atomOSStarted           0x000b1f    0x1  Data  Gb  atomkernel.o [1]
atomQueueCreate         0x00d0d9   0x8c  Code  Gb  atomqueue.o [1]
atomQueueGet            0x00b7ae  0x17b  Code  Gb  atomqueue.o [1]
atomQueuePut            0x00b929  0x173  Code  Gb  atomqueue.o [1]
atomQueueTimerCallback  0x00dcac   0x53  Code  Lc  atomqueue.o [1]
atomSched               0x00b71d   0x91  Code  Gb  atomkernel.o [1]
atomSemCreate           0x00e850   0x13  Code  Gb  atomsem.o [1]
atomSemGet              0x00c03e  0x131  Code  Gb  atomsem.o [1]
atomSemPut              0x00c953   0xbe  Code  Gb  atomsem.o [1]
atomSemResetCount       0x00ea73    0xc  Code  Gb  atomsem.o [1]
atomSemTimerCallback    0x00dcff   0x53  Code  Lc  atomsem.o [1]
atomThreadCreate        0x00b602   0xfa  Code  Gb  atomkernel.o [1]
atomThreadSwitch        0x00b6fc   0x21  Code  Lc  atomkernel.o [1]
atomTimerCallbacks      0x00d40c   0x84  Code  Lc  atomtimer.o [1]
atomTimerCancel         0x00dd52   0x51  Code  Gb  atomtimer.o [1]
atomTimerDelay          0x00cfb9   0x90  Code  Gb  atomtimer.o [1]
atomTimerDelayCallback  0x00e391   0x28  Code  Lc  atomtimer.o [1]
atomTimerRegister       0x00da4f   0x5a  Code  Gb  atomtimer.o [1]
atomTimerTick           0x00e67b   0x1a  Code  Gb  atomtimer.o [1]
auchCRCHi               0x000010  0x100  Data  Lc  GPRS.o [1]
auchCRCLo               0x000110  0x100  Data  Lc  GPRS.o [1]
curr_tcb                0x000b17    0x2  Data  Lc  atomkernel.o [1]
exit                    0x00ebc9    0x3  Code  Gb  exit.o [4]
idle_tcb                0x000a26   0x17  Data  Lc  atomkernel.o [1]
idle_thread_stack       0x00089e   0x80  Data  Lc  main.o [1]
isForwardAlarm          0x00ae87  0x1fe  Code  Gb  MixChannel.o [1]
main                    0x00d70b   0x73  Code  Gb  main.o [1]
main_thread_stack       0x00061e  0x100  Data  Lc  main.o [1]
memcpy                  0x00e4c8   0x25  Code  Gb  memcpy.o [4]
memset                  0x00e7d5   0x15  Code  Gb  memset.o [4]
pad                     0x00e220   0x37  Code  Lc  xprintfsmall.o [4]
printf                  0x00e5c9   0x20  Code  Gb  printf.o [4]
putchar                 0x00e313   0x2b  Code  Gb  putchar.o [4]
queue_insert            0x00c369   0xe7  Code  Lc  atomqueue.o [1]
queue_remove            0x00c450   0xe6  Code  Lc  atomqueue.o [1]
strlen                  0x00e90b   0x12  Code  Gb  strlen.o [4]
strstr                  0x00ebb1    0x3  Code  Gb  GPRS.o [1]
system_ticks            0x000afb    0x4  Data  Lc  atomtimer.o [1]
tcbDequeueEntry         0x00ca11   0xb7  Code  Gb  atomkernel.o [1]
tcbDequeueHead          0x00dbb1   0x54  Code  Gb  atomkernel.o [1]
tcbDequeuePriority      0x00daa9   0x59  Code  Gb  atomkernel.o [1]
tcbEnqueuePriority      0x00cf26   0x93  Code  Gb  atomkernel.o [1]
tcbReadyQ               0x000b15    0x2  Data  Gb  atomkernel.o [1]
temperature             0x00a4ad  0x2ac  Data  Gb  MixChannel.o [1]
thread_shell            0x00e510   0x22  Code  Lc  atomport.o [1]
timer_queue             0x000b1b    0x2  Data  Lc  atomtimer.o [1]
uart_init               0x00ded7   0x46  Code  Gb  uart.o [1]
uart_mutex              0x000af6    0x5  Data  Lc  uart.o [1]
uart_putchar            0x00e02f   0x42  Code  Gb  uart.o [1]


[1] = E:\SVN\Research\Personal\wangjinlong\SoftWare\Debug\Obj
[2] = command line
[3] = dbgstm8smd.a
[4] = dlstm8smn.a

  25 970 bytes of readonly  code memory
   2 180 bytes of readonly  data memory
   3 122 bytes of readwrite data memory

Errors: none
Warnings: none
