###############################################################################
#
# IAR ELF Linker V2.10.4.157 for STM8                     05/Aug/2017  17:20:41
# Copyright 2010-2015 IAR Systems AB.
#
#    Output file  =  
#        E:\SVN\Research\Personal\wangjinlong\SoftWare\Debug\Exe\DDH5269new.out
#    Map file     =  
#        E:\SVN\Research\Personal\wangjinlong\SoftWare\Debug\List\DDH5269new.map
#    Command line =  
#        E:\SVN\Research\Personal\wangjinlong\SoftWare\Debug\Obj\atomkernel.o
#        E:\SVN\Research\Personal\wangjinlong\SoftWare\Debug\Obj\atommutex.o
#        E:\SVN\Research\Personal\wangjinlong\SoftWare\Debug\Obj\atomport-asm-iar.o
#        E:\SVN\Research\Personal\wangjinlong\SoftWare\Debug\Obj\atomport.o
#        E:\SVN\Research\Personal\wangjinlong\SoftWare\Debug\Obj\atomqueue.o
#        E:\SVN\Research\Personal\wangjinlong\SoftWare\Debug\Obj\atomsem.o
#        E:\SVN\Research\Personal\wangjinlong\SoftWare\Debug\Obj\atomtimer.o
#        E:\SVN\Research\Personal\wangjinlong\SoftWare\Debug\Obj\Current.o
#        E:\SVN\Research\Personal\wangjinlong\SoftWare\Debug\Obj\FLASH.o
#        E:\SVN\Research\Personal\wangjinlong\SoftWare\Debug\Obj\GPRS.o
#        E:\SVN\Research\Personal\wangjinlong\SoftWare\Debug\Obj\IOCheck.o
#        E:\SVN\Research\Personal\wangjinlong\SoftWare\Debug\Obj\lcd.o
#        E:\SVN\Research\Personal\wangjinlong\SoftWare\Debug\Obj\LedBeepKey.o
#        E:\SVN\Research\Personal\wangjinlong\SoftWare\Debug\Obj\main.o
#        E:\SVN\Research\Personal\wangjinlong\SoftWare\Debug\Obj\MixChannel.o
#        E:\SVN\Research\Personal\wangjinlong\SoftWare\Debug\Obj\stm8l15x_adc.o
#        E:\SVN\Research\Personal\wangjinlong\SoftWare\Debug\Obj\stm8l15x_aes.o
#        E:\SVN\Research\Personal\wangjinlong\SoftWare\Debug\Obj\stm8l15x_beep.o
#        E:\SVN\Research\Personal\wangjinlong\SoftWare\Debug\Obj\stm8l15x_clk.o
#        E:\SVN\Research\Personal\wangjinlong\SoftWare\Debug\Obj\stm8l15x_comp.o
#        E:\SVN\Research\Personal\wangjinlong\SoftWare\Debug\Obj\stm8l15x_dac.o
#        E:\SVN\Research\Personal\wangjinlong\SoftWare\Debug\Obj\stm8l15x_dma.o
#        E:\SVN\Research\Personal\wangjinlong\SoftWare\Debug\Obj\stm8l15x_exti.o
#        E:\SVN\Research\Personal\wangjinlong\SoftWare\Debug\Obj\stm8l15x_flash.o
#        E:\SVN\Research\Personal\wangjinlong\SoftWare\Debug\Obj\stm8l15x_gpio.o
#        E:\SVN\Research\Personal\wangjinlong\SoftWare\Debug\Obj\stm8l15x_i2c.o
#        E:\SVN\Research\Personal\wangjinlong\SoftWare\Debug\Obj\stm8l15x_irtim.o
#        E:\SVN\Research\Personal\wangjinlong\SoftWare\Debug\Obj\stm8l15x_it.o
#        E:\SVN\Research\Personal\wangjinlong\SoftWare\Debug\Obj\stm8l15x_itc.o
#        E:\SVN\Research\Personal\wangjinlong\SoftWare\Debug\Obj\stm8l15x_iwdg.o
#        E:\SVN\Research\Personal\wangjinlong\SoftWare\Debug\Obj\stm8l15x_lcd.o
#        E:\SVN\Research\Personal\wangjinlong\SoftWare\Debug\Obj\stm8l15x_pwr.o
#        E:\SVN\Research\Personal\wangjinlong\SoftWare\Debug\Obj\stm8l15x_rst.o
#        E:\SVN\Research\Personal\wangjinlong\SoftWare\Debug\Obj\stm8l15x_rtc.o
#        E:\SVN\Research\Personal\wangjinlong\SoftWare\Debug\Obj\stm8l15x_spi.o
#        E:\SVN\Research\Personal\wangjinlong\SoftWare\Debug\Obj\stm8l15x_syscfg.o
#        E:\SVN\Research\Personal\wangjinlong\SoftWare\Debug\Obj\stm8l15x_tim1.o
#        E:\SVN\Research\Personal\wangjinlong\SoftWare\Debug\Obj\stm8l15x_tim2.o
#        E:\SVN\Research\Personal\wangjinlong\SoftWare\Debug\Obj\stm8l15x_tim3.o
#        E:\SVN\Research\Personal\wangjinlong\SoftWare\Debug\Obj\stm8l15x_tim4.o
#        E:\SVN\Research\Personal\wangjinlong\SoftWare\Debug\Obj\stm8l15x_tim5.o
#        E:\SVN\Research\Personal\wangjinlong\SoftWare\Debug\Obj\stm8l15x_usart.o
#        E:\SVN\Research\Personal\wangjinlong\SoftWare\Debug\Obj\stm8l15x_wfe.o
#        E:\SVN\Research\Personal\wangjinlong\SoftWare\Debug\Obj\stm8l15x_wwdg.o
#        E:\SVN\Research\Personal\wangjinlong\SoftWare\Debug\Obj\SysUsart.o
#        E:\SVN\Research\Personal\wangjinlong\SoftWare\Debug\Obj\uart.o
#        E:\SVN\Research\Personal\wangjinlong\SoftWare\Debug\Obj\Window.o
#        --redirect _Printf=_PrintfSmall --redirect _Scanf=_ScanfSmall -o
#        E:\SVN\Research\Personal\wangjinlong\SoftWare\Debug\Exe\DDH5269new.out
#        --map
#        E:\SVN\Research\Personal\wangjinlong\SoftWare\Debug\List\DDH5269new.map
#        --config "C:\Program Files (x86)\IAR Systems\Embedded Workbench
#        7.0_2\stm8\config\lnkstm8l052r8.icf" --config_def _CSTACK_SIZE=0x100
#        --config_def _HEAP_SIZE=0x100 --entry __iar_program_start --debug_lib
#
###############################################################################

*******************************************************************************
*** RUNTIME MODEL ATTRIBUTES
***

__SystemLibrary            = DLib
__code_model               = small
__core                     = stm8
__data_model               = medium
__dlib_file_descriptor     = 0
__dlib_full_locale_support = 0
__rt_version               = 4


*******************************************************************************
*** PLACEMENT SUMMARY
***

"A1":  place at start of [0x000000-0x0000ff] { rw section .vregs };
"A2":  place at end of [0x000000-0x000fff] { block CSTACK };
"P2":  place in [from 0x000000 to 0x000fff] {
          block HEAP, rw section __DLIB_PERTHREAD, rw section .far.bss,
          rw section .far.data, rw section .far.noinit,
          rw section .far_func.textrw, rw section .huge.bss,
          rw section .huge.data, rw section .huge.noinit,
          rw section .huge_func.textrw, rw section .iar.dynexit,
          rw section .near.bss, rw section .near.data, rw section .near.noinit,
          rw section .near_func.textrw };
"A3":  place at start of [0x008000-0x00ffff] { block INTVEC };
"P3":  place in [from 0x008000 to 0x00ffff] {
          ro section __DLIB_PERTHREAD_init, ro section .far.data_init,
          ro section .far_func.textrw_init, ro section .huge.data_init,
          ro section .huge_func.textrw_init, ro section .iar.init_table,
          ro section .init_array, ro section .near.data_init,
          ro section .near.rodata, ro section .near_func.text,
          ro section .near_func.textrw_init, ro section .tiny.data_init,
          ro section .tiny.rodata_init };

  Section            Kind      Address    Size  Object
  -------            ----      -------    ----  ------
"A1":                                     0x10
  .vregs             uninit   0x000000    0x10  vregs.o [4]
                            - 0x000010    0x10

"P2":                                    0xb5c
  P2 s0                       0x000010   0x20b  <Init block>
    .near.data       inited   0x000010   0x100  GPRS.o [1]
    .near.data       inited   0x000110   0x100  GPRS.o [1]
    .near.data       inited   0x000210     0xa  MixChannel.o [1]
    .near.data       inited   0x00021a     0x1  LedBeepKey.o [1]
  .near.bss          zero     0x00021b   0x202  GPRS.o [1]
  .near.bss          zero     0x00041d   0x101  GPRS.o [1]
  .near.bss          zero     0x00051e   0x100  GPRS.o [1]
  .near.bss          zero     0x00061e   0x100  main.o [1]
  .near.bss          zero     0x00071e   0x100  MixChannel.o [1]
  .near.bss          zero     0x00081e    0x80  LedBeepKey.o [1]
  .near.bss          zero     0x00089e    0x80  main.o [1]
  .near.bss          zero     0x00091e    0x5a  FLASH.o [1]
  .near.bss          zero     0x000978    0x50  MixChannel.o [1]
  .near.bss          zero     0x0009c8    0x43  FLASH.o [1]
  .near.bss          zero     0x000a0b    0x1a  GPRS.o [1]
  .near.bss          zero     0x000a25    0x1a  GPRS.o [1]
  .near.bss          zero     0x000a3f    0x1a  main.o [1]
  .near.bss          zero     0x000a59    0x17  atomkernel.o [1]
  .near.bss          zero     0x000a70    0x16  MixChannel.o [1]
  .near.bss          zero     0x000a86    0x16  MixChannel.o [1]
  .near.bss          zero     0x000a9c    0x16  MixChannel.o [1]
  .near.bss          zero     0x000ab2    0x14  main.o [1]
  .near.bss          zero     0x000ac6    0x11  GPRS.o [1]
  .near.bss          zero     0x000ad7    0x11  LedBeepKey.o [1]
  .near.bss          zero     0x000ae8    0x11  main.o [1]
  .near.bss          zero     0x000af9    0x11  MixChannel.o [1]
  .near.bss          zero     0x000b0a     0xa  GPRS.o [1]
  .near.bss          zero     0x000b14     0x6  LedBeepKey.o [1]
  .near.bss          zero     0x000b1a     0x6  MixChannel.o [1]
  .near.bss          zero     0x000b20     0x6  Window.o [1]
  .near.bss          zero     0x000b26     0x5  main.o [1]
  .near.bss          zero     0x000b2b     0x5  uart.o [1]
  .near.bss          zero     0x000b30     0x4  atomtimer.o [1]
  .near.bss          zero     0x000b34     0x4  MixChannel.o [1]
  .near.bss          zero     0x000b38     0x4  MixChannel.o [1]
  .near.bss          zero     0x000b3c     0x4  MixChannel.o [1]
  .near.bss          zero     0x000b40     0x4  MixChannel.o [1]
  .near.bss          zero     0x000b44     0x3  GPRS.o [1]
  .near.bss          zero     0x000b47     0x3  MixChannel.o [1]
  .near.bss          zero     0x000b4a     0x2  atomkernel.o [1]
  .near.bss          zero     0x000b4c     0x2  atomkernel.o [1]
  .near.bss          zero     0x000b4e     0x2  atomkernel.o [1]
  .near.bss          zero     0x000b50     0x2  atomtimer.o [1]
  .near.bss          zero     0x000b52     0x2  GPRS.o [1]
  .near.bss          zero     0x000b54     0x2  lcd.o [1]
  .near.bss          zero     0x000b56     0x2  Window.o [1]
  .near.bss          zero     0x000b58     0x1  atomkernel.o [1]
  .near.bss          zero     0x000b59     0x1  GPRS.o [1]
  .near.bss          zero     0x000b5a     0x1  GPRS.o [1]
  .near.bss          zero     0x000b5b     0x1  lcd.o [1]
  .near.bss          zero     0x000b5c     0x1  lcd.o [1]
  .near.bss          zero     0x000b5d     0x1  LedBeepKey.o [1]
  .near.bss          zero     0x000b5e     0x1  LedBeepKey.o [1]
  .near.bss          zero     0x000b5f     0x1  LedBeepKey.o [1]
  .near.bss          zero     0x000b60     0x1  LedBeepKey.o [1]
  .near.bss          zero     0x000b61     0x1  main.o [1]
  .near.bss          zero     0x000b62     0x1  MixChannel.o [1]
  .near.bss          zero     0x000b63     0x1  MixChannel.o [1]
  .near.bss          zero     0x000b64     0x1  Window.o [1]
  .near.bss          zero     0x000b65     0x1  Window.o [1]
  .near.bss          zero     0x000b66     0x1  Window.o [1]
  .near.bss          zero     0x000b67     0x1  Window.o [1]
  .near.bss          zero     0x000b68     0x1  Window.o [1]
  .near.bss          zero     0x000b69     0x1  Window.o [1]
  .near.bss          zero     0x000b6a     0x1  Window.o [1]
  .near.bss          zero     0x000b6b     0x1  Window.o [1]
                            - 0x000b6c   0xb5c

"A2":                                    0x100
  CSTACK                      0x000f00   0x100  <Block>
    CSTACK           uninit   0x000f00   0x100  <Block tail>
                            - 0x001000   0x100

"A3":                                     0x80
  INTVEC                      0x008000    0x80  <Block>
    .intvec          const    0x008000    0x80  interrupt.o [4]
                            - 0x008080    0x80

"P3":                                   0x69c8
  .near_func.text    ro code  0x008080   0xbd0  MixChannel.o [1]
  .near_func.text    ro code  0x008c50   0x55b  GPRS.o [1]
  .near_func.text    ro code  0x0091ab   0x44c  GPRS.o [1]
  .near_func.text    ro code  0x0095f7   0x42f  lcd.o [1]
  .near_func.text    ro code  0x009a26   0x39b  float.o [4]
  .near_func.text    ro code  0x009dc1   0x391  GPRS.o [1]
  .near_func.text    ro code  0x00a152   0x391  xprintfsmall.o [4]
  .near.rodata       const    0x00a4e3   0x2ac  MixChannel.o [1]
  .near_func.text    ro code  0x00a78f   0x26a  MixChannel.o [1]
  .near_func.text    ro code  0x00a9f9   0x24d  MixChannel.o [1]
  .near_func.text    ro code  0x00ac46   0x1ce  long.o [4]
  .near_func.text    ro code  0x00ae14   0x1a4  atomkernel.o [1]
  .near_func.text    ro code  0x00afb8   0x195  lcd.o [1]
  .near_func.text    ro code  0x00b14d   0x18c  LedBeepKey.o [1]
  .near_func.text    ro code  0x00b2d9   0x178  GPRS.o [1]
  .near_func.text    ro code  0x00b451   0x171  xprintfsmall.o [4]
  .near_func.text    ro code  0x00b5c2   0x162  atomqueue.o [1]
  .near_func.text    ro code  0x00b724   0x162  vreg_util.o [4]
  .near_func.text    ro code  0x00b886   0x15e  GPRS.o [1]
  .near_func.text    ro code  0x00b9e4   0x15d  atomqueue.o [1]
  .near_func.text    ro code  0x00bb41   0x158  Window.o [1]
  .near_func.text    ro code  0x00bc99   0x14e  atommutex.o [1]
  .near_func.text    ro code  0x00bde7   0x13c  MixChannel.o [1]
  .near_func.text    ro code  0x00bf23   0x11d  atomsem.o [1]
  .near_func.text    ro code  0x00c040   0x111  LedBeepKey.o [1]
  .near_func.text    ro code  0x00c151    0xd8  atomqueue.o [1]
  .near_func.text    ro code  0x00c229    0xd8  atomqueue.o [1]
  .near_func.text    ro code  0x00c301    0xd6  atommutex.o [1]
  .near_func.text    ro code  0x00c3d7    0xd6  main.o [1]
  .near_func.text    ro code  0x00c4ad    0xce  GPRS.o [1]
  .near_func.text    ro code  0x00c57b    0xb4  atomsem.o [1]
  .near_func.text    ro code  0x00c62f    0xac  FLASH.o [1]
  .near_func.text    ro code  0x00c6db    0xaa  long_util.o [4]
  .near_func.text    ro code  0x00c785    0x9c  MixChannel.o [1]
  .near_func.text    ro code  0x00c821    0x99  atomkernel.o [1]
  .near_func.text    ro code  0x00c8ba    0x99  stm8l15x_tim1.o [1]
  .near_func.text    ro code  0x00c953    0x93  MixChannel.o [1]
  .near_func.text    ro code  0x00c9e6    0x90  lcd.o [1]
  .near_func.text    ro code  0x00ca76    0x8d  GPRS.o [1]
  .near_func.text    ro code  0x00cb03    0x8b  atomtimer.o [1]
  .near_func.text    ro code  0x00cb8e    0x89  stm8l15x_usart.o [1]
  .near.rodata       const    0x00cc17    0x80  lcd.o [1]
  .near.rodata       const    0x00cc97    0x80  lcd.o [1]
  .near_func.text    ro code  0x00cd17    0x80  atomkernel.o [1]
  .near_func.text    ro code  0x00cd97    0x80  stm8l15x_gpio.o [1]
  .near_func.text    ro code  0x00ce17    0x7f  stm8l15x_clk.o [1]
  .near_func.text    ro code  0x00ce96    0x7e  stm8l15x_adc.o [1]
  .near_func.text    ro code  0x00cf14    0x7d  lcd.o [1]
  .near_func.text    ro code  0x00cf91    0x7b  Window.o [1]
  .near_func.text    ro code  0x00d00c    0x79  LedBeepKey.o [1]
  .near_func.text    ro code  0x00d085    0x75  stm8l15x_usart.o [1]
  .near_func.text    ro code  0x00d0fa    0x75  Window.o [1]
  .near_func.text    ro code  0x00d16f    0x74  GPRS.o [1]
  .near_func.text    ro code  0x00d1e3    0x73  stm8l15x_dma.o [1]
  .near_func.text    ro code  0x00d256    0x72  main.o [1]
  .near_func.text    ro code  0x00d2c8    0x71  stm8l15x_lcd.o [1]
  .near_func.text    ro code  0x00d339    0x6f  stm8l15x_usart.o [1]
  .near_func.text    ro code  0x00d3a8    0x6e  MixChannel.o [1]
  .near_func.text    ro code  0x00d416    0x6c  atomtimer.o [1]
  .near_func.text    ro code  0x00d482    0x6b  atomqueue.o [1]
  .near_func.text    ro code  0x00d4ed    0x68  Window.o [1]
  .near_func.text    ro code  0x00d555    0x66  LedBeepKey.o [1]
  .near_func.text    ro code  0x00d5bb    0x65  stm8l15x_tim3.o [1]
  .near.rodata       const    0x00d620    0x62  MixChannel.o [1]
  .near_func.text    ro code  0x00d682    0x5f  GPRS.o [1]
  .near_func.text    ro code  0x00d6e1    0x5a  short.o [4]
  .near_func.text    ro code  0x00d73b    0x58  atomport-asm-iar.o [1]
  .near_func.text    ro code  0x00d793    0x58  Window.o [1]
  .near_func.text    ro code  0x00d7eb    0x54  atomtimer.o [1]
  .near_func.text    ro code  0x00d83f    0x54  FLASH.o [1]
  .near_func.text    ro code  0x00d893    0x4e  atomtimer.o [1]
  .near_func.text    ro code  0x00d8e1    0x4c  atommutex.o [1]
  .near_func.text    ro code  0x00d92d    0x4c  atomqueue.o [1]
  .near_func.text    ro code  0x00d979    0x4c  atomsem.o [1]
  .near_func.text    ro code  0x00d9c5    0x49  GPRS.o [1]
  .near_func.text    ro code  0x00da0e    0x46  GPRS.o [1]
  .near_func.text    ro code  0x00da54    0x46  uart.o [1]
  .near_func.text    ro code  0x00da9a    0x45  lcd.o [1]
  .near_func.text    ro code  0x00dadf    0x44  strstr.o [4]
  .near_func.text    ro code  0x00db23    0x42  uart.o [1]
  .near_func.text    ro code  0x00db65    0x41  stm8l15x_clk.o [1]
  .near_func.text    ro code  0x00dba6    0x3f  xprintfsmall.o [4]
  .near_func.text    ro code  0x00dbe5    0x3d  uart.o [1]
  .near_func.text    ro code  0x00dc22    0x3c  atomkernel.o [1]
  .near_func.text    ro code  0x00dc5e    0x3b  LedBeepKey.o [1]
  .near_func.text    ro code  0x00dc99    0x38  main.o [1]
  .near_func.text    ro code  0x00dcd1    0x38  stm8l15x_clk.o [1]
  .near_func.text    ro code  0x00dd09    0x37  atomkernel.o [1]
  .near_func.text    ro code  0x00dd40    0x37  xprintfsmall.o [4]
  .near_func.text    ro code  0x00dd77    0x36  stm8l15x_dma.o [1]
  .near_func.text    ro code  0x00ddad    0x36  memcmp.o [4]
  .near_func.text    ro code  0x00dde3    0x35  stm8l15x_usart.o [1]
  .near_func.text    ro code  0x00de18    0x35  xprintfsmall.o [4]
  .near_func.text    ro code  0x00de4d    0x32  GPRS.o [1]
  .near_func.text    ro code  0x00de7f    0x2f  xprintfsmall.o [4]
  .near_func.text    ro code  0x00deae    0x2d  stm8l15x_tim1.o [1]
  .near_func.text    ro code  0x00dedb    0x2b  atomport.o [1]
  .near_func.text    ro code  0x00df06    0x2b  GPRS.o [1]
  .near_func.text    ro code  0x00df31    0x2b  MixChannel.o [1]
  .near_func.text    ro code  0x00df5c    0x2b  stm8l15x_dma.o [1]
  .near_func.text    ro code  0x00df87    0x2b  putchar.o [4]
  .near_func.text    ro code  0x00dfb2    0x29  stm8l15x_tim3.o [1]
  .near_func.text    ro code  0x00dfdb    0x28  MixChannel.o [1]
  .near_func.text    ro code  0x00e003    0x28  init_small.o [4]
  .near_func.text    ro code  0x00e02b    0x27  atomport.o [1]
  .near_func.text    ro code  0x00e052    0x27  MixChannel.o [1]
  .near_func.text    ro code  0x00e079    0x26  atomtimer.o [1]
  .near_func.text    ro code  0x00e09f    0x25  memcpy.o [4]
  .near_func.text    ro code  0x00e0c4    0x23  atomkernel.o [1]
  .near_func.text    ro code  0x00e0e7    0x23  stm8l15x_it.o [1]
  .near_func.text    ro code  0x00e10a    0x23  stm8l15x_syscfg.o [1]
  .near_func.text    ro code  0x00e12d    0x21  dc_util.o [4]
  .iar.init_table    const    0x00e14e    0x12  - Linker created -
  .near_func.text    ro code  0x00e160    0x20  atomport.o [1]
  .near_func.text    ro code  0x00e180    0x20  stm8l15x_adc.o [1]
  .near_func.text    ro code  0x00e1a0    0x20  stm8l15x_adc.o [1]
  .near_func.text    ro code  0x00e1c0    0x20  printf.o [4]
  .near_func.text    ro code  0x00e1e0    0x1e  stm8l15x_usart.o [1]
  .near_func.text    ro code  0x00e1fe    0x1e  init_small.o [4]
  .near_func.text    ro code  0x00e21c    0x1d  xprintfsmall.o [4]
  .near_func.text    ro code  0x00e239    0x1c  atommutex.o [1]
  .near_func.text    ro code  0x00e255    0x1c  stm8l15x_adc.o [1]
  .near_func.text    ro code  0x00e271    0x1c  stm8l15x_tim3.o [1]
  .near.rodata       const    0x00e28d    0x1a  main.o [1]
  .near_func.text    ro code  0x00e2a7    0x19  MixChannel.o [1]
  .near_func.text    ro code  0x00e2c0    0x19  stm8l15x_flash.o [1]
  .near_func.text    ro code  0x00e2d9    0x19  xprout.o [4]
  .near.rodata       const    0x00e2f2    0x18  LedBeepKey.o [1]
  .near_func.text    ro code  0x00e30a    0x18  atomtimer.o [1]
  .near.rodata       const    0x00e322    0x17  GPRS.o [1]
  .near_func.text    ro code  0x00e339    0x17  init.o [4]
  .near.rodata       const    0x00e350    0x16  FLASH.o [1]
  .near.rodata       const    0x00e366    0x16  main.o [1]
  .near.rodata       const    0x00e37c    0x16  main.o [1]
  .near_func.text    ro code  0x00e392    0x16  atomkernel.o [1]
  .near_func.text    ro code  0x00e3a8    0x16  main.o [1]
  .near_func.text    ro code  0x00e3be    0x16  stm8l15x_adc.o [1]
  .near.rodata       const    0x00e3d4    0x15  GPRS.o [1]
  .near.rodata       const    0x00e3e9    0x15  GPRS.o [1]
  .near_func.text    ro code  0x00e3fe    0x15  memset.o [4]
  .near_func.text    ro code  0x00e413    0x15  memchr.o [4]
  .near_func.text    ro code  0x00e428    0x15  strchr.o [4]
  .near.rodata       const    0x00e43d    0x14  MixChannel.o [1]
  .near_func.text    ro code  0x00e451    0x14  __dbg_xxexit.o [3]
  .near_func.text    ro code  0x00e465    0x13  atomsem.o [1]
  .near_func.text    ro code  0x00e478    0x13  GPRS.o [1]
  .near_func.text    ro code  0x00e48b    0x13  stm8l15x_adc.o [1]
  .near_func.text    ro code  0x00e49e    0x13  stm8l15x_lcd.o [1]
  .near_func.text    ro code  0x00e4b1    0x13  stm8l15x_lcd.o [1]
  .near_func.text    ro code  0x00e4c4    0x13  stm8l15x_lcd.o [1]
  .near_func.text    ro code  0x00e4d7    0x13  stm8l15x_tim1.o [1]
  .near_func.text    ro code  0x00e4ea    0x13  stm8l15x_tim3.o [1]
  .near_func.text    ro code  0x00e4fd    0x13  stm8l15x_usart.o [1]
  .near_func.text    ro code  0x00e510    0x13  cstartup.o [4]
  .near_func.text    ro code  0x00e523    0x12  strlen.o [4]
  .near.rodata       const    0x00e535    0x11  GPRS.o [1]
  .near_func.text    ro code  0x00e546    0x11  stm8l15x_gpio.o [1]
  .near.rodata       const    0x00e557    0x10  GPRS.o [1]
  .near_func.text    ro code  0x00e567    0x10  LedBeepKey.o [1]
  .near_func.text    ro code  0x00e577    0x10  xprintfsmall.o [4]
  .near.rodata       const    0x00e587     0xf  GPRS.o [1]
  .near.rodata       const    0x00e596     0xf  GPRS.o [1]
  .near.rodata       const    0x00e5a5     0xf  GPRS.o [1]
  .near.rodata       const    0x00e5b4     0xe  GPRS.o [1]
  .near_func.text    ro code  0x00e5c2     0xe  stm8l15x_flash.o [1]
  .near_func.text    ro code  0x00e5d0     0xe  stm8l15x_tim3.o [1]
  .near.rodata       const    0x00e5de     0xd  GPRS.o [1]
  .near.rodata       const    0x00e5eb     0xd  GPRS.o [1]
  .near_func.text    ro code  0x00e5f8     0xd  stm8l15x_adc.o [1]
  .near_func.text    ro code  0x00e605     0xd  stm8l15x_adc.o [1]
  .near_func.text    ro code  0x00e612     0xd  stm8l15x_clk.o [1]
  .near_func.text    ro code  0x00e61f     0xd  stm8l15x_clk.o [1]
  .near_func.text    ro code  0x00e62c     0xd  stm8l15x_dma.o [1]
  .near_func.text    ro code  0x00e639     0xd  stm8l15x_dma.o [1]
  .near_func.text    ro code  0x00e646     0xd  stm8l15x_lcd.o [1]
  .near_func.text    ro code  0x00e653     0xd  stm8l15x_tim1.o [1]
  .near_func.text    ro code  0x00e660     0xd  stm8l15x_tim3.o [1]
  .near_func.text    ro code  0x00e66d     0xd  stm8l15x_tim3.o [1]
  .near_func.text    ro code  0x00e67a     0xd  stm8l15x_tim3.o [1]
  .near_func.text    ro code  0x00e687     0xd  move.o [4]
  .near.rodata       const    0x00e694     0xc  GPRS.o [1]
  .near_func.text    ro code  0x00e6a0     0xc  atomsem.o [1]
  .near.rodata       const    0x00e6ac     0xb  GPRS.o [1]
  .near.rodata       const    0x00e6b7     0xb  GPRS.o [1]
  .near.rodata       const    0x00e6c2     0xb  GPRS.o [1]
  .near_func.text    ro code  0x00e6cd     0xb  atomkernel.o [1]
  .near_func.text    ro code  0x00e6d8     0xb  stm8l15x_dma.o [1]
  .near_func.text    ro code  0x00e6e3     0xb  stm8l15x_flash.o [1]
  .near_func.text    ro code  0x00e6ee     0xb  xprintfsmall.o [4]
  .near.rodata       const    0x00e6f9     0xa  GPRS.o [1]
  .near.rodata       const    0x00e703     0xa  GPRS.o [1]
  .near.rodata       const    0x00e70d     0xa  GPRS.o [1]
  .near_func.text    ro code  0x00e717     0xa  stm8l15x_clk.o [1]
  .near_func.text    ro code  0x00e721     0xa  xprintfsmall.o [4]
  .near.rodata       const    0x00e72b     0x9  GPRS.o [1]
  .near_func.text    ro code  0x00e734     0x9  stm8l15x_lcd.o [1]
  .near_func.text    ro code  0x00e73d     0x9  xprintfsmall.o [4]
  .near_func.text    ro code  0x00e746     0x9  xprintfsmall.o [4]
  .near.rodata       const    0x00e74f     0x8  GPRS.o [1]
  .near.rodata       const    0x00e757     0x8  GPRS.o [1]
  .near.rodata       const    0x00e75f     0x8  lcd.o [1]
  .near.rodata       const    0x00e767     0x8  lcd.o [1]
  .near.rodata       const    0x00e76f     0x8  lcd.o [1]
  .near.rodata       const    0x00e777     0x8  Window.o [1]
  .near.rodata       const    0x00e77f     0x7  GPRS.o [1]
  .near.rodata       const    0x00e786     0x7  xprintfsmall.o [4]
  .near_func.text    ro code  0x00e78d     0x7  stm8l15x_flash.o [1]
  .near_func.text    ro code  0x00e794     0x7  stm8l15x_tim3.o [1]
  .near_func.text    ro code  0x00e79b     0x7  xprintfsmall.o [4]
  .near.rodata       const    0x00e7a2     0x6  GPRS.o [1]
  .near.rodata       const    0x00e7a8     0x6  GPRS.o [1]
  .near.rodata       const    0x00e7ae     0x6  GPRS.o [1]
  .near.rodata       const    0x00e7b4     0x6  lcd.o [1]
  .near.rodata       const    0x00e7ba     0x6  LedBeepKey.o [1]
  .near_func.text    ro code  0x00e7c0     0x6  xprintfsmall.o [4]
  .near.rodata       const    0x00e7c6     0x5  stm8l15x_clk.o [1]
  .near_func.text    ro code  0x00e7cb     0x5  stm8l15x_adc.o [1]
  .near_func.text    ro code  0x00e7d0     0x5  stm8l15x_tim1.o [1]
  .near_func.text    ro code  0x00e7d5     0x5  stm8l15x_usart.o [1]
  .near_func.text    ro code  0x00e7da     0x5  stm8l15x_usart.o [1]
  .near_func.text    ro code  0x00e7df     0x5  stm8l15x_wwdg.o [1]
  .near_func.text    ro code  0x00e7e4     0x5  char.o [4]
  .near_func.text    ro code  0x00e7e9     0x5  cexit.o [4]
  .near.rodata       const    0x00e7ee     0x4  GPRS.o [1]
  .near_func.text    ro code  0x00e7f2     0x4  stm8l15x_clk.o [1]
  .near_func.text    ro code  0x00e7f6     0x4  stm8l15x_clk.o [1]
  .near_func.text    ro code  0x00e7fa     0x4  stm8l15x_gpio.o [1]
  .near.rodata       const    0x00e7fe     0x3  GPRS.o [1]
  .near_func.text    ro code  0x00e801     0x3  GPRS.o [1]
  .near_func.text    ro code  0x00e804     0x3  stm8l15x_gpio.o [1]
  .near_func.text    ro code  0x00e807     0x3  stm8l15x_gpio.o [1]
  .near_func.text    ro code  0x00e80a     0x3  stm8l15x_gpio.o [1]
  .near_func.text    ro code  0x00e80d     0x3  stm8l15x_usart.o [1]
  .near_func.text    ro code  0x00e810     0x3  stm8l15x_usart.o [1]
  .near_func.text    ro code  0x00e813     0x3  interrupt.o [4]
  .near_func.text    ro code  0x00e816     0x3  low_level_init.o [4]
  .near_func.text    ro code  0x00e819     0x3  exit.o [4]
  .near_func.text    ro code  0x00e81c     0x3  unhandled_exception.o [4]
  .near_func.text    ro code  0x00e81f     0x2  atomkernel.o [1]
  .near_func.text    ro code  0x00e821     0x1  stm8l15x_it.o [1]
  .near_func.text    ro code  0x00e822     0x1  stm8l15x_it.o [1]
  .near_func.text    ro code  0x00e823     0x1  stm8l15x_it.o [1]
  .near_func.text    ro code  0x00e824     0x1  stm8l15x_it.o [1]
  .near_func.text    ro code  0x00e825     0x1  stm8l15x_it.o [1]
  .near_func.text    ro code  0x00e826     0x1  stm8l15x_it.o [1]
  .near_func.text    ro code  0x00e827     0x1  stm8l15x_it.o [1]
  .near_func.text    ro code  0x00e828     0x1  stm8l15x_it.o [1]
  .near_func.text    ro code  0x00e829     0x1  stm8l15x_it.o [1]
  .near_func.text    ro code  0x00e82a     0x1  stm8l15x_it.o [1]
  .near_func.text    ro code  0x00e82b     0x1  stm8l15x_it.o [1]
  .near_func.text    ro code  0x00e82c     0x1  stm8l15x_it.o [1]
  .near_func.text    ro code  0x00e82d     0x1  stm8l15x_it.o [1]
  .near_func.text    ro code  0x00e82e     0x1  stm8l15x_it.o [1]
  .near_func.text    ro code  0x00e82f     0x1  stm8l15x_it.o [1]
  .near_func.text    ro code  0x00e830     0x1  stm8l15x_it.o [1]
  .near_func.text    ro code  0x00e831     0x1  stm8l15x_it.o [1]
  .near_func.text    ro code  0x00e832     0x1  stm8l15x_it.o [1]
  .near_func.text    ro code  0x00e833     0x1  stm8l15x_it.o [1]
  .near_func.text    ro code  0x00e834     0x1  stm8l15x_it.o [1]
  .near_func.text    ro code  0x00e835     0x1  stm8l15x_it.o [1]
  .near_func.text    ro code  0x00e836     0x1  stm8l15x_it.o [1]
  .near_func.text    ro code  0x00e837     0x1  stm8l15x_it.o [1]
  .near_func.text    ro code  0x00e838     0x1  stm8l15x_it.o [1]
  .near_func.text    ro code  0x00e839     0x1  stm8l15x_it.o [1]
  .near_func.text    ro code  0x00e83a     0x1  Window.o [1]
  .near_func.text    ro code  0x00e83b     0x1  Window.o [1]
  .near_func.text    ro code  0x00e83c     0x1  __dbg_break.o [3]
  Initializer bytes  const    0x00e83d   0x20b  <for P2 s0>
                            - 0x00ea48  0x69c8


*******************************************************************************
*** INIT TABLE
***

          Address   Size
          -------   ----
Zero (__iar_zero_init2)
    1 destination range, total size 0x951:
          0x00021b  0x951

Copy (__iar_copy_init2)
    1 source range, total size 0x20b:
          0x00e83d  0x20b
    1 destination range, total size 0x20b:
          0x000010  0x20b



*******************************************************************************
*** MODULE SUMMARY
***

    Module                 ro code  ro data  rw data
    ------                 -------  -------  -------
E:\SVN\Research\Personal\wangjinlong\SoftWare\Debug\Obj: [1]
    FLASH.o                    256       22      157
    GPRS.o                   4 926      827    1 625
    LedBeepKey.o               967       31      156
    MixChannel.o             5 107      812      456
    Window.o                   778        8       16
    atomkernel.o               886                30
    atommutex.o                652
    atomport-asm-iar.o          88
    atomport.o                 114
    atomqueue.o              1 318
    atomsem.o                  572
    atomtimer.o                471                 6
    lcd.o                    1 814      286        4
    main.o                     406       70      453
    stm8l15x_adc.o             290
    stm8l15x_clk.o             292        5
    stm8l15x_dma.o             249
    stm8l15x_flash.o            57
    stm8l15x_gpio.o            158
    stm8l15x_it.o               60
    stm8l15x_lcd.o             192
    stm8l15x_syscfg.o           35
    stm8l15x_tim1.o            235
    stm8l15x_tim3.o            249
    stm8l15x_usart.o           483
    stm8l15x_wwdg.o              5
    uart.o                     197                 5
    ------------------------------------------------
    Total:                  20 857    2 061    2 908

command line: [2]
    ------------------------------------------------
    Total:

dbgstm8smd.a: [3]
    __dbg_break.o                1
    __dbg_xxexit.o              20
    ------------------------------------------------
    Total:                      21

dlstm8smn.a: [4]
    cexit.o                      5
    char.o                       5
    cstartup.o                  19
    dc_util.o                   33
    exit.o                       3
    float.o                    923
    init.o                      23
    init_small.o                70
    interrupt.o                  3      128
    long.o                     462
    long_util.o                170
    low_level_init.o             3
    memchr.o                    21
    memcmp.o                    54
    memcpy.o                    37
    memset.o                    21
    move.o                      13
    printf.o                    32
    putchar.o                   43
    short.o                     90
    strchr.o                    21
    strlen.o                    18
    strstr.o                    68
    unhandled_exception.o        3
    vreg_util.o                354
    vregs.o                                       16
    xprintfsmall.o           1 597        7
    xprout.o                    25
    ------------------------------------------------
    Total:                   4 116      135       16

    Linker created                       18      256
----------------------------------------------------
    Grand Total:            24 994    2 214    3 180


*******************************************************************************
*** ENTRY LIST
***

Entry                    Address   Size  Type      Object
-----                    -------   ----  ----      ------
.iar.init_table$$Base   0x00e14e          --   Gb  - Linker created -
.iar.init_table$$Limit  0x00e160          --   Gb  - Linker created -
?add32_l0_l0_0x         0x00ac87         Code  Gb  long.o [4]
?and32_l0_l0_0x         0x00adcf         Code  Gb  long.o [4]
?and32_l0_l0_l1         0x00adcc         Code  Gb  long.o [4]
?b0                     0x000000         Data  Gb  vregs.o [4]
?b1                     0x000001         Data  Gb  vregs.o [4]
?b10                    0x00000a         Data  Gb  vregs.o [4]
?b11                    0x00000b         Data  Gb  vregs.o [4]
?b12                    0x00000c         Data  Gb  vregs.o [4]
?b13                    0x00000d         Data  Gb  vregs.o [4]
?b14                    0x00000e         Data  Gb  vregs.o [4]
?b15                    0x00000f         Data  Gb  vregs.o [4]
?b2                     0x000002         Data  Gb  vregs.o [4]
?b3                     0x000003         Data  Gb  vregs.o [4]
?b4                     0x000004         Data  Gb  vregs.o [4]
?b5                     0x000005         Data  Gb  vregs.o [4]
?b6                     0x000006         Data  Gb  vregs.o [4]
?b7                     0x000007         Data  Gb  vregs.o [4]
?b8                     0x000008         Data  Gb  vregs.o [4]
?b9                     0x000009         Data  Gb  vregs.o [4]
?dc32_l0                0x00e134         Code  Gb  dc_util.o [4]
?dc32_l1                0x00e141         Code  Gb  dc_util.o [4]
?dc8_px                 0x00e12d         Code  Gb  dc_util.o [4]
?dec32_0x_0x            0x00ac73         Code  Gb  long.o [4]
?dec32_l0_l0            0x00ac69         Code  Gb  long.o [4]
?dec32_l3_l3            0x00ac6e         Code  Gb  long.o [4]
?e0                     0x000001         Data  Gb  vregs.o [4]
?e1                     0x000005         Data  Gb  vregs.o [4]
?e2                     0x000009         Data  Gb  vregs.o [4]
?e3                     0x00000d         Data  Gb  vregs.o [4]
?epilogue_l2            0x00b7d5         Code  Gb  vreg_util.o [4]
?epilogue_l2_l3         0x00b7d2         Code  Gb  vreg_util.o [4]
?epilogue_l2_w6         0x00b7d9         Code  Gb  vreg_util.o [4]
?epilogue_w4            0x00b7e0         Code  Gb  vreg_util.o [4]
?fadd32_l0_l0_0x        0x009a4e         Code  Gb  float.o [4]
?fadd32_l0_l0_l1        0x009a51         Code  Gb  float.o [4]
?fcastf32u16_l0_x       0x009c75         Code  Gb  float.o [4]
?fcasts16f32_x_l0       0x009c93         Code  Gb  float.o [4]
?fdiv32_l0_dc32_l1      0x009bc2         Code  Gb  float.o [4]
?fdiv32_l0_l0_l1        0x009bc7         Code  Gb  float.o [4]
?fmul32_l0_l0_0x        0x009b24         Code  Gb  float.o [4]
?fmul32_l0_l0_dc32      0x009b1f         Code  Gb  float.o [4]
?fmul32_l0_l0_l1        0x009b27         Code  Gb  float.o [4]
?fsub32_l0_dc32_l1      0x009a43         Code  Gb  float.o [4]
?fsub32_l0_l0_l1        0x009a48         Code  Gb  float.o [4]
?inc32_0x_0x            0x00ac5b         Code  Gb  long.o [4]
?inc32_l0_l0            0x00ac56         Code  Gb  long.o [4]
?l0                     0x000000         Data  Gb  vregs.o [4]
?l1                     0x000004         Data  Gb  vregs.o [4]
?l2                     0x000008         Data  Gb  vregs.o [4]
?l3                     0x00000c         Data  Gb  vregs.o [4]
?load32_0x_l0           0x00c73c         Code  Gb  long_util.o [4]
?load32_0x_l1           0x00c74a         Code  Gb  long_util.o [4]
?load32_0x_l2           0x00c769         Code  Gb  long_util.o [4]
?load32_0x_l3           0x00c777         Code  Gb  long_util.o [4]
?load32_asp_l0          0x00c730         Code  Gb  long_util.o [4]
?load32_asp_l2          0x00c75d         Code  Gb  long_util.o [4]
?load32_dbsp_l0         0x00c72b         Code  Gb  long_util.o [4]
?load32_dbsp_l2         0x00c758         Code  Gb  long_util.o [4]
?load32_l0_0x           0x00c6eb         Code  Gb  long_util.o [4]
?load32_l0_asp          0x00c6e0         Code  Gb  long_util.o [4]
?load32_l0_dbsp         0x00c6db         Code  Gb  long_util.o [4]
?load32_l0_xsp          0x00c6e2         Code  Gb  long_util.o [4]
?load32_l1_0x           0x00c6f7         Code  Gb  long_util.o [4]
?load32_l2_0x           0x00c703         Code  Gb  long_util.o [4]
?load32_l3_0x           0x00c71f         Code  Gb  long_util.o [4]
?load32_l3_asp          0x00c714         Code  Gb  long_util.o [4]
?load32_l3_dbsp         0x00c70f         Code  Gb  long_util.o [4]
?load32_l3_xsp          0x00c716         Code  Gb  long_util.o [4]
?load32_xsp_l0          0x00c732         Code  Gb  long_util.o [4]
?load32_xsp_l2          0x00c75f         Code  Gb  long_util.o [4]
?mov_e0_e1              0x00b83b         Code  Gb  vreg_util.o [4]
?mov_e0_e2              0x00b848         Code  Gb  vreg_util.o [4]
?mov_e1_e0              0x00b855         Code  Gb  vreg_util.o [4]
?mov_e1_e3              0x00b862         Code  Gb  vreg_util.o [4]
?mov_e2_e0              0x00b86f         Code  Gb  vreg_util.o [4]
?mov_e3_e0              0x00b87c         Code  Gb  vreg_util.o [4]
?mov_l0_l1              0x00b838         Code  Gb  vreg_util.o [4]
?mov_l0_l2              0x00b845         Code  Gb  vreg_util.o [4]
?mov_l1_l0              0x00b852         Code  Gb  vreg_util.o [4]
?mov_l1_l3              0x00b85f         Code  Gb  vreg_util.o [4]
?mov_l2_l0              0x00b86c         Code  Gb  vreg_util.o [4]
?mov_l3_l0              0x00b879         Code  Gb  vreg_util.o [4]
?mov_w0_w1              0x00b7e4         Code  Gb  vreg_util.o [4]
?mov_w0_w2              0x00b7eb         Code  Gb  vreg_util.o [4]
?mov_w0_w3              0x00b7f2         Code  Gb  vreg_util.o [4]
?mov_w0_w5              0x00b7f9         Code  Gb  vreg_util.o [4]
?mov_w1_w0              0x00b800         Code  Gb  vreg_util.o [4]
?mov_w1_w3              0x00b83e         Code  Gb  vreg_util.o [4]
?mov_w1_w5              0x00b84b         Code  Gb  vreg_util.o [4]
?mov_w2_w0              0x00b807         Code  Gb  vreg_util.o [4]
?mov_w2_w1              0x00b80e         Code  Gb  vreg_util.o [4]
?mov_w3_w1              0x00b858         Code  Gb  vreg_util.o [4]
?mov_w3_w7              0x00b865         Code  Gb  vreg_util.o [4]
?mov_w4_w0              0x00b815         Code  Gb  vreg_util.o [4]
?mov_w4_w1              0x00b81c         Code  Gb  vreg_util.o [4]
?mov_w5_w0              0x00b823         Code  Gb  vreg_util.o [4]
?mov_w5_w1              0x00b872         Code  Gb  vreg_util.o [4]
?mov_w5_w2              0x00b82a         Code  Gb  vreg_util.o [4]
?mov_w5_w4              0x00b831         Code  Gb  vreg_util.o [4]
?mov_w7_w1              0x00b87f         Code  Gb  vreg_util.o [4]
?move1616_v_x_y_a       0x00e687         Code  Gb  move.o [4]
?mul16_x_x_w0           0x00d6e1         Code  Gb  short.o [4]
?mul32_l0_l0_0x         0x00acba         Code  Gb  long.o [4]
?mul32_l0_l0_l1         0x00acc3         Code  Gb  long.o [4]
?neg32_l0_l0            0x00ac46         Code  Gb  long.o [4]
?pop_l0                 0x00b79e         Code  Gb  vreg_util.o [4]
?pop_l1                 0x00b7a9         Code  Gb  vreg_util.o [4]
?pop_l2                 0x00b7b4         Code  Gb  vreg_util.o [4]
?pop_l3                 0x00b7bf         Code  Gb  vreg_util.o [4]
?pop_w4                 0x00b750         Code  Gb  vreg_util.o [4]
?pop_w5                 0x00b757         Code  Gb  vreg_util.o [4]
?pop_w6                 0x00b75e         Code  Gb  vreg_util.o [4]
?push_l0                0x00b76d         Code  Gb  vreg_util.o [4]
?push_l1                0x00b772         Code  Gb  vreg_util.o [4]
?push_l2                0x00b777         Code  Gb  vreg_util.o [4]
?push_l3                0x00b77c         Code  Gb  vreg_util.o [4]
?push_w0                0x00b724         Code  Gb  vreg_util.o [4]
?push_w1                0x00b729         Code  Gb  vreg_util.o [4]
?push_w4                0x00b72e         Code  Gb  vreg_util.o [4]
?push_w5                0x00b733         Code  Gb  vreg_util.o [4]
?push_w6                0x00b738         Code  Gb  vreg_util.o [4]
?sdiv16_x_x_y           0x00d6ff         Code  Gb  short.o [4]
?sext32_l0_a            0x00ae07         Code  Gb  long.o [4]
?sext32_l0_x            0x00adfc         Code  Gb  long.o [4]
?sll16_x_x_4            0x00d720         Code  Gb  short.o [4]
?sll16_x_x_a            0x00d718         Code  Gb  short.o [4]
?sll8_a_a_5             0x00e7e4         Code  Gb  char.o [4]
?sra16_x_x_4            0x00d736         Code  Gb  short.o [4]
?sra16_x_x_5            0x00d735         Code  Gb  short.o [4]
?sra16_x_x_6            0x00d734         Code  Gb  short.o [4]
?sra16_x_x_7            0x00d733         Code  Gb  short.o [4]
?sra16_x_x_8            0x00d732         Code  Gb  short.o [4]
?srl16_x_x_10           0x00d727         Code  Gb  short.o [4]
?srl16_x_x_11           0x00d726         Code  Gb  short.o [4]
?srl16_x_x_12           0x00d725         Code  Gb  short.o [4]
?srl16_x_x_4            0x00d72d         Code  Gb  short.o [4]
?srl16_x_x_5            0x00d72c         Code  Gb  short.o [4]
?srl16_x_x_6            0x00d72b         Code  Gb  short.o [4]
?srl16_x_x_7            0x00d72a         Code  Gb  short.o [4]
?srl16_x_x_8            0x00d729         Code  Gb  short.o [4]
?srl16_x_x_9            0x00d728         Code  Gb  short.o [4]
?srl32_0x_0x_a          0x00adee         Code  Gb  long.o [4]
?srl32_l0_l0_a          0x00adeb         Code  Gb  long.o [4]
?srl32_l0_l0_db         0x00ade7         Code  Gb  long.o [4]
?sub32_l0_l0_0x         0x00aca2         Code  Gb  long.o [4]
?sub32_l0_l0_l1         0x00ac9f         Code  Gb  long.o [4]
?ucmp32_c_l0_0x         0x00adb1         Code  Gb  long.o [4]
?ucmp32_c_l0_l1         0x00adc1         Code  Gb  long.o [4]
?udiv32_l0_l0_dl        0x00ad41         Code  Gb  long.o [4]
?udiv32_l0_l0_l1        0x00ad44         Code  Gb  long.o [4]
?umod32_l1_l0_l1        0x00ad44         Code  Gb  long.o [4]
?w0                     0x000000         Data  Gb  vregs.o [4]
?w1                     0x000002         Data  Gb  vregs.o [4]
?w2                     0x000004         Data  Gb  vregs.o [4]
?w3                     0x000006         Data  Gb  vregs.o [4]
?w4                     0x000008         Data  Gb  vregs.o [4]
?w5                     0x00000a         Data  Gb  vregs.o [4]
?w6                     0x00000c         Data  Gb  vregs.o [4]
?w7                     0x00000e         Data  Gb  vregs.o [4]
ADC1_COMP_IRQHandler    0x00e832    0x1  Code  Gb  stm8l15x_it.o [1]
ADCTask                 0x008080  0xbd0  Code  Lc  MixChannel.o [1]
ADC_ChannelCmd          0x00e180   0x20  Code  Gb  stm8l15x_adc.o [1]
ADC_Cmd                 0x00e5f8    0xd  Code  Gb  stm8l15x_adc.o [1]
ADC_ConvertedValue      0x000a70   0x16  Data  Gb  MixChannel.o [1]
ADC_DMACmd              0x00e48b   0x13  Code  Gb  stm8l15x_adc.o [1]
ADC_DeInit              0x00ce96   0x7e  Code  Gb  stm8l15x_adc.o [1]
ADC_Init                0x00e3be   0x16  Code  Gb  stm8l15x_adc.o [1]
ADC_SamplingTimeConfig  0x00e255   0x1c  Code  Gb  stm8l15x_adc.o [1]
ADC_SchmittTriggerConfig
                        0x00e1a0   0x20  Code  Gb  stm8l15x_adc.o [1]
ADC_SoftwareStartConv   0x00e7cb    0x5  Code  Gb  stm8l15x_adc.o [1]
ADC_TimerStart          0x00c953   0x93  Code  Lc  MixChannel.o [1]
ADC_TimerStop           0x00e2a7   0x19  Code  Lc  MixChannel.o [1]
ADC_VrefintCmd          0x00e605    0xd  Code  Gb  stm8l15x_adc.o [1]
AT_Answer               0x000b59    0x1  Data  Gb  GPRS.o [1]
AdChannel               0x000210    0xa  Data  Gb  MixChannel.o [1]
AdcFunChange            0x00d3a8   0x6e  Code  Lc  MixChannel.o [1]
AdcInit                 0x00a9f9  0x24d  Code  Gb  MixChannel.o [1]
AdcState                0x000b1a    0x6  Data  Gb  MixChannel.o [1]
AdcTask_Tcb             0x000af9   0x11  Data  Lc  MixChannel.o [1]
Adc_thread_stack        0x00071e  0x100  Data  Lc  MixChannel.o [1]
AnswerServer            0x0091ab  0x44c  Code  Gb  GPRS.o [1]
ArrayCount              0x000b62    0x1  Data  Lc  MixChannel.o [1]
BackLight               0x00b272   0x13  Code  Gb  LedBeepKey.o [1]
BitRam                  0x000b20    0x6  Data  Gb  Window.o [1]
BlinkFlag               0x000b64    0x1  Data  Gb  Window.o [1]
CLK_DeInit              0x00db65   0x41  Code  Gb  stm8l15x_clk.o [1]
CLK_GetClockFreq        0x00dcd1   0x38  Code  Gb  stm8l15x_clk.o [1]
CLK_HSICmd              0x00e612    0xd  Code  Gb  stm8l15x_clk.o [1]
CLK_PeripheralClockConfig
                        0x00ce17   0x7f  Code  Gb  stm8l15x_clk.o [1]
CLK_RTCClockConfig      0x00e717    0xa  Code  Gb  stm8l15x_clk.o [1]
CLK_SYSCLKDivConfig     0x00e7f6    0x4  Code  Gb  stm8l15x_clk.o [1]
CLK_SYSCLKSourceConfig  0x00e7f2    0x4  Code  Gb  stm8l15x_clk.o [1]
CLK_SYSCLKSourceSwitchCmd
                        0x00e61f    0xd  Code  Gb  stm8l15x_clk.o [1]
CRC16                   0x00da0e   0x46  Code  Gb  GPRS.o [1]
CSTACK$$Base            0x000f00          --   Gb  - Linker created -
CSTACK$$Limit           0x001000          --   Gb  - Linker created -
ConnectFailProcess      0x00d16f   0x74  Code  Lc  GPRS.o [1]
CurrentWindow           0x000b5b    0x1  Data  Gb  lcd.o [1]
Current_B               0x000b40    0x4  Data  Gb  MixChannel.o [1]
Current_K               0x000b3c    0x4  Data  Gb  MixChannel.o [1]
DMA1_CHANNEL0_1_IRQHandler
                        0x00e052   0x27  Code  Gb  MixChannel.o [1]
DMA1_CHANNEL2_3_IRQHandler
                        0x00e823    0x1  Code  Gb  stm8l15x_it.o [1]
DMA_ClearITPendingBit   0x00df5c   0x2b  Code  Gb  stm8l15x_dma.o [1]
DMA_Cmd                 0x00e639    0xd  Code  Gb  stm8l15x_dma.o [1]
DMA_GetITStatus         0x00dd77   0x36  Code  Gb  stm8l15x_dma.o [1]
DMA_GlobalCmd           0x00e62c    0xd  Code  Gb  stm8l15x_dma.o [1]
DMA_ITConfig            0x00e6d8    0xb  Code  Gb  stm8l15x_dma.o [1]
DMA_Init                0x00d1e3   0x73  Code  Gb  stm8l15x_dma.o [1]
EXTI0_IRQHandler        0x00e828    0x1  Code  Gb  stm8l15x_it.o [1]
EXTI1_IRQHandler        0x00e829    0x1  Code  Gb  stm8l15x_it.o [1]
EXTI2_IRQHandler        0x00e82a    0x1  Code  Gb  stm8l15x_it.o [1]
EXTI3_IRQHandler        0x00e82b    0x1  Code  Gb  stm8l15x_it.o [1]
EXTI4_IRQHandler        0x00e82c    0x1  Code  Gb  stm8l15x_it.o [1]
EXTI5_IRQHandler        0x00e82d    0x1  Code  Gb  stm8l15x_it.o [1]
EXTI6_IRQHandler        0x00e82e    0x1  Code  Gb  stm8l15x_it.o [1]
EXTI7_IRQHandler        0x00e82f    0x1  Code  Gb  stm8l15x_it.o [1]
EXTIB_G_IRQHandler      0x00e826    0x1  Code  Gb  stm8l15x_it.o [1]
EXTID_H_IRQHandler      0x00e827    0x1  Code  Gb  stm8l15x_it.o [1]
EXTIE_F_PVD_IRQHandler  0x00e825    0x1  Code  Gb  stm8l15x_it.o [1]
EventProcess            0x00a78f  0x26a  Code  Lc  MixChannel.o [1]
FLASH_GetFlagStatus     0x00e5c2    0xe  Code  Gb  stm8l15x_flash.o [1]
FLASH_IRQHandler        0x00e822    0x1  Code  Gb  stm8l15x_it.o [1]
FLASH_Lock              0x00e78d    0x7  Code  Gb  stm8l15x_flash.o [1]
FLASH_SetProgrammingTime
                        0x00e6e3    0xb  Code  Gb  stm8l15x_flash.o [1]
FLASH_Unlock            0x00e2c0   0x19  Code  Gb  stm8l15x_flash.o [1]
FactoryReset            0x00c62f   0x6a  Code  Gb  FLASH.o [1]
GPIO_ExternalPullUpConfig
                        0x00e546   0x11  Code  Gb  stm8l15x_gpio.o [1]
GPIO_Init               0x00cd97   0x80  Code  Gb  stm8l15x_gpio.o [1]
GPIO_ReadInputData      0x00e807    0x3  Code  Gb  stm8l15x_gpio.o [1]
GPIO_ReadInputDataBit   0x00e80a    0x3  Code  Gb  stm8l15x_gpio.o [1]
GPIO_ResetBits          0x00e7fa    0x4  Code  Gb  stm8l15x_gpio.o [1]
GPIO_SetBits            0x00e804    0x3  Code  Gb  stm8l15x_gpio.o [1]
GUI_ShowWindow          0x00dc99   0x38  Code  Gb  main.o [1]
GetTemperature          0x00c785   0x9c  Code  Gb  MixChannel.o [1]
GprsInfo                0x000a0b   0x1a  Data  Gb  GPRS.o [1]
GprsRxBuf               0x00021b  0x202  Data  Gb  GPRS.o [1]
GprsTxBuf               0x00041d  0x101  Data  Gb  GPRS.o [1]
GprsUsartTask           0x009dc1  0x391  Code  Lc  GPRS.o [1]
GprsUsartTask_Tcb       0x000ac6   0x11  Data  Lc  GPRS.o [1]
GprsUsartTask_stack     0x00051e  0x100  Data  Lc  GPRS.o [1]
Gprs_Init               0x00c4ad   0xce  Code  Gb  GPRS.o [1]
Gprs_ReStart            0x00d682   0x5f  Code  Lc  GPRS.o [1]
HeartBeat_Timer         0x00de4d   0x32  Code  Gb  GPRS.o [1]
I2C1_SPI2_IRQHandler    0x00e839    0x1  Code  Gb  stm8l15x_it.o [1]
INTVEC$$Base            0x008000          --   Gb  - Linker created -
INTVEC$$Limit           0x008080          --   Gb  - Linker created -
IntoEdit                0x000b66    0x1  Data  Gb  Window.o [1]
KEY_GetKey              0x00dc5e   0x3b  Code  Gb  LedBeepKey.o [1]
KeyScanTask             0x00c040  0x111  Code  Lc  LedBeepKey.o [1]
KeyScanTask_Tcb         0x000ad7   0x11  Data  Lc  LedBeepKey.o [1]
KeyScanTask_thread_stack
                        0x00081e   0x80  Data  Lc  LedBeepKey.o [1]
KeySetSound             0x00d00c   0x79  Code  Gb  LedBeepKey.o [1]
LCD_AES_IRQHandler      0x00e830    0x1  Code  Gb  stm8l15x_it.o [1]
LCD_AdressDisp          0x0095f7   0x12  Code  Gb  lcd.o [1]
LCD_BlinkDisop          0x009609   0xa5  Code  Gb  lcd.o [1]
LCD_CHAR                0x00cc17   0x80  Data  Gb  lcd.o [1]
LCD_ChannelSetDisp      0x00c9e6   0x90  Code  Gb  lcd.o [1]
LCD_Cmd                 0x00e646    0xd  Code  Gb  stm8l15x_lcd.o [1]
LCD_ContrastConfig      0x00e4c4   0x13  Code  Gb  stm8l15x_lcd.o [1]
LCD_DeadTimeConfig      0x00e4b1   0x13  Code  Gb  stm8l15x_lcd.o [1]
LCD_DesktopDisp         0x00afb8  0x195  Code  Gb  lcd.o [1]
LCD_DisplayChar         0x009958   0x6f  Code  Gb  lcd.o [1]
LCD_GLASS_Init          0x00da9a   0x45  Code  Gb  lcd.o [1]
LCD_Init                0x00d2c8   0x71  Code  Gb  stm8l15x_lcd.o [1]
LCD_MAP                 0x00cc97   0x80  Data  Gb  lcd.o [1]
LCD_MenuDisp            0x00cf14   0x7d  Code  Gb  lcd.o [1]
LCD_PortMaskConfig      0x00e734    0x9  Code  Gb  stm8l15x_lcd.o [1]
LCD_Printf              0x0098f3   0x65  Code  Gb  lcd.o [1]
LCD_PrintfSpecialChar   0x0096ae  0x245  Code  Gb  lcd.o [1]
LCD_PulseOnDurationConfig
                        0x00e49e   0x13  Code  Gb  stm8l15x_lcd.o [1]
LCD_SetPixel            0x0099c7   0x5f  Code  Gb  lcd.o [1]
Leakage_B               0x000b38    0x4  Data  Gb  MixChannel.o [1]
Leakage_K               0x000b34    0x4  Data  Gb  MixChannel.o [1]
LedBeepKeyInit          0x00d555   0x66  Code  Gb  LedBeepKey.o [1]
LedCtrl                 0x00e567   0x10  Code  Gb  LedBeepKey.o [1]
LedShow                 0x00b1a5   0xcd  Code  Gb  LedBeepKey.o [1]
LoadInt                 0x00dba6   0x3f  Code  Lc  xprintfsmall.o [4]
MUSIC_Off               0x00b2d1    0x8  Code  Lc  LedBeepKey.o [1]
MUSIC_On                0x00b2c9    0x8  Code  Lc  LedBeepKey.o [1]
MUSIC_Set               0x00b285   0x40  Code  Gb  LedBeepKey.o [1]
MUSIC_State             0x00b2c5    0x4  Code  Gb  LedBeepKey.o [1]
MusicState              0x000b5d    0x1  Data  Lc  LedBeepKey.o [1]
MusicTimerCallback      0x00b14d   0x58  Code  Gb  LedBeepKey.o [1]
Mutex_Lcd               0x000b26    0x5  Data  Lc  main.o [1]
OptionBit               0x000b65    0x1  Data  Gb  Window.o [1]
PacketPreprocess        0x00b886  0x15e  Code  Gb  GPRS.o [1]
ParameterBuffer         0x00091e   0x5a  Data  Gb  FLASH.o [1]
ParameterSysStatus      0x0009c8   0x43  Data  Gb  FLASH.o [1]
PrintString             0x00ca76   0x8d  Code  Gb  GPRS.o [1]
QueueGprsPut            0x00e478   0x13  Code  Gb  GPRS.o [1]
QueueGprsStorage        0x000b0a    0xa  Data  Lc  GPRS.o [1]
QueueLcdStorage         0x000ab2   0x14  Data  Lc  main.o [1]
Queue_Gprs              0x000a25   0x1a  Data  Lc  GPRS.o [1]
Queue_Lcd               0x000a3f   0x1a  Data  Lc  main.o [1]
RTC_CSSLSE_IRQHandler   0x00e824    0x1  Code  Gb  stm8l15x_it.o [1]
ReadFlashParameter      0x00d83f   0x54  Code  Gb  FLASH.o [1]
ReceiveReset            0x00df06   0x2b  Code  Lc  GPRS.o [1]
RecvCount               0x000b52    0x2  Data  Lc  GPRS.o [1]
Region$$Table$$Base     0x00e14e          --   Gb  - Linker created -
Region$$Table$$Limit    0x00e160          --   Gb  - Linker created -
RelayCtrl               0x00df31   0x2b  Code  Gb  MixChannel.o [1]
SPI1_IRQHandler         0x00e836    0x1  Code  Gb  stm8l15x_it.o [1]
SWITCH_CSS_BREAK_DAC_IRQHandler
                        0x00e831    0x1  Code  Gb  stm8l15x_it.o [1]
SYSCFG_REMAPDMAChannelConfig
                        0x00e10a   0x23  Code  Gb  stm8l15x_syscfg.o [1]
SYSCLK_Init             0x00e3a8   0x16  Code  Gb  main.o [1]
SYSDivFactor            0x00e7c6    0x5  Data  Gb  stm8l15x_clk.o [1]
Sem_Adc                 0x000b47    0x3  Data  Lc  MixChannel.o [1]
Sem_Gprs                0x000b44    0x3  Data  Lc  GPRS.o [1]
SendATCommand           0x00d9c5   0x49  Code  Lc  GPRS.o [1]
SendHeartBeat           0x008c50  0x55b  Code  Lc  GPRS.o [1]
SysInit_Task            0x00c3d7   0xd6  Code  Lc  main.o [1]
SysInit_Tcb             0x000ae8   0x11  Data  Lc  main.o [1]
TIM1_CC_IRQHandler      0x00e834    0x1  Code  Gb  stm8l15x_it.o [1]
TIM1_ClearITPendingBit  0x00e7d0    0x5  Code  Gb  stm8l15x_tim1.o [1]
TIM1_Cmd                0x00e653    0xd  Code  Gb  stm8l15x_tim1.o [1]
TIM1_DeInit             0x00c8ba   0x99  Code  Gb  stm8l15x_tim1.o [1]
TIM1_ITConfig           0x00e4d7   0x13  Code  Gb  stm8l15x_tim1.o [1]
TIM1_TimeBaseInit       0x00deae   0x2d  Code  Gb  stm8l15x_tim1.o [1]
TIM1_UPD_OVF_TRG_COM_IRQHandler
                        0x00e0e7   0x23  Code  Gb  stm8l15x_it.o [1]
TIM2_CC_USART2_RX_IRQHandler
                        0x00e833    0x1  Code  Gb  stm8l15x_it.o [1]
TIM3_ARRPreloadConfig   0x00e660    0xd  Code  Gb  stm8l15x_tim3.o [1]
TIM3_CC_USART3_RX_IRQHandler
                        0x00b2d9  0x178  Code  Gb  GPRS.o [1]
TIM3_ClearFlag          0x00e67a    0xd  Code  Gb  stm8l15x_tim3.o [1]
TIM3_Cmd                0x00e66d    0xd  Code  Gb  stm8l15x_tim3.o [1]
TIM3_DeInit             0x00d5bb   0x65  Code  Gb  stm8l15x_tim3.o [1]
TIM3_GenerateEvent      0x00e794    0x7  Code  Gb  stm8l15x_tim3.o [1]
TIM3_GetITStatus        0x00e271   0x1c  Code  Gb  stm8l15x_tim3.o [1]
TIM3_ITConfig           0x00e4ea   0x13  Code  Gb  stm8l15x_tim3.o [1]
TIM3_SetCounter         0x00e5d0    0xe  Code  Gb  stm8l15x_tim3.o [1]
TIM3_TimeBaseInit       0x00dfb2   0x29  Code  Gb  stm8l15x_tim3.o [1]
TIM3_UPD_OVF_TRG_BRK_USART3_TX_IRQHandler
                        0x00dfdb   0x28  Code  Gb  MixChannel.o [1]
TIM4_UPD_OVF_TRG_IRQHandler
                        0x00e835    0x1  Code  Gb  stm8l15x_it.o [1]
TRAP_IRQHandler         0x00e821    0x1  Code  Gb  stm8l15x_it.o [1]
TempArray               0x000978   0x50  Data  Gb  MixChannel.o [1]
TemputeratureDifferenceTable
                        0x00d620   0x62  Data  Gb  MixChannel.o [1]
USART1_RX_TIM5_CC_IRQHandler
                        0x00e838    0x1  Code  Gb  stm8l15x_it.o [1]
USART1_TX_TIM5_UPD_OVF_TRG_BRK_IRQHandler
                        0x00e837    0x1  Code  Gb  stm8l15x_it.o [1]
USART_ClearFlag         0x00e7d5    0x5  Code  Gb  stm8l15x_usart.o [1]
USART_ClearITPendingBit
                        0x00e7da    0x5  Code  Gb  stm8l15x_usart.o [1]
USART_Cmd               0x00e4fd   0x13  Code  Gb  stm8l15x_usart.o [1]
USART_DeInit            0x00dde3   0x35  Code  Gb  stm8l15x_usart.o [1]
USART_GetFlagStatus     0x00e1e0   0x1e  Code  Gb  stm8l15x_usart.o [1]
USART_GetITStatus       0x00d085   0x75  Code  Gb  stm8l15x_usart.o [1]
USART_ITConfig          0x00d339   0x6f  Code  Gb  stm8l15x_usart.o [1]
USART_Init              0x00cb8e   0x89  Code  Gb  stm8l15x_usart.o [1]
USART_ReceiveData8      0x00e80d    0x3  Code  Gb  stm8l15x_usart.o [1]
USART_SendData8         0x00e810    0x3  Code  Gb  stm8l15x_usart.o [1]
WWDG_SWReset            0x00e7df    0x5  Code  Gb  stm8l15x_wwdg.o [1]
WinAddressSetProc       0x00d0fa   0x75  Code  Gb  Window.o [1]
WinChannelSetProc       0x00bb41  0x158  Code  Gb  Window.o [1]
WinDesktopProc          0x00d793   0x58  Code  Gb  Window.o [1]
WinMenuProc             0x00d4ed   0x68  Code  Gb  Window.o [1]
WinMsg                  0x000b61    0x1  Data  Lc  main.o [1]
WinPasswordProc         0x00e83a    0x1  Code  Gb  Window.o [1]
WinReStartProc          0x00e83b    0x1  Code  Gb  Window.o [1]
WinSelfCheckProc        0x00cf91   0x7b  Code  Gb  Window.o [1]
WriteFlashParameter     0x00c699   0x42  Code  Gb  FLASH.o [1]
_LitobSmall             0x00b451  0x171  Code  Lc  xprintfsmall.o [4]
_PrintfSmall            0x00a152  0x391  Code  Gb  xprintfsmall.o [4]
_Prout                  0x00e2d9   0x19  Code  Gb  xprout.o [4]
_PutcharSmall           0x00de7f   0x2f  Code  Lc  xprintfsmall.o [4]
_PutcharsSmall          0x00de18   0x35  Code  Lc  xprintfsmall.o [4]
__DebugBreak            0x00e83c    0x1  Code  Gb  __dbg_break.o [3]
__exit                  0x00e451   0x14  Code  Gb  __dbg_xxexit.o [3]
__iar_Memchr            0x00e413   0x15  Code  Gb  memchr.o [4]
__iar_Strchr            0x00e428   0x15  Code  Gb  strchr.o [4]
__iar_Strstr            0x00dadf   0x44  Code  Gb  strstr.o [4]
__iar_copy_init2        0x00e003         Code  Gb  init_small.o [4]
__iar_data_init2        0x00e339   0x17  Code  Gb  init.o [4]
__iar_program_start     0x00e510         Code  Gb  cstartup.o [4]
__iar_unhandled_exception
                        0x00e81c         Code  Gb  unhandled_exception.o [4]
__iar_zero_init2        0x00e1fe         Code  Gb  init_small.o [4]
__intvec                0x008000         Data  Gb  interrupt.o [4]
__low_level_init        0x00e816    0x3  Code  Gb  low_level_init.o [4]
__write                 0x00dbe5   0x3d  Code  Gb  uart.o [1]
_exit                   0x00e7e9         Code  Gb  cexit.o [4]
_interrupt_1            0x00e821         Code  Gb  stm8l15x_it.o [1]
_interrupt_10           0x00e828         Code  Gb  stm8l15x_it.o [1]
_interrupt_11           0x00e829         Code  Gb  stm8l15x_it.o [1]
_interrupt_12           0x00e82a         Code  Gb  stm8l15x_it.o [1]
_interrupt_13           0x00e82b         Code  Gb  stm8l15x_it.o [1]
_interrupt_14           0x00e82c         Code  Gb  stm8l15x_it.o [1]
_interrupt_15           0x00e82d         Code  Gb  stm8l15x_it.o [1]
_interrupt_16           0x00e82e         Code  Gb  stm8l15x_it.o [1]
_interrupt_17           0x00e82f         Code  Gb  stm8l15x_it.o [1]
_interrupt_18           0x00e830         Code  Gb  stm8l15x_it.o [1]
_interrupt_19           0x00e831         Code  Gb  stm8l15x_it.o [1]
_interrupt_20           0x00e832         Code  Gb  stm8l15x_it.o [1]
_interrupt_22           0x00e833         Code  Gb  stm8l15x_it.o [1]
_interrupt_23           0x00dfdb         Code  Gb  MixChannel.o [1]
_interrupt_24           0x00b2d9         Code  Gb  GPRS.o [1]
_interrupt_25           0x00e0e7         Code  Gb  stm8l15x_it.o [1]
_interrupt_26           0x00e834         Code  Gb  stm8l15x_it.o [1]
_interrupt_27           0x00e835         Code  Gb  stm8l15x_it.o [1]
_interrupt_28           0x00e836         Code  Gb  stm8l15x_it.o [1]
_interrupt_29           0x00e837         Code  Gb  stm8l15x_it.o [1]
_interrupt_3            0x00e822         Code  Gb  stm8l15x_it.o [1]
_interrupt_30           0x00e838         Code  Gb  stm8l15x_it.o [1]
_interrupt_31           0x00e839         Code  Gb  stm8l15x_it.o [1]
_interrupt_4            0x00e052         Code  Gb  MixChannel.o [1]
_interrupt_5            0x00e823         Code  Gb  stm8l15x_it.o [1]
_interrupt_6            0x00e824         Code  Gb  stm8l15x_it.o [1]
_interrupt_7            0x00e825         Code  Gb  stm8l15x_it.o [1]
_interrupt_8            0x00e826         Code  Gb  stm8l15x_it.o [1]
_interrupt_9            0x00e827         Code  Gb  stm8l15x_it.o [1]
archContextSwitch       0x00d73b         Code  Gb  atomport-asm-iar.o [1]
archFirstThreadRestore  0x00d778         Code  Gb  atomport-asm-iar.o [1]
archInitSystemTickTimer
                        0x00e02b   0x27  Code  Gb  atomport.o [1]
archThreadContextInit   0x00dedb   0x2b  Code  Gb  atomport.o [1]
atomCurrentContext      0x00e6cd    0xb  Code  Gb  atomkernel.o [1]
atomIdleThread          0x00e81f    0x2  Code  Lc  atomkernel.o [1]
atomIntCnt              0x000b4e    0x2  Data  Lc  atomkernel.o [1]
atomIntEnter            0x00ae1e    0x8  Code  Gb  atomkernel.o [1]
atomIntExit             0x00ae14    0xa  Code  Gb  atomkernel.o [1]
atomMutexCreate         0x00e239   0x1c  Code  Gb  atommutex.o [1]
atomMutexGet            0x00bc99  0x14e  Code  Gb  atommutex.o [1]
atomMutexPut            0x00c301   0xd6  Code  Gb  atommutex.o [1]
atomMutexTimerCallback  0x00d8e1   0x4c  Code  Lc  atommutex.o [1]
atomOSInit              0x00e0c4   0x23  Code  Gb  atomkernel.o [1]
atomOSStart             0x00e392   0x16  Code  Gb  atomkernel.o [1]
atomOSStarted           0x000b58    0x1  Data  Gb  atomkernel.o [1]
atomQueueCreate         0x00d482   0x6b  Code  Gb  atomqueue.o [1]
atomQueueGet            0x00b5c2  0x162  Code  Gb  atomqueue.o [1]
atomQueuePut            0x00b9e4  0x15d  Code  Gb  atomqueue.o [1]
atomQueueTimerCallback  0x00d92d   0x4c  Code  Lc  atomqueue.o [1]
atomSched               0x00af2a   0x8e  Code  Gb  atomkernel.o [1]
atomSemCreate           0x00e465   0x13  Code  Gb  atomsem.o [1]
atomSemGet              0x00bf23  0x11d  Code  Gb  atomsem.o [1]
atomSemPut              0x00c57b   0xb4  Code  Gb  atomsem.o [1]
atomSemResetCount       0x00e6a0    0xc  Code  Gb  atomsem.o [1]
atomSemTimerCallback    0x00d979   0x4c  Code  Lc  atomsem.o [1]
atomThreadCreate        0x00ae26   0xe7  Code  Gb  atomkernel.o [1]
atomThreadSwitch        0x00af0d   0x1d  Code  Lc  atomkernel.o [1]
atomTimerCallbacks      0x00d416   0x6c  Code  Lc  atomtimer.o [1]
atomTimerCancel         0x00d893   0x4e  Code  Gb  atomtimer.o [1]
atomTimerDelay          0x00cb03   0x8b  Code  Gb  atomtimer.o [1]
atomTimerDelayCallback  0x00e079   0x26  Code  Lc  atomtimer.o [1]
atomTimerRegister       0x00d7eb   0x54  Code  Gb  atomtimer.o [1]
atomTimerTick           0x00e30a   0x18  Code  Gb  atomtimer.o [1]
auchCRCHi               0x000010  0x100  Data  Lc  GPRS.o [1]
auchCRCLo               0x000110  0x100  Data  Lc  GPRS.o [1]
curr_tcb                0x000b4c    0x2  Data  Lc  atomkernel.o [1]
exit                    0x00e819    0x3  Code  Gb  exit.o [4]
gKeyUnpressedCount      0x000b54    0x2  Data  Gb  lcd.o [1]
idle_tcb                0x000a59   0x17  Data  Lc  atomkernel.o [1]
idle_thread_stack       0x00089e   0x80  Data  Lc  main.o [1]
isForwardAlarm          0x00bde7  0x13c  Code  Gb  MixChannel.o [1]
main                    0x00d256   0x72  Code  Gb  main.o [1]
main_thread_stack       0x00061e  0x100  Data  Lc  main.o [1]
memcmp                  0x00ddad   0x36  Code  Gb  memcmp.o [4]
memcpy                  0x00e09f   0x25  Code  Gb  memcpy.o [4]
memset                  0x00e3fe   0x15  Code  Gb  memset.o [4]
pad                     0x00dd40   0x37  Code  Lc  xprintfsmall.o [4]
printf                  0x00e1c0   0x20  Code  Gb  printf.o [4]
putchar                 0x00df87   0x2b  Code  Gb  putchar.o [4]
queue_insert            0x00c229   0xd8  Code  Lc  atomqueue.o [1]
queue_remove            0x00c151   0xd8  Code  Lc  atomqueue.o [1]
strlen                  0x00e523   0x12  Code  Gb  strlen.o [4]
strstr                  0x00e801    0x3  Code  Gb  GPRS.o [1]
system_ticks            0x000b30    0x4  Data  Lc  atomtimer.o [1]
tcbDequeueEntry         0x00c821   0x99  Code  Gb  atomkernel.o [1]
tcbDequeueHead          0x00dc22   0x3c  Code  Gb  atomkernel.o [1]
tcbDequeuePriority      0x00dd09   0x37  Code  Gb  atomkernel.o [1]
tcbEnqueuePriority      0x00cd17   0x80  Code  Gb  atomkernel.o [1]
tcbReadyQ               0x000b4a    0x2  Data  Gb  atomkernel.o [1]
temperature             0x00a4e3  0x2ac  Data  Gb  MixChannel.o [1]
thread_shell            0x00e160   0x20  Code  Lc  atomport.o [1]
timer_queue             0x000b50    0x2  Data  Lc  atomtimer.o [1]
uart_init               0x00da54   0x46  Code  Gb  uart.o [1]
uart_mutex              0x000b2b    0x5  Data  Lc  uart.o [1]
uart_putchar            0x00db23   0x42  Code  Gb  uart.o [1]


[1] = E:\SVN\Research\Personal\wangjinlong\SoftWare\Debug\Obj
[2] = command line
[3] = dbgstm8smd.a
[4] = dlstm8smn.a

  24 994 bytes of readonly  code memory
   2 214 bytes of readonly  data memory
   3 180 bytes of readwrite data memory

Errors: none
Warnings: none
