###############################################################################
#
# IAR ELF Linker V2.10.4.157 for STM8                     21/Jul/2017  10:51:56
# Copyright 2010-2015 IAR Systems AB.
#
#    Output file  =  
#        E:\SVN\Research\Personal\wangjinlong\SoftWare\Debug\Exe\DDH5269new.out
#    Map file     =  
#        E:\SVN\Research\Personal\wangjinlong\SoftWare\Debug\List\DDH5269new.map
#    Command line =  
#        E:\SVN\Research\Personal\wangjinlong\SoftWare\Debug\Obj\atomkernel.o
#        E:\SVN\Research\Personal\wangjinlong\SoftWare\Debug\Obj\atommutex.o
#        E:\SVN\Research\Personal\wangjinlong\SoftWare\Debug\Obj\atomport-asm-iar.o
#        E:\SVN\Research\Personal\wangjinlong\SoftWare\Debug\Obj\atomport.o
#        E:\SVN\Research\Personal\wangjinlong\SoftWare\Debug\Obj\atomqueue.o
#        E:\SVN\Research\Personal\wangjinlong\SoftWare\Debug\Obj\atomsem.o
#        E:\SVN\Research\Personal\wangjinlong\SoftWare\Debug\Obj\atomtimer.o
#        E:\SVN\Research\Personal\wangjinlong\SoftWare\Debug\Obj\Current.o
#        E:\SVN\Research\Personal\wangjinlong\SoftWare\Debug\Obj\FLASH.o
#        E:\SVN\Research\Personal\wangjinlong\SoftWare\Debug\Obj\GPRS.o
#        E:\SVN\Research\Personal\wangjinlong\SoftWare\Debug\Obj\IOCheck.o
#        E:\SVN\Research\Personal\wangjinlong\SoftWare\Debug\Obj\lcd.o
#        E:\SVN\Research\Personal\wangjinlong\SoftWare\Debug\Obj\LedBeepKey.o
#        E:\SVN\Research\Personal\wangjinlong\SoftWare\Debug\Obj\main.o
#        E:\SVN\Research\Personal\wangjinlong\SoftWare\Debug\Obj\MixChannel.o
#        E:\SVN\Research\Personal\wangjinlong\SoftWare\Debug\Obj\stm8l15x_adc.o
#        E:\SVN\Research\Personal\wangjinlong\SoftWare\Debug\Obj\stm8l15x_aes.o
#        E:\SVN\Research\Personal\wangjinlong\SoftWare\Debug\Obj\stm8l15x_beep.o
#        E:\SVN\Research\Personal\wangjinlong\SoftWare\Debug\Obj\stm8l15x_clk.o
#        E:\SVN\Research\Personal\wangjinlong\SoftWare\Debug\Obj\stm8l15x_comp.o
#        E:\SVN\Research\Personal\wangjinlong\SoftWare\Debug\Obj\stm8l15x_dac.o
#        E:\SVN\Research\Personal\wangjinlong\SoftWare\Debug\Obj\stm8l15x_dma.o
#        E:\SVN\Research\Personal\wangjinlong\SoftWare\Debug\Obj\stm8l15x_exti.o
#        E:\SVN\Research\Personal\wangjinlong\SoftWare\Debug\Obj\stm8l15x_flash.o
#        E:\SVN\Research\Personal\wangjinlong\SoftWare\Debug\Obj\stm8l15x_gpio.o
#        E:\SVN\Research\Personal\wangjinlong\SoftWare\Debug\Obj\stm8l15x_i2c.o
#        E:\SVN\Research\Personal\wangjinlong\SoftWare\Debug\Obj\stm8l15x_irtim.o
#        E:\SVN\Research\Personal\wangjinlong\SoftWare\Debug\Obj\stm8l15x_it.o
#        E:\SVN\Research\Personal\wangjinlong\SoftWare\Debug\Obj\stm8l15x_itc.o
#        E:\SVN\Research\Personal\wangjinlong\SoftWare\Debug\Obj\stm8l15x_iwdg.o
#        E:\SVN\Research\Personal\wangjinlong\SoftWare\Debug\Obj\stm8l15x_lcd.o
#        E:\SVN\Research\Personal\wangjinlong\SoftWare\Debug\Obj\stm8l15x_pwr.o
#        E:\SVN\Research\Personal\wangjinlong\SoftWare\Debug\Obj\stm8l15x_rst.o
#        E:\SVN\Research\Personal\wangjinlong\SoftWare\Debug\Obj\stm8l15x_rtc.o
#        E:\SVN\Research\Personal\wangjinlong\SoftWare\Debug\Obj\stm8l15x_spi.o
#        E:\SVN\Research\Personal\wangjinlong\SoftWare\Debug\Obj\stm8l15x_syscfg.o
#        E:\SVN\Research\Personal\wangjinlong\SoftWare\Debug\Obj\stm8l15x_tim1.o
#        E:\SVN\Research\Personal\wangjinlong\SoftWare\Debug\Obj\stm8l15x_tim2.o
#        E:\SVN\Research\Personal\wangjinlong\SoftWare\Debug\Obj\stm8l15x_tim3.o
#        E:\SVN\Research\Personal\wangjinlong\SoftWare\Debug\Obj\stm8l15x_tim4.o
#        E:\SVN\Research\Personal\wangjinlong\SoftWare\Debug\Obj\stm8l15x_tim5.o
#        E:\SVN\Research\Personal\wangjinlong\SoftWare\Debug\Obj\stm8l15x_usart.o
#        E:\SVN\Research\Personal\wangjinlong\SoftWare\Debug\Obj\stm8l15x_wfe.o
#        E:\SVN\Research\Personal\wangjinlong\SoftWare\Debug\Obj\stm8l15x_wwdg.o
#        E:\SVN\Research\Personal\wangjinlong\SoftWare\Debug\Obj\SysUsart.o
#        E:\SVN\Research\Personal\wangjinlong\SoftWare\Debug\Obj\uart.o
#        E:\SVN\Research\Personal\wangjinlong\SoftWare\Debug\Obj\Window.o
#        --redirect _Printf=_PrintfSmall --redirect _Scanf=_ScanfSmall -o
#        E:\SVN\Research\Personal\wangjinlong\SoftWare\Debug\Exe\DDH5269new.out
#        --map
#        E:\SVN\Research\Personal\wangjinlong\SoftWare\Debug\List\DDH5269new.map
#        --config "C:\Program Files (x86)\IAR Systems\Embedded Workbench
#        7.0_2\stm8\config\lnkstm8l052r8.icf" --config_def _CSTACK_SIZE=0x100
#        --config_def _HEAP_SIZE=0x100 --entry __iar_program_start --debug_lib
#
###############################################################################

*******************************************************************************
*** RUNTIME MODEL ATTRIBUTES
***

__SystemLibrary            = DLib
__code_model               = small
__core                     = stm8
__data_model               = medium
__dlib_file_descriptor     = 0
__dlib_full_locale_support = 0
__rt_version               = 4


*******************************************************************************
*** PLACEMENT SUMMARY
***

"A1":  place at start of [0x000000-0x0000ff] { rw section .vregs };
"A2":  place at end of [0x000000-0x000fff] { block CSTACK };
"P2":  place in [from 0x000000 to 0x000fff] {
          block HEAP, rw section __DLIB_PERTHREAD, rw section .far.bss,
          rw section .far.data, rw section .far.noinit,
          rw section .far_func.textrw, rw section .huge.bss,
          rw section .huge.data, rw section .huge.noinit,
          rw section .huge_func.textrw, rw section .iar.dynexit,
          rw section .near.bss, rw section .near.data, rw section .near.noinit,
          rw section .near_func.textrw };
"A3":  place at start of [0x008000-0x00ffff] { block INTVEC };
"P3":  place in [from 0x008000 to 0x00ffff] {
          ro section __DLIB_PERTHREAD_init, ro section .far.data_init,
          ro section .far_func.textrw_init, ro section .huge.data_init,
          ro section .huge_func.textrw_init, ro section .iar.init_table,
          ro section .init_array, ro section .near.data_init,
          ro section .near.rodata, ro section .near_func.text,
          ro section .near_func.textrw_init, ro section .tiny.data_init,
          ro section .tiny.rodata_init };

  Section            Kind      Address    Size  Object
  -------            ----      -------    ----  ------
"A1":                                     0x10
  .vregs             uninit   0x000000    0x10  vregs.o [4]
                            - 0x000010    0x10

"P2":                                    0x7f7
  P2 s0                       0x000010     0xb  <Init block>
    .near.data       inited   0x000010     0xa  MixChannel.o [1]
    .near.data       inited   0x00001a     0x1  LedBeepKey.o [1]
  .near.bss          zero     0x00001b   0x200  GPRS.o [1]
  .near.bss          zero     0x00021b   0x100  GPRS.o [1]
  .near.bss          zero     0x00031b   0x100  main.o [1]
  .near.bss          zero     0x00041b   0x100  MixChannel.o [1]
  .near.bss          zero     0x00051b    0x80  LedBeepKey.o [1]
  .near.bss          zero     0x00059b    0x80  main.o [1]
  .near.bss          zero     0x00061b    0x50  FLASH.o [1]
  .near.bss          zero     0x00066b    0x50  MixChannel.o [1]
  .near.bss          zero     0x0006bb    0x2c  FLASH.o [1]
  .near.bss          zero     0x0006e7    0x1a  GPRS.o [1]
  .near.bss          zero     0x000701    0x1a  main.o [1]
  .near.bss          zero     0x00071b    0x17  atomkernel.o [1]
  .near.bss          zero     0x000732    0x16  MixChannel.o [1]
  .near.bss          zero     0x000748    0x14  main.o [1]
  .near.bss          zero     0x00075c    0x11  GPRS.o [1]
  .near.bss          zero     0x00076d    0x11  LedBeepKey.o [1]
  .near.bss          zero     0x00077e    0x11  main.o [1]
  .near.bss          zero     0x00078f    0x11  MixChannel.o [1]
  .near.bss          zero     0x0007a0    0x10  MixChannel.o [1]
  .near.bss          zero     0x0007b0    0x10  MixChannel.o [1]
  .near.bss          zero     0x0007c0     0xa  GPRS.o [1]
  .near.bss          zero     0x0007ca     0x6  MixChannel.o [1]
  .near.bss          zero     0x0007d0     0x5  main.o [1]
  .near.bss          zero     0x0007d5     0x5  uart.o [1]
  .near.bss          zero     0x0007da     0x4  atomtimer.o [1]
  .near.bss          zero     0x0007de     0x4  MixChannel.o [1]
  .near.bss          zero     0x0007e2     0x4  MixChannel.o [1]
  .near.bss          zero     0x0007e6     0x4  MixChannel.o [1]
  .near.bss          zero     0x0007ea     0x4  MixChannel.o [1]
  .near.bss          zero     0x0007ee     0x3  GPRS.o [1]
  .near.bss          zero     0x0007f1     0x3  MixChannel.o [1]
  .near.bss          zero     0x0007f4     0x2  atomkernel.o [1]
  .near.bss          zero     0x0007f6     0x2  atomkernel.o [1]
  .near.bss          zero     0x0007f8     0x2  atomkernel.o [1]
  .near.bss          zero     0x0007fa     0x2  atomtimer.o [1]
  .near.bss          zero     0x0007fc     0x1  atomkernel.o [1]
  .near.bss          zero     0x0007fd     0x1  GPRS.o [1]
  .near.bss          zero     0x0007fe     0x1  GPRS.o [1]
  .near.bss          zero     0x0007ff     0x1  lcd.o [1]
  .near.bss          zero     0x000800     0x1  LedBeepKey.o [1]
  .near.bss          zero     0x000801     0x1  LedBeepKey.o [1]
  .near.bss          zero     0x000802     0x1  LedBeepKey.o [1]
  .near.bss          zero     0x000803     0x1  main.o [1]
  .near.bss          zero     0x000804     0x1  MixChannel.o [1]
  .near.bss          zero     0x000805     0x1  MixChannel.o [1]
  .near.bss          zero     0x000806     0x1  Window.o [1]
                            - 0x000807   0x7f7

"A2":                                    0x100
  CSTACK                      0x000f00   0x100  <Block>
    CSTACK           uninit   0x000f00   0x100  <Block tail>
                            - 0x001000   0x100

"A3":                                     0x80
  INTVEC                      0x008000    0x80  <Block>
    .intvec          const    0x008000    0x80  interrupt.o [4]
                            - 0x008080    0x80

"P3":                                   0x5138
  .near_func.text    ro code  0x008080   0xc7f  MixChannel.o [1]
  .near_func.text    ro code  0x008cff   0x39b  float.o [4]
  .near_func.text    ro code  0x00909a   0x391  xprintfsmall.o [4]
  .near.rodata       const    0x00942b   0x2ac  MixChannel.o [1]
  .near_func.text    ro code  0x0096d7   0x257  LedBeepKey.o [1]
  .near_func.text    ro code  0x00992e   0x24b  MixChannel.o [1]
  .near_func.text    ro code  0x009b79   0x1fe  MixChannel.o [1]
  .near_func.text    ro code  0x009d77   0x1e3  lcd.o [1]
  .near_func.text    ro code  0x009f5a   0x1ce  long.o [4]
  .near_func.text    ro code  0x00a128   0x1be  atomkernel.o [1]
  .near_func.text    ro code  0x00a2e6   0x17e  MixChannel.o [1]
  .near_func.text    ro code  0x00a464   0x17b  atomqueue.o [1]
  .near_func.text    ro code  0x00a5df   0x174  lcd.o [1]
  .near_func.text    ro code  0x00a753   0x173  atomqueue.o [1]
  .near_func.text    ro code  0x00a8c6   0x172  atommutex.o [1]
  .near_func.text    ro code  0x00aa38   0x171  xprintfsmall.o [4]
  .near_func.text    ro code  0x00aba9   0x14f  vreg_util.o [4]
  .near_func.text    ro code  0x00acf8   0x131  atomsem.o [1]
  .near_func.text    ro code  0x00ae29    0xfd  atommutex.o [1]
  .near_func.text    ro code  0x00af26    0xe9  GPRS.o [1]
  .near_func.text    ro code  0x00b00f    0xe7  atomqueue.o [1]
  .near_func.text    ro code  0x00b0f6    0xe6  atomqueue.o [1]
  .near_func.text    ro code  0x00b1dc    0xd9  stm8l15x_usart.o [1]
  .near_func.text    ro code  0x00b2b5    0xc1  main.o [1]
  .near_func.text    ro code  0x00b376    0xbe  atomsem.o [1]
  .near_func.text    ro code  0x00b434    0xb7  atomkernel.o [1]
  .near_func.text    ro code  0x00b4eb    0xae  stm8l15x_gpio.o [1]
  .near_func.text    ro code  0x00b599    0xaa  FLASH.o [1]
  .near_func.text    ro code  0x00b643    0xa9  stm8l15x_usart.o [1]
  .near_func.text    ro code  0x00b6ec    0x9e  long_util.o [4]
  .near_func.text    ro code  0x00b78a    0x99  stm8l15x_tim1.o [1]
  .near_func.text    ro code  0x00b823    0x96  MixChannel.o [1]
  .near_func.text    ro code  0x00b8b9    0x95  stm8l15x_usart.o [1]
  .near_func.text    ro code  0x00b94e    0x93  atomkernel.o [1]
  .near_func.text    ro code  0x00b9e1    0x90  atomtimer.o [1]
  .near_func.text    ro code  0x00ba71    0x8c  atomqueue.o [1]
  .near_func.text    ro code  0x00bafd    0x89  stm8l15x_clk.o [1]
  .near_func.text    ro code  0x00bb86    0x88  stm8l15x_adc.o [1]
  .near_func.text    ro code  0x00bc0e    0x87  stm8l15x_lcd.o [1]
  .near_func.text    ro code  0x00bc95    0x86  GPRS.o [1]
  .near_func.text    ro code  0x00bd1b    0x84  atomtimer.o [1]
  .near_func.text    ro code  0x00bd9f    0x81  stm8l15x_dma.o [1]
  .near.rodata       const    0x00be20    0x80  lcd.o [1]
  .near.rodata       const    0x00bea0    0x80  lcd.o [1]
  .near_func.text    ro code  0x00bf20    0x7a  stm8l15x_clk.o [1]
  .near_func.text    ro code  0x00bf9a    0x73  main.o [1]
  .near_func.text    ro code  0x00c00d    0x6e  MixChannel.o [1]
  .near_func.text    ro code  0x00c07b    0x6c  MixChannel.o [1]
  .near_func.text    ro code  0x00c0e7    0x65  stm8l15x_tim3.o [1]
  .near.rodata       const    0x00c14c    0x62  MixChannel.o [1]
  .near_func.text    ro code  0x00c1ae    0x5a  atomtimer.o [1]
  .near_func.text    ro code  0x00c208    0x5a  LedBeepKey.o [1]
  .near_func.text    ro code  0x00c262    0x59  atomkernel.o [1]
  .near_func.text    ro code  0x00c2bb    0x58  atomport-asm-iar.o [1]
  .near_func.text    ro code  0x00c313    0x54  atomkernel.o [1]
  .near_func.text    ro code  0x00c367    0x54  atomport.o [1]
  .near_func.text    ro code  0x00c3bb    0x53  atommutex.o [1]
  .near_func.text    ro code  0x00c40e    0x53  atomqueue.o [1]
  .near_func.text    ro code  0x00c461    0x53  atomsem.o [1]
  .near_func.text    ro code  0x00c4b4    0x51  atomtimer.o [1]
  .near_func.text    ro code  0x00c505    0x51  stm8l15x_dma.o [1]
  .near_func.text    ro code  0x00c556    0x50  Window.o [1]
  .near_func.text    ro code  0x00c5a6    0x4b  stm8l15x_adc.o [1]
  .near_func.text    ro code  0x00c5f1    0x4b  stm8l15x_adc.o [1]
  .near_func.text    ro code  0x00c63c    0x46  lcd.o [1]
  .near_func.text    ro code  0x00c682    0x46  uart.o [1]
  .near_func.text    ro code  0x00c6c8    0x45  uart.o [1]
  .near_func.text    ro code  0x00c70d    0x44  FLASH.o [1]
  .near_func.text    ro code  0x00c751    0x42  uart.o [1]
  .near_func.text    ro code  0x00c793    0x41  stm8l15x_clk.o [1]
  .near_func.text    ro code  0x00c7d4    0x40  stm8l15x_adc.o [1]
  .near_func.text    ro code  0x00c814    0x3f  xprintfsmall.o [4]
  .near_func.text    ro code  0x00c853    0x3e  stm8l15x_usart.o [1]
  .near_func.text    ro code  0x00c891    0x3d  stm8l15x_dma.o [1]
  .near_func.text    ro code  0x00c8ce    0x38  main.o [1]
  .near_func.text    ro code  0x00c906    0x37  xprintfsmall.o [4]
  .near_func.text    ro code  0x00c93d    0x35  xprintfsmall.o [4]
  .near_func.text    ro code  0x00c972    0x33  short.o [4]
  .near_func.text    ro code  0x00c9a5    0x2f  xprintfsmall.o [4]
  .near_func.text    ro code  0x00c9d4    0x2d  stm8l15x_tim1.o [1]
  .near_func.text    ro code  0x00ca01    0x2b  putchar.o [4]
  .near_func.text    ro code  0x00ca2c    0x2a  stm8l15x_tim3.o [1]
  .near_func.text    ro code  0x00ca56    0x29  stm8l15x_tim3.o [1]
  .near_func.text    ro code  0x00ca7f    0x28  atomtimer.o [1]
  .near_func.text    ro code  0x00caa7    0x28  MixChannel.o [1]
  .near_func.text    ro code  0x00cacf    0x28  init_small.o [4]
  .near_func.text    ro code  0x00caf7    0x27  atomport.o [1]
  .near_func.text    ro code  0x00cb1e    0x27  MixChannel.o [1]
  .near_func.text    ro code  0x00cb45    0x27  stm8l15x_syscfg.o [1]
  .near_func.text    ro code  0x00cb6c    0x25  atomkernel.o [1]
  .near_func.text    ro code  0x00cb91    0x25  stm8l15x_adc.o [1]
  .near_func.text    ro code  0x00cbb6    0x25  memcpy.o [4]
  .near_func.text    ro code  0x00cbdb    0x23  stm8l15x_it.o [1]
  .near_func.text    ro code  0x00cbfe    0x22  atomport.o [1]
  .near_func.text    ro code  0x00cc20    0x22  stm8l15x_usart.o [1]
  .near_func.text    ro code  0x00cc42    0x21  stm8l15x_adc.o [1]
  .near_func.text    ro code  0x00cc63    0x21  stm8l15x_usart.o [1]
  .near_func.text    ro code  0x00cc84    0x21  dc_util.o [4]
  .iar.init_table    const    0x00cca5    0x12  - Linker created -
  .near_func.text    ro code  0x00ccb7    0x20  printf.o [4]
  .near_func.text    ro code  0x00ccd7    0x1f  stm8l15x_gpio.o [1]
  .near_func.text    ro code  0x00ccf6    0x1e  atommutex.o [1]
  .near_func.text    ro code  0x00cd14    0x1e  init_small.o [4]
  .near_func.text    ro code  0x00cd32    0x1d  xprintfsmall.o [4]
  .near.rodata       const    0x00cd4f    0x1a  main.o [1]
  .near_func.text    ro code  0x00cd69    0x1a  atomtimer.o [1]
  .near_func.text    ro code  0x00cd83    0x19  MixChannel.o [1]
  .near_func.text    ro code  0x00cd9c    0x19  stm8l15x_flash.o [1]
  .near_func.text    ro code  0x00cdb5    0x19  xprout.o [4]
  .near.rodata       const    0x00cdce    0x18  LedBeepKey.o [1]
  .near_func.text    ro code  0x00cde6    0x17  init.o [4]
  .near.rodata       const    0x00cdfd    0x16  main.o [1]
  .near.rodata       const    0x00ce13    0x16  main.o [1]
  .near_func.text    ro code  0x00ce29    0x16  atomkernel.o [1]
  .near_func.text    ro code  0x00ce3f    0x16  main.o [1]
  .near.rodata       const    0x00ce55    0x15  GPRS.o [1]
  .near.rodata       const    0x00ce6a    0x15  GPRS.o [1]
  .near_func.text    ro code  0x00ce7f    0x15  GPRS.o [1]
  .near_func.text    ro code  0x00ce94    0x15  memchr.o [4]
  .near_func.text    ro code  0x00cea9    0x15  strchr.o [4]
  .near.rodata       const    0x00cebe    0x14  MixChannel.o [1]
  .near_func.text    ro code  0x00ced2    0x14  stm8l15x_flash.o [1]
  .near_func.text    ro code  0x00cee6    0x14  __dbg_xxexit.o [3]
  .near_func.text    ro code  0x00cefa    0x13  atomsem.o [1]
  .near_func.text    ro code  0x00cf0d    0x13  stm8l15x_lcd.o [1]
  .near_func.text    ro code  0x00cf20    0x13  stm8l15x_lcd.o [1]
  .near_func.text    ro code  0x00cf33    0x13  stm8l15x_lcd.o [1]
  .near_func.text    ro code  0x00cf46    0x13  stm8l15x_tim1.o [1]
  .near_func.text    ro code  0x00cf59    0x13  stm8l15x_tim3.o [1]
  .near_func.text    ro code  0x00cf6c    0x13  cstartup.o [4]
  .near_func.text    ro code  0x00cf7f    0x12  Window.o [1]
  .near_func.text    ro code  0x00cf91    0x12  Window.o [1]
  .near_func.text    ro code  0x00cfa3    0x12  Window.o [1]
  .near_func.text    ro code  0x00cfb5    0x12  Window.o [1]
  .near_func.text    ro code  0x00cfc7    0x12  Window.o [1]
  .near_func.text    ro code  0x00cfd9    0x12  Window.o [1]
  .near_func.text    ro code  0x00cfeb    0x12  strlen.o [4]
  .near_func.text    ro code  0x00cffd    0x10  xprintfsmall.o [4]
  .near_func.text    ro code  0x00d00d     0xf  stm8l15x_tim3.o [1]
  .near_func.text    ro code  0x00d01c     0xd  stm8l15x_adc.o [1]
  .near_func.text    ro code  0x00d029     0xd  stm8l15x_adc.o [1]
  .near_func.text    ro code  0x00d036     0xd  stm8l15x_clk.o [1]
  .near_func.text    ro code  0x00d043     0xd  stm8l15x_clk.o [1]
  .near_func.text    ro code  0x00d050     0xd  stm8l15x_dma.o [1]
  .near_func.text    ro code  0x00d05d     0xd  stm8l15x_dma.o [1]
  .near_func.text    ro code  0x00d06a     0xd  stm8l15x_lcd.o [1]
  .near_func.text    ro code  0x00d077     0xd  stm8l15x_tim1.o [1]
  .near_func.text    ro code  0x00d084     0xd  stm8l15x_tim3.o [1]
  .near_func.text    ro code  0x00d091     0xd  stm8l15x_tim3.o [1]
  .near_func.text    ro code  0x00d09e     0xd  stm8l15x_tim3.o [1]
  .near_func.text    ro code  0x00d0ab     0xd  move.o [4]
  .near_func.text    ro code  0x00d0b8     0xc  atomkernel.o [1]
  .near_func.text    ro code  0x00d0c4     0xc  atomsem.o [1]
  .near_func.text    ro code  0x00d0d0     0xb  stm8l15x_dma.o [1]
  .near_func.text    ro code  0x00d0db     0xb  stm8l15x_flash.o [1]
  .near_func.text    ro code  0x00d0e6     0xb  xprintfsmall.o [4]
  .near_func.text    ro code  0x00d0f1     0xa  stm8l15x_clk.o [1]
  .near_func.text    ro code  0x00d0fb     0xa  xprintfsmall.o [4]
  .near_func.text    ro code  0x00d105     0x9  stm8l15x_lcd.o [1]
  .near_func.text    ro code  0x00d10e     0x9  xprintfsmall.o [4]
  .near_func.text    ro code  0x00d117     0x9  xprintfsmall.o [4]
  .near.rodata       const    0x00d120     0x8  lcd.o [1]
  .near.rodata       const    0x00d128     0x7  xprintfsmall.o [4]
  .near_func.text    ro code  0x00d12f     0x7  stm8l15x_flash.o [1]
  .near_func.text    ro code  0x00d136     0x7  stm8l15x_tim3.o [1]
  .near_func.text    ro code  0x00d13d     0x7  xprintfsmall.o [4]
  .near_func.text    ro code  0x00d144     0x6  xprintfsmall.o [4]
  .near.rodata       const    0x00d14a     0x5  stm8l15x_clk.o [1]
  .near_func.text    ro code  0x00d14f     0x5  stm8l15x_adc.o [1]
  .near_func.text    ro code  0x00d154     0x5  stm8l15x_tim1.o [1]
  .near_func.text    ro code  0x00d159     0x5  stm8l15x_usart.o [1]
  .near_func.text    ro code  0x00d15e     0x5  stm8l15x_wwdg.o [1]
  .near_func.text    ro code  0x00d163     0x5  char.o [4]
  .near_func.text    ro code  0x00d168     0x5  cexit.o [4]
  .near_func.text    ro code  0x00d16d     0x4  stm8l15x_clk.o [1]
  .near_func.text    ro code  0x00d171     0x4  stm8l15x_clk.o [1]
  .near_func.text    ro code  0x00d175     0x4  stm8l15x_gpio.o [1]
  .near_func.text    ro code  0x00d179     0x3  stm8l15x_gpio.o [1]
  .near_func.text    ro code  0x00d17c     0x3  stm8l15x_gpio.o [1]
  .near_func.text    ro code  0x00d17f     0x3  stm8l15x_usart.o [1]
  .near_func.text    ro code  0x00d182     0x3  stm8l15x_usart.o [1]
  .near_func.text    ro code  0x00d185     0x3  interrupt.o [4]
  .near_func.text    ro code  0x00d188     0x3  low_level_init.o [4]
  .near_func.text    ro code  0x00d18b     0x3  exit.o [4]
  .near_func.text    ro code  0x00d18e     0x3  unhandled_exception.o [4]
  .near_func.text    ro code  0x00d191     0x2  atomkernel.o [1]
  .near_func.text    ro code  0x00d193     0x1  stm8l15x_it.o [1]
  .near_func.text    ro code  0x00d194     0x1  stm8l15x_it.o [1]
  .near_func.text    ro code  0x00d195     0x1  stm8l15x_it.o [1]
  .near_func.text    ro code  0x00d196     0x1  stm8l15x_it.o [1]
  .near_func.text    ro code  0x00d197     0x1  stm8l15x_it.o [1]
  .near_func.text    ro code  0x00d198     0x1  stm8l15x_it.o [1]
  .near_func.text    ro code  0x00d199     0x1  stm8l15x_it.o [1]
  .near_func.text    ro code  0x00d19a     0x1  stm8l15x_it.o [1]
  .near_func.text    ro code  0x00d19b     0x1  stm8l15x_it.o [1]
  .near_func.text    ro code  0x00d19c     0x1  stm8l15x_it.o [1]
  .near_func.text    ro code  0x00d19d     0x1  stm8l15x_it.o [1]
  .near_func.text    ro code  0x00d19e     0x1  stm8l15x_it.o [1]
  .near_func.text    ro code  0x00d19f     0x1  stm8l15x_it.o [1]
  .near_func.text    ro code  0x00d1a0     0x1  stm8l15x_it.o [1]
  .near_func.text    ro code  0x00d1a1     0x1  stm8l15x_it.o [1]
  .near_func.text    ro code  0x00d1a2     0x1  stm8l15x_it.o [1]
  .near_func.text    ro code  0x00d1a3     0x1  stm8l15x_it.o [1]
  .near_func.text    ro code  0x00d1a4     0x1  stm8l15x_it.o [1]
  .near_func.text    ro code  0x00d1a5     0x1  stm8l15x_it.o [1]
  .near_func.text    ro code  0x00d1a6     0x1  stm8l15x_it.o [1]
  .near_func.text    ro code  0x00d1a7     0x1  stm8l15x_it.o [1]
  .near_func.text    ro code  0x00d1a8     0x1  stm8l15x_it.o [1]
  .near_func.text    ro code  0x00d1a9     0x1  stm8l15x_it.o [1]
  .near_func.text    ro code  0x00d1aa     0x1  stm8l15x_it.o [1]
  .near_func.text    ro code  0x00d1ab     0x1  stm8l15x_it.o [1]
  .near_func.text    ro code  0x00d1ac     0x1  __dbg_break.o [3]
  Initializer bytes  const    0x00d1ad     0xb  <for P2 s0>
                            - 0x00d1b8  0x5138


*******************************************************************************
*** INIT TABLE
***

          Address   Size
          -------   ----
Zero (__iar_zero_init2)
    1 destination range, total size 0x7ec:
          0x00001b  0x7ec

Copy (__iar_copy_init2)
    1 source range, total size 0xb:
          0x00d1ad    0xb
    1 destination range, total size 0xb:
          0x000010    0xb



*******************************************************************************
*** MODULE SUMMARY
***

    Module                 ro code  ro data  rw data
    ------                 -------  -------  -------
E:\SVN\Research\Personal\wangjinlong\SoftWare\Debug\Obj: [1]
    FLASH.o                    238               124
    GPRS.o                     388       42      826
    LedBeepKey.o               689       25      149
    MixChannel.o             5 150      812      444
    Window.o                   188                 1
    atomkernel.o             1 022                30
    atommutex.o                736
    atomport-asm-iar.o          88
    atomport.o                 157
    atomqueue.o              1 434
    atomsem.o                  609
    atomtimer.o                513                 6
    lcd.o                      925      264        1
    main.o                     386       70      453
    stm8l15x_adc.o             451
    stm8l15x_clk.o             368        5
    stm8l15x_dma.o             308
    stm8l15x_flash.o            63
    stm8l15x_gpio.o            215
    stm8l15x_it.o               60
    stm8l15x_lcd.o             214
    stm8l15x_syscfg.o           39
    stm8l15x_tim1.o            235
    stm8l15x_tim3.o            264
    stm8l15x_usart.o           675
    stm8l15x_wwdg.o              5
    uart.o                     205                 5
    ------------------------------------------------
    Total:                  15 625    1 218    2 039

command line: [2]
    ------------------------------------------------
    Total:

dbgstm8smd.a: [3]
    __dbg_break.o                1
    __dbg_xxexit.o              20
    ------------------------------------------------
    Total:                      21

dlstm8smn.a: [4]
    cexit.o                      5
    char.o                       5
    cstartup.o                  19
    dc_util.o                   33
    exit.o                       3
    float.o                    923
    init.o                      23
    init_small.o                70
    interrupt.o                  3      128
    long.o                     462
    long_util.o                158
    low_level_init.o             3
    memchr.o                    21
    memcpy.o                    37
    move.o                      13
    printf.o                    32
    putchar.o                   43
    short.o                     51
    strchr.o                    21
    strlen.o                    18
    unhandled_exception.o        3
    vreg_util.o                335
    vregs.o                                       16
    xprintfsmall.o           1 597        7
    xprout.o                    25
    ------------------------------------------------
    Total:                   3 903      135       16

    Linker created                       18      256
----------------------------------------------------
    Grand Total:            19 549    1 371    2 311


*******************************************************************************
*** ENTRY LIST
***

Entry                    Address   Size  Type      Object
-----                    -------   ----  ----      ------
.iar.init_table$$Base   0x00cca5          --   Gb  - Linker created -
.iar.init_table$$Limit  0x00ccb7          --   Gb  - Linker created -
?add32_l0_l0_0x         0x009f9b         Code  Gb  long.o [4]
?and32_l0_l0_0x         0x00a0e3         Code  Gb  long.o [4]
?and32_l0_l0_l1         0x00a0e0         Code  Gb  long.o [4]
?b0                     0x000000         Data  Gb  vregs.o [4]
?b1                     0x000001         Data  Gb  vregs.o [4]
?b10                    0x00000a         Data  Gb  vregs.o [4]
?b11                    0x00000b         Data  Gb  vregs.o [4]
?b12                    0x00000c         Data  Gb  vregs.o [4]
?b13                    0x00000d         Data  Gb  vregs.o [4]
?b14                    0x00000e         Data  Gb  vregs.o [4]
?b15                    0x00000f         Data  Gb  vregs.o [4]
?b2                     0x000002         Data  Gb  vregs.o [4]
?b3                     0x000003         Data  Gb  vregs.o [4]
?b4                     0x000004         Data  Gb  vregs.o [4]
?b5                     0x000005         Data  Gb  vregs.o [4]
?b6                     0x000006         Data  Gb  vregs.o [4]
?b7                     0x000007         Data  Gb  vregs.o [4]
?b8                     0x000008         Data  Gb  vregs.o [4]
?b9                     0x000009         Data  Gb  vregs.o [4]
?dc32_l0                0x00cc8b         Code  Gb  dc_util.o [4]
?dc32_l1                0x00cc98         Code  Gb  dc_util.o [4]
?dc8_px                 0x00cc84         Code  Gb  dc_util.o [4]
?dec32_0x_0x            0x009f87         Code  Gb  long.o [4]
?dec32_l0_l0            0x009f7d         Code  Gb  long.o [4]
?dec32_l3_l3            0x009f82         Code  Gb  long.o [4]
?e0                     0x000001         Data  Gb  vregs.o [4]
?e1                     0x000005         Data  Gb  vregs.o [4]
?e2                     0x000009         Data  Gb  vregs.o [4]
?e3                     0x00000d         Data  Gb  vregs.o [4]
?epilogue_l2            0x00ac4e         Code  Gb  vreg_util.o [4]
?epilogue_l2_l3         0x00ac4b         Code  Gb  vreg_util.o [4]
?epilogue_l2_w6         0x00ac52         Code  Gb  vreg_util.o [4]
?epilogue_w4            0x00ac59         Code  Gb  vreg_util.o [4]
?fadd32_l0_l0_0x        0x008d27         Code  Gb  float.o [4]
?fadd32_l0_l0_l1        0x008d2a         Code  Gb  float.o [4]
?fcastf32u16_l0_x       0x008f4e         Code  Gb  float.o [4]
?fcasts16f32_x_l0       0x008f6c         Code  Gb  float.o [4]
?fdiv32_l0_dc32_l1      0x008e9b         Code  Gb  float.o [4]
?fdiv32_l0_l0_l1        0x008ea0         Code  Gb  float.o [4]
?fmul32_l0_l0_0x        0x008dfd         Code  Gb  float.o [4]
?fmul32_l0_l0_dc32      0x008df8         Code  Gb  float.o [4]
?fmul32_l0_l0_l1        0x008e00         Code  Gb  float.o [4]
?fsub32_l0_dc32_l1      0x008d1c         Code  Gb  float.o [4]
?fsub32_l0_l0_l1        0x008d21         Code  Gb  float.o [4]
?inc32_0x_0x            0x009f6f         Code  Gb  long.o [4]
?inc32_l0_l0            0x009f6a         Code  Gb  long.o [4]
?l0                     0x000000         Data  Gb  vregs.o [4]
?l1                     0x000004         Data  Gb  vregs.o [4]
?l2                     0x000008         Data  Gb  vregs.o [4]
?l3                     0x00000c         Data  Gb  vregs.o [4]
?load32_0x_l0           0x00b741         Code  Gb  long_util.o [4]
?load32_0x_l1           0x00b74f         Code  Gb  long_util.o [4]
?load32_0x_l2           0x00b76e         Code  Gb  long_util.o [4]
?load32_0x_l3           0x00b77c         Code  Gb  long_util.o [4]
?load32_asp_l0          0x00b735         Code  Gb  long_util.o [4]
?load32_asp_l2          0x00b762         Code  Gb  long_util.o [4]
?load32_dbsp_l0         0x00b730         Code  Gb  long_util.o [4]
?load32_dbsp_l2         0x00b75d         Code  Gb  long_util.o [4]
?load32_l0_0x           0x00b6fc         Code  Gb  long_util.o [4]
?load32_l0_asp          0x00b6f1         Code  Gb  long_util.o [4]
?load32_l0_dbsp         0x00b6ec         Code  Gb  long_util.o [4]
?load32_l0_xsp          0x00b6f3         Code  Gb  long_util.o [4]
?load32_l1_0x           0x00b708         Code  Gb  long_util.o [4]
?load32_l3_0x           0x00b724         Code  Gb  long_util.o [4]
?load32_l3_asp          0x00b719         Code  Gb  long_util.o [4]
?load32_l3_dbsp         0x00b714         Code  Gb  long_util.o [4]
?load32_l3_xsp          0x00b71b         Code  Gb  long_util.o [4]
?load32_xsp_l0          0x00b737         Code  Gb  long_util.o [4]
?load32_xsp_l2          0x00b764         Code  Gb  long_util.o [4]
?mov_e0_e1              0x00acad         Code  Gb  vreg_util.o [4]
?mov_e0_e2              0x00acba         Code  Gb  vreg_util.o [4]
?mov_e1_e0              0x00acc7         Code  Gb  vreg_util.o [4]
?mov_e1_e3              0x00acd4         Code  Gb  vreg_util.o [4]
?mov_e2_e0              0x00ace1         Code  Gb  vreg_util.o [4]
?mov_e3_e0              0x00acee         Code  Gb  vreg_util.o [4]
?mov_l0_l1              0x00acaa         Code  Gb  vreg_util.o [4]
?mov_l0_l2              0x00acb7         Code  Gb  vreg_util.o [4]
?mov_l1_l0              0x00acc4         Code  Gb  vreg_util.o [4]
?mov_l1_l3              0x00acd1         Code  Gb  vreg_util.o [4]
?mov_l2_l0              0x00acde         Code  Gb  vreg_util.o [4]
?mov_l3_l0              0x00aceb         Code  Gb  vreg_util.o [4]
?mov_w0_w2              0x00ac5d         Code  Gb  vreg_util.o [4]
?mov_w0_w3              0x00ac64         Code  Gb  vreg_util.o [4]
?mov_w0_w5              0x00ac6b         Code  Gb  vreg_util.o [4]
?mov_w1_w0              0x00ac72         Code  Gb  vreg_util.o [4]
?mov_w1_w3              0x00acb0         Code  Gb  vreg_util.o [4]
?mov_w1_w5              0x00acbd         Code  Gb  vreg_util.o [4]
?mov_w2_w0              0x00ac79         Code  Gb  vreg_util.o [4]
?mov_w2_w1              0x00ac80         Code  Gb  vreg_util.o [4]
?mov_w3_w1              0x00acca         Code  Gb  vreg_util.o [4]
?mov_w3_w7              0x00acd7         Code  Gb  vreg_util.o [4]
?mov_w4_w0              0x00ac87         Code  Gb  vreg_util.o [4]
?mov_w4_w1              0x00ac8e         Code  Gb  vreg_util.o [4]
?mov_w5_w0              0x00ac95         Code  Gb  vreg_util.o [4]
?mov_w5_w1              0x00ace4         Code  Gb  vreg_util.o [4]
?mov_w5_w2              0x00ac9c         Code  Gb  vreg_util.o [4]
?mov_w5_w4              0x00aca3         Code  Gb  vreg_util.o [4]
?mov_w7_w1              0x00acf1         Code  Gb  vreg_util.o [4]
?move1616_v_x_y_a       0x00d0ab         Code  Gb  move.o [4]
?mul16_x_x_w0           0x00c972         Code  Gb  short.o [4]
?mul32_l0_l0_0x         0x009fce         Code  Gb  long.o [4]
?mul32_l0_l0_l1         0x009fd7         Code  Gb  long.o [4]
?neg32_l0_l0            0x009f5a         Code  Gb  long.o [4]
?pop_l0                 0x00ac17         Code  Gb  vreg_util.o [4]
?pop_l1                 0x00ac22         Code  Gb  vreg_util.o [4]
?pop_l2                 0x00ac2d         Code  Gb  vreg_util.o [4]
?pop_l3                 0x00ac38         Code  Gb  vreg_util.o [4]
?pop_w4                 0x00abd0         Code  Gb  vreg_util.o [4]
?pop_w6                 0x00abd7         Code  Gb  vreg_util.o [4]
?push_l0                0x00abe6         Code  Gb  vreg_util.o [4]
?push_l1                0x00abeb         Code  Gb  vreg_util.o [4]
?push_l2                0x00abf0         Code  Gb  vreg_util.o [4]
?push_l3                0x00abf5         Code  Gb  vreg_util.o [4]
?push_w0                0x00aba9         Code  Gb  vreg_util.o [4]
?push_w1                0x00abae         Code  Gb  vreg_util.o [4]
?push_w4                0x00abb3         Code  Gb  vreg_util.o [4]
?push_w6                0x00abb8         Code  Gb  vreg_util.o [4]
?sext32_l0_a            0x00a11b         Code  Gb  long.o [4]
?sext32_l0_x            0x00a110         Code  Gb  long.o [4]
?sll16_x_x_a            0x00c990         Code  Gb  short.o [4]
?sll8_a_a_5             0x00d163         Code  Gb  char.o [4]
?srl16_x_x_10           0x00c99a         Code  Gb  short.o [4]
?srl16_x_x_11           0x00c999         Code  Gb  short.o [4]
?srl16_x_x_12           0x00c998         Code  Gb  short.o [4]
?srl16_x_x_4            0x00c9a0         Code  Gb  short.o [4]
?srl16_x_x_5            0x00c99f         Code  Gb  short.o [4]
?srl16_x_x_6            0x00c99e         Code  Gb  short.o [4]
?srl16_x_x_7            0x00c99d         Code  Gb  short.o [4]
?srl16_x_x_8            0x00c99c         Code  Gb  short.o [4]
?srl16_x_x_9            0x00c99b         Code  Gb  short.o [4]
?srl32_0x_0x_a          0x00a102         Code  Gb  long.o [4]
?srl32_l0_l0_a          0x00a0ff         Code  Gb  long.o [4]
?srl32_l0_l0_db         0x00a0fb         Code  Gb  long.o [4]
?sub32_l0_l0_0x         0x009fb6         Code  Gb  long.o [4]
?sub32_l0_l0_l1         0x009fb3         Code  Gb  long.o [4]
?ucmp32_c_l0_0x         0x00a0c5         Code  Gb  long.o [4]
?ucmp32_c_l0_l1         0x00a0d5         Code  Gb  long.o [4]
?udiv32_l0_l0_dl        0x00a055         Code  Gb  long.o [4]
?udiv32_l0_l0_l1        0x00a058         Code  Gb  long.o [4]
?umod32_l1_l0_l1        0x00a058         Code  Gb  long.o [4]
?w0                     0x000000         Data  Gb  vregs.o [4]
?w1                     0x000002         Data  Gb  vregs.o [4]
?w2                     0x000004         Data  Gb  vregs.o [4]
?w3                     0x000006         Data  Gb  vregs.o [4]
?w4                     0x000008         Data  Gb  vregs.o [4]
?w5                     0x00000a         Data  Gb  vregs.o [4]
?w6                     0x00000c         Data  Gb  vregs.o [4]
?w7                     0x00000e         Data  Gb  vregs.o [4]
ADC1_COMP_IRQHandler    0x00d1a4    0x1  Code  Gb  stm8l15x_it.o [1]
ADCTask                 0x008080  0xc7f  Code  Lc  MixChannel.o [1]
ADC_ChannelCmd          0x00c5a6   0x4b  Code  Gb  stm8l15x_adc.o [1]
ADC_Cmd                 0x00d01c    0xd  Code  Gb  stm8l15x_adc.o [1]
ADC_ConvertedValue      0x000732   0x16  Data  Gb  MixChannel.o [1]
ADC_DMACmd              0x00cc42   0x21  Code  Gb  stm8l15x_adc.o [1]
ADC_DeInit              0x00bb86   0x88  Code  Gb  stm8l15x_adc.o [1]
ADC_Init                0x00cb91   0x25  Code  Gb  stm8l15x_adc.o [1]
ADC_SamplingTimeConfig  0x00c7d4   0x40  Code  Gb  stm8l15x_adc.o [1]
ADC_SchmittTriggerConfig
                        0x00c5f1   0x4b  Code  Gb  stm8l15x_adc.o [1]
ADC_SoftwareStartConv   0x00d14f    0x5  Code  Gb  stm8l15x_adc.o [1]
ADC_TimerStart          0x00b823   0x96  Code  Lc  MixChannel.o [1]
ADC_TimerStop           0x00cd83   0x19  Code  Lc  MixChannel.o [1]
ADC_VrefintCmd          0x00d029    0xd  Code  Gb  stm8l15x_adc.o [1]
AdChannel               0x000010    0xa  Data  Gb  MixChannel.o [1]
AdcFunChange            0x00c00d   0x6e  Code  Lc  MixChannel.o [1]
AdcInit                 0x00992e  0x24b  Code  Gb  MixChannel.o [1]
AdcState                0x0007ca    0x6  Data  Gb  MixChannel.o [1]
AdcTask_Tcb             0x00078f   0x11  Data  Lc  MixChannel.o [1]
Adc_thread_stack        0x00041b  0x100  Data  Lc  MixChannel.o [1]
ArrayCount              0x000804    0x1  Data  Lc  MixChannel.o [1]
BackLight               0x0097ee   0x13  Code  Gb  LedBeepKey.o [1]
CLK_DeInit              0x00c793   0x41  Code  Gb  stm8l15x_clk.o [1]
CLK_GetClockFreq        0x00bf20   0x7a  Code  Gb  stm8l15x_clk.o [1]
CLK_HSICmd              0x00d036    0xd  Code  Gb  stm8l15x_clk.o [1]
CLK_PeripheralClockConfig
                        0x00bafd   0x89  Code  Gb  stm8l15x_clk.o [1]
CLK_RTCClockConfig      0x00d0f1    0xa  Code  Gb  stm8l15x_clk.o [1]
CLK_SYSCLKDivConfig     0x00d171    0x4  Code  Gb  stm8l15x_clk.o [1]
CLK_SYSCLKSourceConfig  0x00d16d    0x4  Code  Gb  stm8l15x_clk.o [1]
CLK_SYSCLKSourceSwitchCmd
                        0x00d043    0xd  Code  Gb  stm8l15x_clk.o [1]
CSTACK$$Base            0x000f00          --   Gb  - Linker created -
CSTACK$$Limit           0x001000          --   Gb  - Linker created -
CurrentWindow           0x0007ff    0x1  Data  Gb  lcd.o [1]
Current_B               0x0007ea    0x4  Data  Gb  MixChannel.o [1]
Current_K               0x0007e6    0x4  Data  Gb  MixChannel.o [1]
DMA1_CHANNEL0_1_IRQHandler
                        0x00cb1e   0x27  Code  Gb  MixChannel.o [1]
DMA1_CHANNEL2_3_IRQHandler
                        0x00d195    0x1  Code  Gb  stm8l15x_it.o [1]
DMA_ClearITPendingBit   0x00c891   0x3d  Code  Gb  stm8l15x_dma.o [1]
DMA_Cmd                 0x00d05d    0xd  Code  Gb  stm8l15x_dma.o [1]
DMA_GetITStatus         0x00c505   0x51  Code  Gb  stm8l15x_dma.o [1]
DMA_GlobalCmd           0x00d050    0xd  Code  Gb  stm8l15x_dma.o [1]
DMA_ITConfig            0x00d0d0    0xb  Code  Gb  stm8l15x_dma.o [1]
DMA_Init                0x00bd9f   0x81  Code  Gb  stm8l15x_dma.o [1]
EXTI0_IRQHandler        0x00d19a    0x1  Code  Gb  stm8l15x_it.o [1]
EXTI1_IRQHandler        0x00d19b    0x1  Code  Gb  stm8l15x_it.o [1]
EXTI2_IRQHandler        0x00d19c    0x1  Code  Gb  stm8l15x_it.o [1]
EXTI3_IRQHandler        0x00d19d    0x1  Code  Gb  stm8l15x_it.o [1]
EXTI4_IRQHandler        0x00d19e    0x1  Code  Gb  stm8l15x_it.o [1]
EXTI5_IRQHandler        0x00d19f    0x1  Code  Gb  stm8l15x_it.o [1]
EXTI6_IRQHandler        0x00d1a0    0x1  Code  Gb  stm8l15x_it.o [1]
EXTI7_IRQHandler        0x00d1a1    0x1  Code  Gb  stm8l15x_it.o [1]
EXTIB_G_IRQHandler      0x00d198    0x1  Code  Gb  stm8l15x_it.o [1]
EXTID_H_IRQHandler      0x00d199    0x1  Code  Gb  stm8l15x_it.o [1]
EXTIE_F_PVD_IRQHandler  0x00d197    0x1  Code  Gb  stm8l15x_it.o [1]
EventProcess            0x00a2e6  0x17e  Code  Lc  MixChannel.o [1]
FLASH_GetFlagStatus     0x00ced2   0x14  Code  Gb  stm8l15x_flash.o [1]
FLASH_IRQHandler        0x00d194    0x1  Code  Gb  stm8l15x_it.o [1]
FLASH_Lock              0x00d12f    0x7  Code  Gb  stm8l15x_flash.o [1]
FLASH_SetProgrammingTime
                        0x00d0db    0xb  Code  Gb  stm8l15x_flash.o [1]
FLASH_Unlock            0x00cd9c   0x19  Code  Gb  stm8l15x_flash.o [1]
FactoryReset            0x00b599   0x56  Code  Gb  FLASH.o [1]
GPIO_ExternalPullUpConfig
                        0x00ccd7   0x1f  Code  Gb  stm8l15x_gpio.o [1]
GPIO_Init               0x00b4eb   0xae  Code  Gb  stm8l15x_gpio.o [1]
GPIO_ReadInputData      0x00d17c    0x3  Code  Gb  stm8l15x_gpio.o [1]
GPIO_ResetBits          0x00d175    0x4  Code  Gb  stm8l15x_gpio.o [1]
GPIO_SetBits            0x00d179    0x3  Code  Gb  stm8l15x_gpio.o [1]
GUI_ShowWindow          0x00c8ce   0x38  Code  Gb  main.o [1]
GetTemperature          0x00c07b   0x6c  Code  Gb  MixChannel.o [1]
GprsRxBuf               0x00001b  0x200  Data  Gb  GPRS.o [1]
GprsUsartTask           0x00ce7f   0x15  Code  Lc  GPRS.o [1]
GprsUsartTask_Tcb       0x00075c   0x11  Data  Lc  GPRS.o [1]
GprsUsartTask_stack     0x00021b  0x100  Data  Lc  GPRS.o [1]
Gprs_Init               0x00af26   0xe9  Code  Gb  GPRS.o [1]
I2C1_SPI2_IRQHandler    0x00d1ab    0x1  Code  Gb  stm8l15x_it.o [1]
INTVEC$$Base            0x008000          --   Gb  - Linker created -
INTVEC$$Limit           0x008080          --   Gb  - Linker created -
KEY_GetKey              0x0098ed   0x31  Code  Gb  LedBeepKey.o [1]
KeyScanTask             0x009858   0x95  Code  Lc  LedBeepKey.o [1]
KeyScanTask_Tcb         0x00076d   0x11  Data  Lc  LedBeepKey.o [1]
KeyScanTask_thread_stack
                        0x00051b   0x80  Data  Lc  LedBeepKey.o [1]
LCD_AES_IRQHandler      0x00d1a2    0x1  Code  Gb  stm8l15x_it.o [1]
LCD_CHAR                0x00be20   0x80  Data  Gb  lcd.o [1]
LCD_Cmd                 0x00d06a    0xd  Code  Gb  stm8l15x_lcd.o [1]
LCD_ContrastConfig      0x00cf33   0x13  Code  Gb  stm8l15x_lcd.o [1]
LCD_DeadTimeConfig      0x00cf20   0x13  Code  Gb  stm8l15x_lcd.o [1]
LCD_DesktopDisp         0x00a5df  0x174  Code  Gb  lcd.o [1]
LCD_DisplayChar         0x009e43   0x9d  Code  Gb  lcd.o [1]
LCD_GLASS_Init          0x00c63c   0x46  Code  Gb  lcd.o [1]
LCD_Init                0x00bc0e   0x87  Code  Gb  stm8l15x_lcd.o [1]
LCD_MAP                 0x00bea0   0x80  Data  Gb  lcd.o [1]
LCD_PortMaskConfig      0x00d105    0x9  Code  Gb  stm8l15x_lcd.o [1]
LCD_Printf              0x009dd6   0x6d  Code  Gb  lcd.o [1]
LCD_PrintfSpecialChar   0x009d77   0x5f  Code  Gb  lcd.o [1]
LCD_PulseOnDurationConfig
                        0x00cf0d   0x13  Code  Gb  stm8l15x_lcd.o [1]
LCD_SetPixel            0x009ee0   0x7a  Code  Gb  lcd.o [1]
Leakage_B               0x0007e2    0x4  Data  Gb  MixChannel.o [1]
Leakage_K               0x0007de    0x4  Data  Gb  MixChannel.o [1]
LedBeepKeyInit          0x00c208   0x5a  Code  Gb  LedBeepKey.o [1]
LedCtrl                 0x00991e   0x10  Code  Gb  LedBeepKey.o [1]
LedShow                 0x00972d   0xc1  Code  Gb  LedBeepKey.o [1]
LoadInt                 0x00c814   0x3f  Code  Lc  xprintfsmall.o [4]
MUSIC_Off               0x009850    0x8  Code  Lc  LedBeepKey.o [1]
MUSIC_On                0x009848    0x8  Code  Lc  LedBeepKey.o [1]
MUSIC_Set               0x009801   0x43  Code  Gb  LedBeepKey.o [1]
MUSIC_State             0x009844    0x4  Code  Gb  LedBeepKey.o [1]
MusicState              0x000800    0x1  Data  Lc  LedBeepKey.o [1]
MusicTimerCallback      0x0096d7   0x56  Code  Gb  LedBeepKey.o [1]
Mutex_Lcd               0x0007d0    0x5  Data  Lc  main.o [1]
ParameterBuffer         0x00061b   0x50  Data  Gb  FLASH.o [1]
ParameterSysStatus      0x0006bb   0x2c  Data  Gb  FLASH.o [1]
QueueGprsStorage        0x0007c0    0xa  Data  Lc  GPRS.o [1]
QueueLcdStorage         0x000748   0x14  Data  Lc  main.o [1]
Queue_Gprs              0x0006e7   0x1a  Data  Lc  GPRS.o [1]
Queue_Lcd               0x000701   0x1a  Data  Lc  main.o [1]
RTC_CSSLSE_IRQHandler   0x00d196    0x1  Code  Gb  stm8l15x_it.o [1]
ReadDataFlag            0x0007fe    0x1  Data  Gb  GPRS.o [1]
ReadFlashParameter      0x00c70d   0x44  Code  Gb  FLASH.o [1]
RecvCount               0x0007fd    0x1  Data  Lc  GPRS.o [1]
Region$$Table$$Base     0x00cca5          --   Gb  - Linker created -
Region$$Table$$Limit    0x00ccb7          --   Gb  - Linker created -
SPI1_IRQHandler         0x00d1a8    0x1  Code  Gb  stm8l15x_it.o [1]
SWITCH_CSS_BREAK_DAC_IRQHandler
                        0x00d1a3    0x1  Code  Gb  stm8l15x_it.o [1]
SYSCFG_REMAPDMAChannelConfig
                        0x00cb45   0x27  Code  Gb  stm8l15x_syscfg.o [1]
SYSCLK_Init             0x00ce3f   0x16  Code  Gb  main.o [1]
SYSDivFactor            0x00d14a    0x5  Data  Gb  stm8l15x_clk.o [1]
Sem_Adc                 0x0007f1    0x3  Data  Lc  MixChannel.o [1]
Sem_Gprs                0x0007ee    0x3  Data  Lc  GPRS.o [1]
SysInit_Task            0x00b2b5   0xc1  Code  Lc  main.o [1]
SysInit_Tcb             0x00077e   0x11  Data  Lc  main.o [1]
TIM1_CC_IRQHandler      0x00d1a6    0x1  Code  Gb  stm8l15x_it.o [1]
TIM1_ClearITPendingBit  0x00d154    0x5  Code  Gb  stm8l15x_tim1.o [1]
TIM1_Cmd                0x00d077    0xd  Code  Gb  stm8l15x_tim1.o [1]
TIM1_DeInit             0x00b78a   0x99  Code  Gb  stm8l15x_tim1.o [1]
TIM1_ITConfig           0x00cf46   0x13  Code  Gb  stm8l15x_tim1.o [1]
TIM1_TimeBaseInit       0x00c9d4   0x2d  Code  Gb  stm8l15x_tim1.o [1]
TIM1_UPD_OVF_TRG_COM_IRQHandler
                        0x00cbdb   0x23  Code  Gb  stm8l15x_it.o [1]
TIM2_CC_USART2_RX_IRQHandler
                        0x00d1a5    0x1  Code  Gb  stm8l15x_it.o [1]
TIM3_ARRPreloadConfig   0x00d084    0xd  Code  Gb  stm8l15x_tim3.o [1]
TIM3_CC_USART3_RX_IRQHandler
                        0x00bc95   0x86  Code  Gb  GPRS.o [1]
TIM3_ClearFlag          0x00d09e    0xd  Code  Gb  stm8l15x_tim3.o [1]
TIM3_Cmd                0x00d091    0xd  Code  Gb  stm8l15x_tim3.o [1]
TIM3_DeInit             0x00c0e7   0x65  Code  Gb  stm8l15x_tim3.o [1]
TIM3_GenerateEvent      0x00d136    0x7  Code  Gb  stm8l15x_tim3.o [1]
TIM3_GetITStatus        0x00ca56   0x29  Code  Gb  stm8l15x_tim3.o [1]
TIM3_ITConfig           0x00cf59   0x13  Code  Gb  stm8l15x_tim3.o [1]
TIM3_SetCounter         0x00d00d    0xf  Code  Gb  stm8l15x_tim3.o [1]
TIM3_TimeBaseInit       0x00ca2c   0x2a  Code  Gb  stm8l15x_tim3.o [1]
TIM3_UPD_OVF_TRG_BRK_USART3_TX_IRQHandler
                        0x00caa7   0x28  Code  Gb  MixChannel.o [1]
TIM4_UPD_OVF_TRG_IRQHandler
                        0x00d1a7    0x1  Code  Gb  stm8l15x_it.o [1]
TRAP_IRQHandler         0x00d193    0x1  Code  Gb  stm8l15x_it.o [1]
TempArray               0x00066b   0x50  Data  Gb  MixChannel.o [1]
TemputeratureDifferenceTable
                        0x00c14c   0x62  Data  Gb  MixChannel.o [1]
USART1_RX_TIM5_CC_IRQHandler
                        0x00d1aa    0x1  Code  Gb  stm8l15x_it.o [1]
USART1_TX_TIM5_UPD_OVF_TRG_BRK_IRQHandler
                        0x00d1a9    0x1  Code  Gb  stm8l15x_it.o [1]
USART_ClearITPendingBit
                        0x00d159    0x5  Code  Gb  stm8l15x_usart.o [1]
USART_Cmd               0x00cc63   0x21  Code  Gb  stm8l15x_usart.o [1]
USART_DeInit            0x00c853   0x3e  Code  Gb  stm8l15x_usart.o [1]
USART_GetFlagStatus     0x00cc20   0x22  Code  Gb  stm8l15x_usart.o [1]
USART_GetITStatus       0x00b643   0xa9  Code  Gb  stm8l15x_usart.o [1]
USART_ITConfig          0x00b8b9   0x95  Code  Gb  stm8l15x_usart.o [1]
USART_Init              0x00b1dc   0xd9  Code  Gb  stm8l15x_usart.o [1]
USART_ReceiveData8      0x00d17f    0x3  Code  Gb  stm8l15x_usart.o [1]
USART_SendData8         0x00d182    0x3  Code  Gb  stm8l15x_usart.o [1]
WWDG_SWReset            0x00d15e    0x5  Code  Gb  stm8l15x_wwdg.o [1]
WinAddressSetProc       0x00cfb5   0x12  Code  Gb  Window.o [1]
WinChannelSetProc       0x00cfa3   0x12  Code  Gb  Window.o [1]
WinDesktopProc          0x00c556   0x50  Code  Gb  Window.o [1]
WinMenuProc             0x00cf7f   0x12  Code  Gb  Window.o [1]
WinMsg                  0x000803    0x1  Data  Lc  main.o [1]
WinPasswordProc         0x00cf91   0x12  Code  Gb  Window.o [1]
WinReStartProc          0x00cfd9   0x12  Code  Gb  Window.o [1]
WinSelfCheckProc        0x00cfc7   0x12  Code  Gb  Window.o [1]
WriteFlashParameter     0x00b5ef   0x54  Code  Gb  FLASH.o [1]
_LitobSmall             0x00aa38  0x171  Code  Lc  xprintfsmall.o [4]
_PrintfSmall            0x00909a  0x391  Code  Gb  xprintfsmall.o [4]
_Prout                  0x00cdb5   0x19  Code  Gb  xprout.o [4]
_PutcharSmall           0x00c9a5   0x2f  Code  Lc  xprintfsmall.o [4]
_PutcharsSmall          0x00c93d   0x35  Code  Lc  xprintfsmall.o [4]
__DebugBreak            0x00d1ac    0x1  Code  Gb  __dbg_break.o [3]
__exit                  0x00cee6   0x14  Code  Gb  __dbg_xxexit.o [3]
__iar_Memchr            0x00ce94   0x15  Code  Gb  memchr.o [4]
__iar_Strchr            0x00cea9   0x15  Code  Gb  strchr.o [4]
__iar_copy_init2        0x00cacf         Code  Gb  init_small.o [4]
__iar_data_init2        0x00cde6   0x17  Code  Gb  init.o [4]
__iar_program_start     0x00cf6c         Code  Gb  cstartup.o [4]
__iar_unhandled_exception
                        0x00d18e         Code  Gb  unhandled_exception.o [4]
__iar_zero_init2        0x00cd14         Code  Gb  init_small.o [4]
__intvec                0x008000         Data  Gb  interrupt.o [4]
__low_level_init        0x00d188    0x3  Code  Gb  low_level_init.o [4]
__write                 0x00c6c8   0x45  Code  Gb  uart.o [1]
_exit                   0x00d168         Code  Gb  cexit.o [4]
_interrupt_1            0x00d193         Code  Gb  stm8l15x_it.o [1]
_interrupt_10           0x00d19a         Code  Gb  stm8l15x_it.o [1]
_interrupt_11           0x00d19b         Code  Gb  stm8l15x_it.o [1]
_interrupt_12           0x00d19c         Code  Gb  stm8l15x_it.o [1]
_interrupt_13           0x00d19d         Code  Gb  stm8l15x_it.o [1]
_interrupt_14           0x00d19e         Code  Gb  stm8l15x_it.o [1]
_interrupt_15           0x00d19f         Code  Gb  stm8l15x_it.o [1]
_interrupt_16           0x00d1a0         Code  Gb  stm8l15x_it.o [1]
_interrupt_17           0x00d1a1         Code  Gb  stm8l15x_it.o [1]
_interrupt_18           0x00d1a2         Code  Gb  stm8l15x_it.o [1]
_interrupt_19           0x00d1a3         Code  Gb  stm8l15x_it.o [1]
_interrupt_20           0x00d1a4         Code  Gb  stm8l15x_it.o [1]
_interrupt_22           0x00d1a5         Code  Gb  stm8l15x_it.o [1]
_interrupt_23           0x00caa7         Code  Gb  MixChannel.o [1]
_interrupt_24           0x00bc95         Code  Gb  GPRS.o [1]
_interrupt_25           0x00cbdb         Code  Gb  stm8l15x_it.o [1]
_interrupt_26           0x00d1a6         Code  Gb  stm8l15x_it.o [1]
_interrupt_27           0x00d1a7         Code  Gb  stm8l15x_it.o [1]
_interrupt_28           0x00d1a8         Code  Gb  stm8l15x_it.o [1]
_interrupt_29           0x00d1a9         Code  Gb  stm8l15x_it.o [1]
_interrupt_3            0x00d194         Code  Gb  stm8l15x_it.o [1]
_interrupt_30           0x00d1aa         Code  Gb  stm8l15x_it.o [1]
_interrupt_31           0x00d1ab         Code  Gb  stm8l15x_it.o [1]
_interrupt_4            0x00cb1e         Code  Gb  MixChannel.o [1]
_interrupt_5            0x00d195         Code  Gb  stm8l15x_it.o [1]
_interrupt_6            0x00d196         Code  Gb  stm8l15x_it.o [1]
_interrupt_7            0x00d197         Code  Gb  stm8l15x_it.o [1]
_interrupt_8            0x00d198         Code  Gb  stm8l15x_it.o [1]
_interrupt_9            0x00d199         Code  Gb  stm8l15x_it.o [1]
archContextSwitch       0x00c2bb         Code  Gb  atomport-asm-iar.o [1]
archFirstThreadRestore  0x00c2f8         Code  Gb  atomport-asm-iar.o [1]
archInitSystemTickTimer
                        0x00caf7   0x27  Code  Gb  atomport.o [1]
archThreadContextInit   0x00c367   0x54  Code  Gb  atomport.o [1]
atomCurrentContext      0x00d0b8    0xc  Code  Gb  atomkernel.o [1]
atomIdleThread          0x00d191    0x2  Code  Lc  atomkernel.o [1]
atomIntCnt              0x0007f8    0x2  Data  Lc  atomkernel.o [1]
atomIntEnter            0x00a132    0x8  Code  Gb  atomkernel.o [1]
atomIntExit             0x00a128    0xa  Code  Gb  atomkernel.o [1]
atomMutexCreate         0x00ccf6   0x1e  Code  Gb  atommutex.o [1]
atomMutexGet            0x00a8c6  0x172  Code  Gb  atommutex.o [1]
atomMutexPut            0x00ae29   0xfd  Code  Gb  atommutex.o [1]
atomMutexTimerCallback  0x00c3bb   0x53  Code  Lc  atommutex.o [1]
atomOSInit              0x00cb6c   0x25  Code  Gb  atomkernel.o [1]
atomOSStart             0x00ce29   0x16  Code  Gb  atomkernel.o [1]
atomOSStarted           0x0007fc    0x1  Data  Gb  atomkernel.o [1]
atomQueueCreate         0x00ba71   0x8c  Code  Gb  atomqueue.o [1]
atomQueueGet            0x00a464  0x17b  Code  Gb  atomqueue.o [1]
atomQueuePut            0x00a753  0x173  Code  Gb  atomqueue.o [1]
atomQueueTimerCallback  0x00c40e   0x53  Code  Lc  atomqueue.o [1]
atomSched               0x00a255   0x91  Code  Gb  atomkernel.o [1]
atomSemCreate           0x00cefa   0x13  Code  Gb  atomsem.o [1]
atomSemGet              0x00acf8  0x131  Code  Gb  atomsem.o [1]
atomSemPut              0x00b376   0xbe  Code  Gb  atomsem.o [1]
atomSemResetCount       0x00d0c4    0xc  Code  Gb  atomsem.o [1]
atomSemTimerCallback    0x00c461   0x53  Code  Lc  atomsem.o [1]
atomThreadCreate        0x00a13a   0xfa  Code  Gb  atomkernel.o [1]
atomThreadSwitch        0x00a234   0x21  Code  Lc  atomkernel.o [1]
atomTimerCallbacks      0x00bd1b   0x84  Code  Lc  atomtimer.o [1]
atomTimerCancel         0x00c4b4   0x51  Code  Gb  atomtimer.o [1]
atomTimerDelay          0x00b9e1   0x90  Code  Gb  atomtimer.o [1]
atomTimerDelayCallback  0x00ca7f   0x28  Code  Lc  atomtimer.o [1]
atomTimerRegister       0x00c1ae   0x5a  Code  Gb  atomtimer.o [1]
atomTimerTick           0x00cd69   0x1a  Code  Gb  atomtimer.o [1]
curr_tcb                0x0007f6    0x2  Data  Lc  atomkernel.o [1]
exit                    0x00d18b    0x3  Code  Gb  exit.o [4]
idle_tcb                0x00071b   0x17  Data  Lc  atomkernel.o [1]
idle_thread_stack       0x00059b   0x80  Data  Lc  main.o [1]
isForwardAlarm          0x009b79  0x1fe  Code  Gb  MixChannel.o [1]
main                    0x00bf9a   0x73  Code  Gb  main.o [1]
main_thread_stack       0x00031b  0x100  Data  Lc  main.o [1]
memcpy                  0x00cbb6   0x25  Code  Gb  memcpy.o [4]
pad                     0x00c906   0x37  Code  Lc  xprintfsmall.o [4]
printf                  0x00ccb7   0x20  Code  Gb  printf.o [4]
putchar                 0x00ca01   0x2b  Code  Gb  putchar.o [4]
queue_insert            0x00b00f   0xe7  Code  Lc  atomqueue.o [1]
queue_remove            0x00b0f6   0xe6  Code  Lc  atomqueue.o [1]
strlen                  0x00cfeb   0x12  Code  Gb  strlen.o [4]
system_ticks            0x0007da    0x4  Data  Lc  atomtimer.o [1]
tcbDequeueEntry         0x00b434   0xb7  Code  Gb  atomkernel.o [1]
tcbDequeueHead          0x00c313   0x54  Code  Gb  atomkernel.o [1]
tcbDequeuePriority      0x00c262   0x59  Code  Gb  atomkernel.o [1]
tcbEnqueuePriority      0x00b94e   0x93  Code  Gb  atomkernel.o [1]
tcbReadyQ               0x0007f4    0x2  Data  Gb  atomkernel.o [1]
temperature             0x00942b  0x2ac  Data  Gb  MixChannel.o [1]
thread_shell            0x00cbfe   0x22  Code  Lc  atomport.o [1]
timer_queue             0x0007fa    0x2  Data  Lc  atomtimer.o [1]
uart_init               0x00c682   0x46  Code  Gb  uart.o [1]
uart_mutex              0x0007d5    0x5  Data  Lc  uart.o [1]
uart_putchar            0x00c751   0x42  Code  Gb  uart.o [1]


[1] = E:\SVN\Research\Personal\wangjinlong\SoftWare\Debug\Obj
[2] = command line
[3] = dbgstm8smd.a
[4] = dlstm8smn.a

  19 549 bytes of readonly  code memory
   1 371 bytes of readonly  data memory
   2 311 bytes of readwrite data memory

Errors: none
Warnings: none
